01-23 01:06:09.271  1863  1976 D VoldConnector: SND -> {31 asec list}
01-23 01:06:09.360   264   290 V vold    : /dev/block/vold/public:179_33: UUID="B780-11A6" TYPE="vfat" 
01-23 01:06:09.362   264   290 V vold    : /system/bin/fsck_msdos
01-23 01:06:09.362   264   290 V vold    :     -p
01-23 01:06:09.362   264   290 V vold    :     -f
01-23 01:06:09.362   264   290 V vold    :     /dev/block/vold/public:179_33
01-23 01:06:09.363  1863  2368 D VoldConnector: RCV <- {652 public:179_33 vfat}
01-23 01:06:09.363  1863  2368 D VoldConnector: RCV <- {653 public:179_33 B780-11A6}
01-23 01:06:09.363  1863  2368 D VoldConnector: RCV <- {654 public:179_33 sdcard1}
01-23 01:06:09.363  1863  2368 D VoldConnector: RCV <- {656 public:179_33 /mnt/media_rw/B780-11A6}
01-23 01:06:09.364  1863  2368 D VoldConnector: RCV <- {655 public:179_33 /storage/B780-11A6}
01-23 01:06:09.388  3975  3975 D fsck_msdos: sectors Per cluster :32 
01-23 01:06:09.388  3975  3975 D fsck_msdos: boot->ClusterOffset :19722 
01-23 01:06:09.388  3975  3975 I fsck_msdos: FAT32 Filesystem
01-23 01:06:09.388  3975  3975 D fsck_msdos: Using cluster_chain_descriptor
01-23 01:06:09.388  3975  3975 I fsck_msdos: Total clusters 1263849 
01-23 01:06:09.676  3975  3975 I fsck_msdos: ** Phase 2 - Check Cluster Chains 
01-23 01:06:09.676  3975  3975 I fsck_msdos: Begin to handle the cluster chain
01-23 01:06:09.705  1863  1965 E NetdConnector: NDC Command {2 bandwidth enable} took too long (866ms)
01-23 01:06:09.811  1863  3828 W AppWidgetServiceImpl: Failed to read state: java.io.FileNotFoundException: /data/system/users/0/appwidgets.xml: open failed: ENOENT (No such file or directory)
01-23 01:06:09.812  1863  3828 V AppWidgetServiceImpl: Upgrading widget database from 0 to 1
01-23 01:06:09.870  3975  3975 D fsck_msdos: rootDir->head :2
01-23 01:06:10.015  3975  3975 D fsck_msdos: Verify Filesystem information
01-23 01:06:10.015  3975  3975 W fsck_msdos: 726 files, 159520 free (1058546 clusters)
01-23 01:06:10.015  3975  3975 I fsck_msdos: free_rb_tree 
01-23 01:06:10.015  3975  3975 I fsck_msdos: free_fragment_tree
01-23 01:06:10.015  3975  3975 I fsck_msdos: free_fragment_tree
01-23 01:06:10.015  3975  3975 I fsck_msdos: free_fragment_tree: rb_tree is empty 
01-23 01:06:10.057   264   290 I Vold    : Filesystem check completed OK
01-23 01:06:10.069   264   290 V vold    : Waiting for FUSE to spin up...
01-23 01:06:10.119   264   290 V vold    : Waiting for FUSE to spin up...
01-23 01:06:10.170  1863  2368 D VoldConnector: RCV <- {651 public:179_33 2}
01-23 01:06:10.170  1863  2368 D VoldConnector: RCV <- {200 30 Command succeeded}
01-23 01:06:10.171  1863  2367 E VoldConnector: NDC Command {30 volume mount public:179_33 2 0} took too long (958ms)
01-23 01:06:10.172  1863  2367 D VoldConnector: SND -> {32 volume mount public:179_34 2 0}
01-23 01:06:10.189   264   290 V vold    : /system/bin/blkid
01-23 01:06:10.189   264   290 V vold    :     -c
01-23 01:06:10.190   264   290 V vold    :     /dev/null
01-23 01:06:10.190   264   290 V vold    :     -s
01-23 01:06:10.190   264   290 V vold    :     TYPE
01-23 01:06:10.190   264   290 V vold    :     -s
01-23 01:06:10.190   264   290 V vold    :     UUID
01-23 01:06:10.190   264   290 V vold    :     -s
01-23 01:06:10.190   264   290 V vold    :     LABEL
01-23 01:06:10.190   264   290 V vold    :     /dev/block/vold/public:179_34
01-23 01:06:10.190  1863  2368 D VoldConnector: RCV <- {200 31 asec operation succeeded}
01-23 01:06:10.190  1863  2368 D VoldConnector: RCV <- {651 public:179_34 1}
01-23 01:06:10.191  1863  1976 E VoldConnector: NDC Command {31 asec list} took too long (920ms)
01-23 01:06:10.255  1863  1976 W PackageManager: Not granting permission com.google.android.googleapps.permission.GOOGLE_AUTH to package com.android.providers.calendar (protectionLevel=2 flags=0x30883e45)
01-23 01:06:10.255  1863  1976 W PackageManager: Not granting permission com.google.android.googleapps.permission.GOOGLE_AUTH.cl to package com.android.providers.calendar (protectionLevel=2 flags=0x30883e45)
01-23 01:06:10.256  1863  1976 W PackageManager: Not granting permission android.permission.REAL_GET_TASKS to package org.cyanogenmod.wallpapers.photophase (protectionLevel=18 flags=0x3898be45)
01-23 01:06:10.257  1863  1976 W PackageManager: Not granting permission android.permission.ACCESS_DOWNLOAD_MANAGER to package com.android.browser (protectionLevel=18 flags=0x38c9be45)
01-23 01:06:10.263  1863  1976 W PackageManager: Not granting permission android.permission.SEND_DOWNLOAD_COMPLETED_INTENTS to package com.android.browser (protectionLevel=2 flags=0x38c9be45)
01-23 01:06:10.264  1863  1976 W PackageManager: Not granting permission android.permission.WRITE_MEDIA_STORAGE to package com.android.soundrecorder (protectionLevel=18 flags=0x3088be45)
01-23 01:06:10.264  1863  1976 W PackageManager: Not granting permission android.permission.CAPTURE_AUDIO_OUTPUT to package com.android.soundrecorder (protectionLevel=18 flags=0x3088be45)
01-23 01:06:10.264  1863  1976 W PackageManager: Unknown permission com.cyngn.stats.SEND_ANALYTICS in package com.cyanogenmod.setupwizard
01-23 01:06:10.264  1863  1976 W PackageManager: Unknown permission com.cyanogen.permission.REQUEST_KILL_SWITCH_OP in package com.cyanogenmod.setupwizard
01-23 01:06:10.265  1863  1976 W PackageManager: Not granting permission android.permission.SEND_DOWNLOAD_COMPLETED_INTENTS to package com.android.vending (protectionLevel=2 flags=0x38cabe45)
01-23 01:06:10.265  1863  1976 W PackageManager: Unknown permission android.permission.SEND_SMS_NO_CONFIRMATION in package com.android.vending
01-23 01:06:10.272  1863  1976 W PackageManager: Unknown permission com.android.permission.WHITELIST_BLUETOOTH_DEVICE in package com.android.nfc
01-23 01:06:10.273  1863  1976 W PackageManager: Not granting permission com.google.android.googleapps.permission.GOOGLE_AUTH.mail to package com.android.calendar (protectionLevel=2 flags=0x30c9be45)
01-23 01:06:10.273  1863  1976 W PackageManager: Unknown permission android.permission.READ_OWNER_DATA in package com.google.android.setupwizard
01-23 01:06:10.273  1863  1976 W PackageManager: Unknown permission android.permission.WRITE_OWNER_DATA in package com.google.android.setupwizard
01-23 01:06:10.273  1863  1976 W PackageManager: Unknown permission com.google.android.apps.now.OPT_IN_WIZARD in package com.google.android.setupwizard
01-23 01:06:10.275  1863  1976 W PackageManager: Not granting permission android.permission.INTERACT_ACROSS_USERS to package com.google.android.syncadapters.contacts (protectionLevel=50 flags=0x38883e45)
01-23 01:06:10.276  1863  1976 W PackageManager: Unknown permission com.android.launcher.permission.READ_SETTINGS in package com.cyanogenmod.trebuchet
01-23 01:06:10.277  1863  1976 W PackageManager: Unknown permission com.android.launcher.permission.WRITE_SETTINGS in package com.cyanogenmod.trebuchet
01-23 01:06:10.277  1863  1976 W PackageManager: Unknown permission com.cyngn.stats.SEND_ANALYTICS in package com.cyanogenmod.trebuchet
01-23 01:06:10.278  1863  1976 W PackageManager: Unknown permission com.google.android.apps.enterprise.dmagent.permission.AutoSyncPermission in package com.google.android.gms
01-23 01:06:10.279  1863  1976 W PackageManager: Unknown permission com.google.android.googlequicksearchbox.permission.PAUSE_HOTWORD in package com.google.android.gms
01-23 01:06:10.279  1863  1976 W PackageManager: Unknown permission com.google.android.hangouts.START_HANGOUT in package com.google.android.gms
01-23 01:06:10.279  1863  1976 W PackageManager: Unknown permission com.google.android.wearable.READ_SETTINGS in package com.google.android.gms
01-23 01:06:10.280  1863  1976 W PackageManager: Unknown permission com.google.android.launcher.permission.RECEIVE_LAUNCH_BROADCASTS in package com.google.android.gms
01-23 01:06:10.280  1863  1976 W PackageManager: Unknown permission com.google.android.gm.permission.READ_GMAIL in package com.google.android.gms
01-23 01:06:10.282  1863  1976 W PackageManager: Unknown permission com.android.launcher.permission.PRELOAD_WORKSPACE in package com.google.android.partnersetup
01-23 01:06:10.282  1863  1976 W PackageManager: Unknown permission android.permission.CANCEL_NOTIFICATIONS in package org.cyanogenmod.theme.chooser
01-23 01:06:10.282  1863  1976 W PackageManager: Not granting permission android.permission.DELETE_PACKAGES to package com.svox.pico (protectionLevel=18 flags=0x3888be45)
01-23 01:06:10.282   264   290 V vold    : /dev/block/vold/public:179_34: UUID="d440b144-9519-404b-a098-c6ee808391ab" TYPE="ext2" 
01-23 01:06:10.282  1863  1976 W PackageManager: Unknown permission android.permission.ACCESS_SUPERUSER in package com.cyanogenmod.filemanager
01-23 01:06:10.282  1863  1976 W PackageManager: Unknown permission com.cyanogenmod.filemanager.permissions.READ_THEME in package com.cyanogenmod.filemanager
01-23 01:06:10.283  1863  2368 D VoldConnector: RCV <- {652 public:179_34 ext2}
01-23 01:06:10.283  1863  2368 D VoldConnector: RCV <- {653 public:179_34 d440b144-9519-404b-a098-c6ee808391ab}
01-23 01:06:10.283  1863  2368 D VoldConnector: RCV <- {654 public:179_34 sdcard1}
01-23 01:06:10.283  1863  2368 D VoldConnector: RCV <- {656 public:179_34 /mnt/media_rw/d440b144-9519-404b-a098-c6ee808391ab}
01-23 01:06:10.286   264   290 W vold    : public:179_34 unsupported filesystem check, skipping
01-23 01:06:10.286  1863  2368 D VoldConnector: RCV <- {655 public:179_34 /storage/d440b144-9519-404b-a098-c6ee808391ab}
01-23 01:06:10.291  1863  1976 W PackageManager: Unknown permission com.google.android.gallery3d.permission.PICASA_STORE in package com.android.dreams.phototable
01-23 01:06:10.292  1863  1976 W PackageManager: Not granting permission android.permission.CONTROL_KEYGUARD to package com.google.android.gsf.login (protectionLevel=2 flags=0x30c8be45)
01-23 01:06:10.296  1863  1976 W PackageManager: Unknown permission com.android.vending.billing.IBillingAccountService.BIND2 in package com.google.android.gsf.login
01-23 01:06:10.296  1863  1976 W PackageManager: Unknown permission com.android.chrome.TOS_ACKED in package com.google.android.gsf.login
01-23 01:06:10.298  1863  1976 W PackageManager: Unknown permission com.android.launcher.permission.READ_SETTINGS in package com.android.settings
01-23 01:06:10.298  1863  1976 W PackageManager: Unknown permission com.android.launcher.permission.WRITE_SETTINGS in package com.android.settings
01-23 01:06:10.299  1863  1976 W PackageManager: Not granting permission android.permission.REAL_GET_TASKS to package com.cyanogenmod.eleven (protectionLevel=18 flags=0x3898be65)
01-23 01:06:10.314  1863  1976 W PackageManager: Unknown permission android.permission.ACCESS_BLUETOOTH_AVRCP_CT_DATA in package com.android.systemui
01-23 01:06:10.315  1863  1976 W PackageManager: Unknown permission android.permission.HARDWARE_ABSTRACTION_ACCESS in package com.android.systemui
01-23 01:06:10.581   264   290 V vold    : Waiting for FUSE to spin up...
01-23 01:06:10.632  1863  2368 D VoldConnector: RCV <- {651 public:179_34 2}
01-23 01:06:10.632  1863  2368 D VoldConnector: RCV <- {200 32 Command succeeded}
01-23 01:06:10.765  1863  1863 D ZenLog  : disable_effects: -1|com.android.systemui|1397773634|public:179_33|10018,booleanState
01-23 01:06:10.781  1863  1976 D VoldConnector: SND -> {33 asec list}
01-23 01:06:10.792  1863  2368 D VoldConnector: RCV <- {200 33 asec operation succeeded}
01-23 01:06:10.802  1863  1863 D ZenLog  : disable_effects: -1|com.android.systemui|1397773634|public:179_34|10018,booleanState
01-23 01:06:10.991  1863  3828 I StatusBarManagerService: registerStatusBar bar=com.android.internal.statusbar.IStatusBar$Stub$Proxy@14d27ad
01-23 01:06:11.282  1863  3635 D WifiService: New client listening to asynchronous messages
01-23 01:06:11.361  1863  1965 E NetdConnector: NDC Command {3 strict enable} took too long (1655ms)
01-23 01:06:11.649  1863  1965 I SystemServiceManager: Starting phase 600
01-23 01:06:11.709  1863  1965 I BackupManagerService: Backup enabled => false
01-23 01:06:11.731  1863  1965 E InputMethodManagerService: Ignoring updateSystemUiLocked due to an invalid token. uid:1000 token:null
01-23 01:06:11.751  1863  1965 W InputMethodManagerService: Reset the default IME as "Resource" is ready here.
01-23 01:06:11.757  1863  1962 D ConnectivityService: listenForNetwork for Listen from uid/pid:10018/3859 for NetworkRequest [ id=3, legacyType=-1, [] ]
01-23 01:06:11.765  1863  1965 I InputMethodManagerService: Selected default: com.android.inputmethod.latin/.LatinIME
01-23 01:06:11.799  1863  1965 I ActivityManager: Start proc 4342:com.android.inputmethod.latin/u0a49 for service com.android.inputmethod.latin/.LatinIME
01-23 01:06:11.799  1863  1965 V InputMethodManagerService: Adding window token: android.os.Binder@146a0c
01-23 01:06:11.800  1863  1863 W InputMethodManagerService: Illegal subtype state: old subtype = null, new subtype = android.view.inputmethod.InputMethodSubtype@c9194f98
01-23 01:06:11.817  1863  3661 V KeyValueBackupJob: Scheduling k/v pass in 249 minutes
01-23 01:06:11.851  1863  1966 I ActivityManager: Config changes=20 {1.0 ?mcc?mnc en_US ldltr sw360dp w360dp h568dp 320dpi nrml port finger -keyb/v/h -nav/h s.6 themeResource=null}
01-23 01:06:11.920  1863  1965 E LocationManagerService: FLP HAL not supported
01-23 01:06:11.952  1863  1965 E LocationManagerService: Hardware Activity-Recognition not supported.
01-23 01:06:12.020  1863  1863 V WiredAccessoryManager: notifyWiredAccessoryChanged: when=0 bits= mask=54
01-23 01:06:12.020  1863  1863 V WiredAccessoryManager: newName=h2w newState=0 headsetState=0 prev headsetState=0
01-23 01:06:12.020  1863  1863 V WiredAccessoryManager: init()
01-23 01:06:12.026  1863  1965 I MmsServiceBroker: Delay connecting to MmsService until an API is called
01-23 01:06:12.109  1863  1965 I ActivityManager: Start proc 4363:org.cyanogenmod.themes.provider/u0a20 for content provider org.cyanogenmod.themes.provider/.ThemesProvider
01-23 01:06:12.147  1863  3760 I ActivityManager: Start proc 4369:com.cyanogenmod.lockclock/u0a52 for content provider com.cyanogenmod.lockclock/.weather.WeatherContentProvider
01-23 01:06:12.216  1863  3827 I ActivityManager: Start proc 4386:com.android.exchange/u0a44 for content provider com.android.exchange/.provider.ExchangeDirectoryProvider
01-23 01:06:12.749  1863  1962 I ActivityManager: Start proc 4438:com.android.email/u0a42 for content provider com.android.email/.provider.EmailProvider
01-23 01:06:12.774  1863  1965 D MountService: onStartUser 0
01-23 01:06:12.774  1863  1965 D VoldConnector: SND -> {34 volume user_started 0}
01-23 01:06:12.774   264   290 D vold    : Linking /storage/8A8E-A42B to /mnt/user/0/primary
01-23 01:06:12.774  1863  2368 D VoldConnector: RCV <- {200 34 Command succeeded}
01-23 01:06:12.775  1863  1965 W VoiceInteractionManagerService: no available voice interaction services found for user 0
01-23 01:06:12.775  1863  1965 W VoiceInteractionManagerService: no available voice recognition services found for user 0
01-23 01:06:12.777  1863  2367 D MountService: Volume public:179_15 broadcasting mounted to UserHandle{0}
01-23 01:06:12.787  1863  1965 I ActivityManager: Start proc 4449:org.cyanogenmod.audiofx/u0a0 for added application org.cyanogenmod.audiofx
01-23 01:06:12.837  1863  1965 I ActivityManager: Start proc 4463:com.android.phone/1001 for added application com.android.phone
01-23 01:06:12.839  1863  1965 I ActivityManager: START u0 {act=android.intent.action.MAIN cat=[android.intent.category.HOME] flg=0x10000000 cmp=com.android.settings/.CryptKeeper} from uid 0 on display 0
01-23 01:06:12.898  1863  1965 I ActivityManager: Start proc 4484:com.android.settings:CryptKeeper/1000 for activity com.android.settings/.CryptKeeper
01-23 01:06:12.973  1863  2367 D MountService: Volume public:179_33 broadcasting mounted to UserHandle{0}
01-23 01:06:12.973  1863  2367 D MountService: Volume public:179_34 broadcasting mounted to UserHandle{0}
01-23 01:06:12.999  1863  1964 I ActivityManager: Start proc 4514:com.android.printspooler/u0a59 for service com.android.printspooler/.model.PrintSpoolerService
01-23 01:06:13.092  1863  1965 I ActivityManager: Start proc 4528:com.android.externalstorage/u0a10 for broadcast com.android.externalstorage/.MountReceiver
01-23 01:06:13.093  1863  1965 I ActivityManager: Force stopping com.android.providers.media appid=10009 user=-1: vold reset
01-23 01:06:13.416  1863  3826 I ActivityManager: Start proc 4565:com.google.process.gapps/u0a68 for content provider com.google.android.syncadapters.contacts/.GalProvider
01-23 01:06:13.499  1863  1965 I ActivityManager: Start proc 4590:com.cyanogenmod.eleven/u0a41 for broadcast com.cyanogenmod.eleven/.MediaButtonIntentReceiver
01-23 01:06:13.549  1863  4534 I ActivityManager: START u0 {act=android.intent.action.MAIN cat=[android.intent.category.HOME] flg=0x10000000 cmp=com.cyanogenmod.setupwizard/.ui.SetupWizardActivity} from uid 0 on display 0
01-23 01:06:13.592  1863  4534 I ActivityManager: Start proc 4603:com.cyanogenmod.setupwizard/1000 for activity com.cyanogenmod.setupwizard/.ui.SetupWizardActivity
01-23 01:06:13.763  1863  3737 I ActivityManager: Start proc 4618:com.google.process.gapps/u0a12 for content provider com.google.android.gsf/.gservices.GservicesProvider
01-23 01:06:13.840  1863  4397 I ActivityManager: Start proc 4633:com.cyanogenmod.eleven:main/u0a41 for service com.cyanogenmod.eleven/.MusicPlaybackService
01-23 01:06:13.942  4438  4438 D ActivityThread: Loading provider com.android.email.provider;com.android.email.notifier: com.android.email.provider.EmailProvider
01-23 01:06:13.944  4438  4623 D ActivityThread: Loading provider com.android.email.provider;com.android.email.notifier: com.android.email.provider.EmailProvider
01-23 01:06:14.148  4438  4647 D ActivityThread: Loading provider com.android.email.provider;com.android.email.notifier: com.android.email.provider.EmailProvider
01-23 01:06:14.164  1863  3635 D WifiService: New client listening to asynchronous messages
01-23 01:06:14.308  1863  4515 I ActivityManager: Start proc 4657:android.process.media/u0a9 for content provider com.android.providers.media/.MediaProvider
01-23 01:06:14.501  4603  4603 W ContextImpl: Calling a method in the system process without a qualified user: android.app.ContextImpl.bindService:1297 android.content.ContextWrapper.bindService:610 android.speech.tts.TextToSpeech.connectToEngine:800 android.speech.tts.TextToSpeech.initTts:770 android.speech.tts.TextToSpeech.<init>:723 
01-23 01:06:14.534  1863  4534 I ActivityManager: Start proc 4676:com.google.android.tts/u0a70 for service com.google.android.tts/.service.GoogleTTSService
01-23 01:06:14.933  1863  1976 I ActivityManager:   Force finishing activity ActivityRecord{a030126 u0 com.android.settings/.CryptKeeper t1 f}
01-23 01:06:14.933  1863  1976 W ActivityManager: Duplicate finish request for ActivityRecord{a030126 u0 com.android.settings/.CryptKeeper t1 f}
01-23 01:06:14.993  1863  4534 W ActivityManager: Wtf, activity ActivityRecord{a030126 u0 com.android.settings/.CryptKeeper t1 f} in proc activity list not using proc ProcessRecord{f0a7fa9 4484:com.android.settings:CryptKeeper/1000}?!? Using null instead.
01-23 01:06:15.001  1863  4480 W ActivityManager: Wtf, activity ActivityRecord{a030126 u0 com.android.settings/.CryptKeeper t1 f} in proc activity list not using proc ProcessRecord{f0a7fa9 4484:com.android.settings:CryptKeeper/1000}?!? Using null instead.
01-23 01:06:15.005  1863  4480 W ActivityManager: Wtf, activity ActivityRecord{a030126 u0 com.android.settings/.CryptKeeper t1 f} in proc activity list not using proc ProcessRecord{f0a7fa9 4484:com.android.settings:CryptKeeper/1000}?!? Using null instead.
01-23 01:06:15.025  1863  3828 D VoldConnector: SND -> {35 volume mkdirs /storage/d440b144-9519-404b-a098-c6ee808391ab/Android/data/com.cyanogenmod.eleven/cache/}
01-23 01:06:15.027  1863  2368 D VoldConnector: RCV <- {400 35 Command failed}
01-23 01:06:15.064  1863  3738 W ActivityManager: Wtf, activity ActivityRecord{a030126 u0 com.android.settings/.CryptKeeper t1 f} in proc activity list not using proc ProcessRecord{f0a7fa9 4484:com.android.settings:CryptKeeper/1000}?!? Using null instead.
01-23 01:06:15.064  1863  3738 W ActivityManager: Wtf, activity ActivityRecord{a030126 u0 com.android.settings/.CryptKeeper t1 f} in proc activity list not using proc ProcessRecord{f0a7fa9 4484:com.android.settings:CryptKeeper/1000}?!? Using null instead.
01-23 01:06:15.093  1863  4534 W ActivityManager: Wtf, activity ActivityRecord{a030126 u0 com.android.settings/.CryptKeeper t1 f} in proc activity list not using proc ProcessRecord{f0a7fa9 4484:com.android.settings:CryptKeeper/1000}?!? Using null instead.
01-23 01:06:15.116  1863  3631 I ActivityManager: Start proc 4697:com.google.android.gms.persistent/u0a12 for broadcast com.google.android.gms/com.google.android.location.internal.NlpNetworkProviderSettingsUpdateReceiver
01-23 01:06:15.124  1863  3631 W ActivityManager: Wtf, activity ActivityRecord{a030126 u0 com.android.settings/.CryptKeeper t1 f} in proc activity list not using proc ProcessRecord{f0a7fa9 4484:com.android.settings:CryptKeeper/1000}?!? Using null instead.
01-23 01:06:15.180  1863  3738 W ActivityManager: Wtf, activity ActivityRecord{a030126 u0 com.android.settings/.CryptKeeper t1 f} in proc activity list not using proc ProcessRecord{f0a7fa9 4484:com.android.settings:CryptKeeper/1000}?!? Using null instead.
01-23 01:06:15.306  1863  4521 D VoldConnector: SND -> {36 volume mkdirs /storage/d440b144-9519-404b-a098-c6ee808391ab/Android/data/com.cyanogenmod.eleven/cache/}
01-23 01:06:15.320  1863  2368 D VoldConnector: RCV <- {400 36 Command failed}
01-23 01:06:15.327  1863  4397 W ActivityManager: Wtf, activity ActivityRecord{a030126 u0 com.android.settings/.CryptKeeper t1 f} in proc activity list not using proc ProcessRecord{f0a7fa9 4484:com.android.settings:CryptKeeper/1000}?!? Using null instead.
01-23 01:06:15.335  1863  4397 W ActivityManager: Wtf, activity ActivityRecord{a030126 u0 com.android.settings/.CryptKeeper t1 f} in proc activity list not using proc ProcessRecord{f0a7fa9 4484:com.android.settings:CryptKeeper/1000}?!? Using null instead.
01-23 01:06:15.354  1863  4397 W ActivityManager: Wtf, activity ActivityRecord{a030126 u0 com.android.settings/.CryptKeeper t1 f} in proc activity list not using proc ProcessRecord{f0a7fa9 4484:com.android.settings:CryptKeeper/1000}?!? Using null instead.
01-23 01:06:15.355  1863  4397 W ActivityManager: Wtf, activity ActivityRecord{a030126 u0 com.android.settings/.CryptKeeper t1 f} in proc activity list not using proc ProcessRecord{f0a7fa9 4484:com.android.settings:CryptKeeper/1000}?!? Using null instead.
01-23 01:06:15.356  1863  4397 W ActivityManager: Wtf, activity ActivityRecord{a030126 u0 com.android.settings/.CryptKeeper t1 f} in proc activity list not using proc ProcessRecord{f0a7fa9 4484:com.android.settings:CryptKeeper/1000}?!? Using null instead.
01-23 01:06:15.357  1863  4397 W ActivityManager: Wtf, activity ActivityRecord{a030126 u0 com.android.settings/.CryptKeeper t1 f} in proc activity list not using proc ProcessRecord{f0a7fa9 4484:com.android.settings:CryptKeeper/1000}?!? Using null instead.
01-23 01:06:16.023  1863  3828 W ActivityManager: Wtf, activity ActivityRecord{a030126 u0 com.android.settings/.CryptKeeper t1 f} in proc activity list not using proc ProcessRecord{f0a7fa9 4484:com.android.settings:CryptKeeper/1000}?!? Using null instead.
01-23 01:06:16.028  1863  1965 E ActivityManager: Unable to mark boot complete for abi: armeabi-v7a
01-23 01:06:16.029  1863  1965 I SystemServiceManager: Starting phase 1000
01-23 01:06:16.350  1863  1863 W ActivityManager: Wtf, activity ActivityRecord{a030126 u0 com.android.settings/.CryptKeeper t1 f} in proc activity list not using proc ProcessRecord{f0a7fa9 4484:com.android.settings:CryptKeeper/1000}?!? Using null instead.
01-23 01:06:16.360  1863  1965 W KeyguardServiceDelegate: onScreenTurningOn(): no keyguard service!
01-23 01:06:16.426  1863  3737 W ActivityManager: Wtf, activity ActivityRecord{a030126 u0 com.android.settings/.CryptKeeper t1 f} in proc activity list not using proc ProcessRecord{f0a7fa9 4484:com.android.settings:CryptKeeper/1000}?!? Using null instead.
01-23 01:06:16.565  1863  4480 W ActivityManager: Wtf, activity ActivityRecord{a030126 u0 com.android.settings/.CryptKeeper t1 f} in proc activity list not using proc ProcessRecord{f0a7fa9 4484:com.android.settings:CryptKeeper/1000}?!? Using null instead.
01-23 01:06:16.799  1863  1863 V BackupManagerService: Connected to transport ComponentInfo{com.google.android.gms/com.google.android.gms.backup.BackupTransportService}
01-23 01:06:16.800  1863  1863 V BackupManagerService: Registering transport com.google.android.gms/.backup.BackupTransportService::com.google.android.gms/.backup.BackupTransportService = com.android.internal.backup.IBackupTransport$Stub$Proxy@d048674
01-23 01:06:16.870  1863  4397 W ActivityManager: Wtf, activity ActivityRecord{a030126 u0 com.android.settings/.CryptKeeper t1 f} in proc activity list not using proc ProcessRecord{f0a7fa9 4484:com.android.settings:CryptKeeper/1000}?!? Using null instead.
01-23 01:06:17.009  1863  3737 W ActivityManager: Wtf, activity ActivityRecord{a030126 u0 com.android.settings/.CryptKeeper t1 f} in proc activity list not using proc ProcessRecord{f0a7fa9 4484:com.android.settings:CryptKeeper/1000}?!? Using null instead.
01-23 01:06:19.092  1863  3760 W ActivityManager: Wtf, activity ActivityRecord{a030126 u0 com.android.settings/.CryptKeeper t1 f} in proc activity list not using proc ProcessRecord{f0a7fa9 4484:com.android.settings:CryptKeeper/1000}?!? Using null instead.
01-23 01:06:21.980  1863  3760 W ActivityManager: Wtf, activity ActivityRecord{a030126 u0 com.android.settings/.CryptKeeper t1 f} in proc activity list not using proc ProcessRecord{f0a7fa9 4484:com.android.settings:CryptKeeper/1000}?!? Using null instead.
01-23 01:06:22.165  1863  3827 I ActivityManager: Start proc 4797:com.google.android.gms/u0a12 for service com.google.android.gms/.usagereporting.service.UsageReportingService
01-23 01:06:22.267  1863  4459 W ActivityManager: Wtf, activity ActivityRecord{a030126 u0 com.android.settings/.CryptKeeper t1 f} in proc activity list not using proc ProcessRecord{f0a7fa9 4484:com.android.settings:CryptKeeper/1000}?!? Using null instead.
01-23 01:06:22.780  1863  3829 W ActivityManager: Wtf, activity ActivityRecord{a030126 u0 com.android.settings/.CryptKeeper t1 f} in proc activity list not using proc ProcessRecord{f0a7fa9 4484:com.android.settings:CryptKeeper/1000}?!? Using null instead.
01-23 01:06:22.781  1863  3829 W ActivityManager: Wtf, activity ActivityRecord{a030126 u0 com.android.settings/.CryptKeeper t1 f} in proc activity list not using proc ProcessRecord{f0a7fa9 4484:com.android.settings:CryptKeeper/1000}?!? Using null instead.
01-23 01:06:22.803  1863  4480 W ActivityManager: Wtf, activity ActivityRecord{a030126 u0 com.android.settings/.CryptKeeper t1 f} in proc activity list not using proc ProcessRecord{f0a7fa9 4484:com.android.settings:CryptKeeper/1000}?!? Using null instead.
01-23 01:06:22.820  1863  3828 W ActivityManager: Wtf, activity ActivityRecord{a030126 u0 com.android.settings/.CryptKeeper t1 f} in proc activity list not using proc ProcessRecord{f0a7fa9 4484:com.android.settings:CryptKeeper/1000}?!? Using null instead.
01-23 01:06:22.821  1863  3738 W ActivityManager: Wtf, activity ActivityRecord{a030126 u0 com.android.settings/.CryptKeeper t1 f} in proc activity list not using proc ProcessRecord{f0a7fa9 4484:com.android.settings:CryptKeeper/1000}?!? Using null instead.
01-23 01:06:22.853  1863  3760 W ActivityManager: Wtf, activity ActivityRecord{a030126 u0 com.android.settings/.CryptKeeper t1 f} in proc activity list not using proc ProcessRecord{f0a7fa9 4484:com.android.settings:CryptKeeper/1000}?!? Using null instead.
01-23 01:06:23.003  1863  1965 I ActivityManager: Killing 4386:com.android.exchange/u0a44 (adj 0): depends on provider com.android.email/.provider.EmailProvider in dying proc com.android.email
01-23 01:06:23.003  1863  1962 W ActivityManager: Unable to launch app com.android.email/10042 for provider com.android.email.provider: launching app became null
01-23 01:06:23.212  1863  1965 E libprocessgroup: failed to kill 1 processes for processgroup 4386
01-23 01:06:23.212  1863  1965 I ActivityManager: Killing 4438:com.android.email/u0a42 (adj 0): timeout publishing content providers
01-23 01:06:23.390  1863  1965 W ActivityManager: Exception when unbinding service com.android.exchange/.service.EasService
01-23 01:06:23.390  1863  1965 W ActivityManager: android.os.DeadObjectException
01-23 01:06:23.390  1863  1965 W ActivityManager: 	at android.os.BinderProxy.transactNative(Native Method)
01-23 01:06:23.390  1863  1965 W ActivityManager: 	at android.os.BinderProxy.transact(Binder.java:503)
01-23 01:06:23.390  1863  1965 W ActivityManager: 	at android.app.ApplicationThreadProxy.scheduleUnbindService(ApplicationThreadNative.java:956)
01-23 01:06:23.390  1863  1965 W ActivityManager: 	at com.android.server.am.ActiveServices.removeConnectionLocked(ActiveServices.java:1874)
01-23 01:06:23.390  1863  1965 W ActivityManager: 	at com.android.server.am.ActiveServices.killServicesLocked(ActiveServices.java:2237)
01-23 01:06:23.390  1863  1965 W ActivityManager: 	at com.android.server.am.ActivityManagerService.cleanUpApplicationRecordLocked(ActivityManagerService.java:15850)
01-23 01:06:23.390  1863  1965 W ActivityManager: 	at com.android.server.am.ActivityManagerService.handleAppDiedLocked(ActivityManagerService.java:4762)
01-23 01:06:23.390  1863  1965 W ActivityManager: 	at com.android.server.am.ActivityManagerService.removeProcessLocked(ActivityManagerService.java:6173)
01-23 01:06:23.390  1863  1965 W ActivityManager: 	at com.android.server.am.ActivityManagerService.processContentProviderPublishTimedOutLocked(ActivityManagerService.java:6187)
01-23 01:06:23.390  1863  1965 W ActivityManager: 	at com.android.server.am.ActivityManagerService.-wrap10(ActivityManagerService.java)
01-23 01:06:23.390  1863  1965 W ActivityManager: 	at com.android.server.am.ActivityManagerService$MainHandler.handleMessage(ActivityManagerService.java:1749)
01-23 01:06:23.390  1863  1965 W ActivityManager: 	at android.os.Handler.dispatchMessage(Handler.java:102)
01-23 01:06:23.390  1863  1965 W ActivityManager: 	at android.os.Looper.loop(Looper.java:148)
01-23 01:06:23.390  1863  1965 W ActivityManager: 	at android.os.HandlerThread.run(HandlerThread.java:61)
01-23 01:06:23.390  1863  1965 W ActivityManager: 	at com.android.server.ServiceThread.run(ServiceThread.java:46)
01-23 01:06:23.392  1863  1965 W ActivityManager: Exception when destroying service com.android.exchange/.service.EasService
01-23 01:06:23.392  1863  1965 W ActivityManager: android.os.DeadObjectException
01-23 01:06:23.392  1863  1965 W ActivityManager: 	at android.os.BinderProxy.transactNative(Native Method)
01-23 01:06:23.392  1863  1965 W ActivityManager: 	at android.os.BinderProxy.transact(Binder.java:503)
01-23 01:06:23.392  1863  1965 W ActivityManager: 	at android.app.ApplicationThreadProxy.scheduleStopService(ApplicationThreadNative.java:985)
01-23 01:06:23.392  1863  1965 W ActivityManager: 	at com.android.server.am.ActiveServices.bringDownServiceLocked(ActiveServices.java:1777)
01-23 01:06:23.392  1863  1965 W ActivityManager: 	at com.android.server.am.ActiveServices.bringDownServiceIfNeededLocked(ActiveServices.java:1687)
01-23 01:06:23.392  1863  1965 W ActivityManager: 	at com.android.server.am.ActiveServices.removeConnectionLocked(ActiveServices.java:1889)
01-23 01:06:23.392  1863  1965 W ActivityManager: 	at com.android.server.am.ActiveServices.killServicesLocked(ActiveServices.java:2237)
01-23 01:06:23.392  1863  1965 W ActivityManager: 	at com.android.server.am.ActivityManagerService.cleanUpApplicationRecordLocked(ActivityManagerService.java:15850)
01-23 01:06:23.392  1863  1965 W ActivityManager: 	at com.android.server.am.ActivityManagerService.handleAppDiedLocked(ActivityManagerService.java:4762)
01-23 01:06:23.392  1863  1965 W ActivityManager: 	at com.android.server.am.ActivityManagerService.removeProcessLocked(ActivityManagerService.java:6173)
01-23 01:06:23.392  1863  1965 W ActivityManager: 	at com.android.server.am.ActivityManagerService.processContentProviderPublishTimedOutLocked(ActivityManagerService.java:6187)
01-23 01:06:23.392  1863  1965 W ActivityManager: 	at com.android.server.am.ActivityManagerService.-wrap10(ActivityManagerService.java)
01-23 01:06:23.392  1863  1965 W ActivityManager: 	at com.android.server.am.ActivityManagerService$MainHandler.handleMessage(ActivityManagerService.java:1749)
01-23 01:06:23.392  1863  1965 W ActivityManager: 	at android.os.Handler.dispatchMessage(Handler.java:102)
01-23 01:06:23.392  1863  1965 W ActivityManager: 	at android.os.Looper.loop(Looper.java:148)
01-23 01:06:23.392  1863  1965 W ActivityManager: 	at android.os.HandlerThread.run(HandlerThread.java:61)
01-23 01:06:23.392  1863  1965 W ActivityManager: 	at com.android.server.ServiceThread.run(ServiceThread.java:46)
01-23 01:06:23.395  1863  4397 W ActivityManager: Wtf, activity ActivityRecord{a030126 u0 com.android.settings/.CryptKeeper t1 f} in proc activity list not using proc ProcessRecord{f0a7fa9 4484:com.android.settings:CryptKeeper/1000}?!? Using null instead.
01-23 01:06:23.396  1863  3829 W ActivityManager: Spurious death for ProcessRecord{b4a872f 0:com.android.email/u0a42}, curProc for 4438: null
01-23 01:06:23.397  1863  4521 W ActivityManager: Wtf, activity ActivityRecord{a030126 u0 com.android.settings/.CryptKeeper t1 f} in proc activity list not using proc ProcessRecord{f0a7fa9 4484:com.android.settings:CryptKeeper/1000}?!? Using null instead.
01-23 01:06:23.398  1863  4521 W ActivityManager: Wtf, activity ActivityRecord{a030126 u0 com.android.settings/.CryptKeeper t1 f} in proc activity list not using proc ProcessRecord{f0a7fa9 4484:com.android.settings:CryptKeeper/1000}?!? Using null instead.
01-23 01:06:23.405  1863  4534 W ActivityManager: Wtf, activity ActivityRecord{a030126 u0 com.android.settings/.CryptKeeper t1 f} in proc activity list not using proc ProcessRecord{f0a7fa9 4484:com.android.settings:CryptKeeper/1000}?!? Using null instead.
01-23 01:06:23.411  1863  4515 W ActivityManager: Wtf, activity ActivityRecord{a030126 u0 com.android.settings/.CryptKeeper t1 f} in proc activity list not using proc ProcessRecord{f0a7fa9 4484:com.android.settings:CryptKeeper/1000}?!? Using null instead.
01-23 01:06:23.440  1863  4480 I ActivityManager: Start proc 4837:com.android.vending/u0a27 for broadcast com.android.vending/com.google.android.finsky.receivers.LocationProviderChangedReceiver
01-23 01:06:23.440  1863  4480 W ActivityManager: Wtf, activity ActivityRecord{a030126 u0 com.android.settings/.CryptKeeper t1 f} in proc activity list not using proc ProcessRecord{f0a7fa9 4484:com.android.settings:CryptKeeper/1000}?!? Using null instead.
01-23 01:06:23.493  1863  3826 W ActivityManager: Wtf, activity ActivityRecord{a030126 u0 com.android.settings/.CryptKeeper t1 f} in proc activity list not using proc ProcessRecord{f0a7fa9 4484:com.android.settings:CryptKeeper/1000}?!? Using null instead.
01-23 01:06:23.560  1863  1963 W ActivityManager: Wtf, activity ActivityRecord{a030126 u0 com.android.settings/.CryptKeeper t1 f} in proc activity list not using proc ProcessRecord{f0a7fa9 4484:com.android.settings:CryptKeeper/1000}?!? Using null instead.
01-23 01:06:23.687  1863  3827 W ActivityManager: Wtf, activity ActivityRecord{a030126 u0 com.android.settings/.CryptKeeper t1 f} in proc activity list not using proc ProcessRecord{f0a7fa9 4484:com.android.settings:CryptKeeper/1000}?!? Using null instead.
01-23 01:06:24.132  1863  3635 D WifiService: New client listening to asynchronous messages
01-23 01:06:24.386  1863  4574 W ActivityManager: Wtf, activity ActivityRecord{a030126 u0 com.android.settings/.CryptKeeper t1 f} in proc activity list not using proc ProcessRecord{f0a7fa9 4484:com.android.settings:CryptKeeper/1000}?!? Using null instead.
01-23 01:06:24.388  1863  4480 W ActivityManager: Wtf, activity ActivityRecord{a030126 u0 com.android.settings/.CryptKeeper t1 f} in proc activity list not using proc ProcessRecord{f0a7fa9 4484:com.android.settings:CryptKeeper/1000}?!? Using null instead.
01-23 01:06:24.420  1863  4459 W ActivityManager: Wtf, activity ActivityRecord{a030126 u0 com.android.settings/.CryptKeeper t1 f} in proc activity list not using proc ProcessRecord{f0a7fa9 4484:com.android.settings:CryptKeeper/1000}?!? Using null instead.
01-23 01:06:24.660  1863  3828 W ActivityManager: Wtf, activity ActivityRecord{a030126 u0 com.android.settings/.CryptKeeper t1 f} in proc activity list not using proc ProcessRecord{f0a7fa9 4484:com.android.settings:CryptKeeper/1000}?!? Using null instead.
01-23 01:06:24.667  1863  3737 W ActivityManager: Wtf, activity ActivityRecord{a030126 u0 com.android.settings/.CryptKeeper t1 f} in proc activity list not using proc ProcessRecord{f0a7fa9 4484:com.android.settings:CryptKeeper/1000}?!? Using null instead.
01-23 01:06:24.892  1863  1963 W ActivityManager: Wtf, activity ActivityRecord{a030126 u0 com.android.settings/.CryptKeeper t1 f} in proc activity list not using proc ProcessRecord{f0a7fa9 4484:com.android.settings:CryptKeeper/1000}?!? Using null instead.
01-23 01:06:25.707  1863  4459 W ActivityManager: Wtf, activity ActivityRecord{a030126 u0 com.android.settings/.CryptKeeper t1 f} in proc activity list not using proc ProcessRecord{f0a7fa9 4484:com.android.settings:CryptKeeper/1000}?!? Using null instead.
01-23 01:06:25.716  1863  3828 W ActivityManager: Wtf, activity ActivityRecord{a030126 u0 com.android.settings/.CryptKeeper t1 f} in proc activity list not using proc ProcessRecord{f0a7fa9 4484:com.android.settings:CryptKeeper/1000}?!? Using null instead.
01-23 01:06:25.730  1863  4574 W ActivityManager: Wtf, activity ActivityRecord{a030126 u0 com.android.settings/.CryptKeeper t1 f} in proc activity list not using proc ProcessRecord{f0a7fa9 4484:com.android.settings:CryptKeeper/1000}?!? Using null instead.
01-23 01:06:25.824  1863  4521 W ActivityManager: Wtf, activity ActivityRecord{a030126 u0 com.android.settings/.CryptKeeper t1 f} in proc activity list not using proc ProcessRecord{f0a7fa9 4484:com.android.settings:CryptKeeper/1000}?!? Using null instead.
01-23 01:06:25.825  1863  3737 W ActivityManager: Wtf, activity ActivityRecord{a030126 u0 com.android.settings/.CryptKeeper t1 f} in proc activity list not using proc ProcessRecord{f0a7fa9 4484:com.android.settings:CryptKeeper/1000}?!? Using null instead.
01-23 01:06:25.837  1863  3760 W ActivityManager: Wtf, activity ActivityRecord{a030126 u0 com.android.settings/.CryptKeeper t1 f} in proc activity list not using proc ProcessRecord{f0a7fa9 4484:com.android.settings:CryptKeeper/1000}?!? Using null instead.
01-23 01:06:25.860  1863  3826 W ActivityManager: Wtf, activity ActivityRecord{a030126 u0 com.android.settings/.CryptKeeper t1 f} in proc activity list not using proc ProcessRecord{f0a7fa9 4484:com.android.settings:CryptKeeper/1000}?!? Using null instead.
01-23 01:06:25.879  1863  1963 W ActivityManager: Wtf, activity ActivityRecord{a030126 u0 com.android.settings/.CryptKeeper t1 f} in proc activity list not using proc ProcessRecord{f0a7fa9 4484:com.android.settings:CryptKeeper/1000}?!? Using null instead.
01-23 01:06:26.204  1863  4397 I ActivityManager: Start proc 4884:com.android.smspush/u0a64 for service com.android.smspush/.WapPushManager
01-23 01:06:26.309  1863  3737 W ActivityManager: Wtf, activity ActivityRecord{a030126 u0 com.android.settings/.CryptKeeper t1 f} in proc activity list not using proc ProcessRecord{f0a7fa9 4484:com.android.settings:CryptKeeper/1000}?!? Using null instead.
01-23 01:06:26.391  1863  3636 E ConnectivityService: Failed to find Messenger in unregisterNetworkFactory
01-23 01:06:26.393  1863  3636 D ConnectivityService: Got NetworkFactory Messenger for Telephony
01-23 01:06:26.475  1863  3827 W ActivityManager: Wtf, activity ActivityRecord{a030126 u0 com.android.settings/.CryptKeeper t1 f} in proc activity list not using proc ProcessRecord{f0a7fa9 4484:com.android.settings:CryptKeeper/1000}?!? Using null instead.
01-23 01:06:26.550  1863  4534 W ActivityManager: Wtf, activity ActivityRecord{a030126 u0 com.android.settings/.CryptKeeper t1 f} in proc activity list not using proc ProcessRecord{f0a7fa9 4484:com.android.settings:CryptKeeper/1000}?!? Using null instead.
01-23 01:06:26.792  1863  3827 W ActivityManager: Wtf, activity ActivityRecord{a030126 u0 com.android.settings/.CryptKeeper t1 f} in proc activity list not using proc ProcessRecord{f0a7fa9 4484:com.android.settings:CryptKeeper/1000}?!? Using null instead.
01-23 01:06:26.807  1863  4521 W ActivityManager: Wtf, activity ActivityRecord{a030126 u0 com.android.settings/.CryptKeeper t1 f} in proc activity list not using proc ProcessRecord{f0a7fa9 4484:com.android.settings:CryptKeeper/1000}?!? Using null instead.
01-23 01:06:26.818  1863  3826 W ActivityManager: Wtf, activity ActivityRecord{a030126 u0 com.android.settings/.CryptKeeper t1 f} in proc activity list not using proc ProcessRecord{f0a7fa9 4484:com.android.settings:CryptKeeper/1000}?!? Using null instead.
01-23 01:06:26.837  1863  4534 W ActivityManager: Wtf, activity ActivityRecord{a030126 u0 com.android.settings/.CryptKeeper t1 f} in proc activity list not using proc ProcessRecord{f0a7fa9 4484:com.android.settings:CryptKeeper/1000}?!? Using null instead.
01-23 01:06:26.868  1863  4480 W ActivityManager: Wtf, activity ActivityRecord{a030126 u0 com.android.settings/.CryptKeeper t1 f} in proc activity list not using proc ProcessRecord{f0a7fa9 4484:com.android.settings:CryptKeeper/1000}?!? Using null instead.
01-23 01:06:26.882  1863  4397 W ActivityManager: Wtf, activity ActivityRecord{a030126 u0 com.android.settings/.CryptKeeper t1 f} in proc activity list not using proc ProcessRecord{f0a7fa9 4484:com.android.settings:CryptKeeper/1000}?!? Using null instead.
01-23 01:06:26.964  1863  3635 D WifiService: New client listening to asynchronous messages
01-23 01:06:27.008  1863  4534 I Telecom : PhoneAccountRegistrar: New phone account registered: [[ ] PhoneAccount: ComponentInfo{com.android.phone/com.android.services.telephony.TelephonyConnectionService}, [e0184adedf913b076626646d3f52c3b49c39ad6d], UserHandle{0} Capabilities: 54 Schemes: tel voicemail ]
01-23 01:06:27.044  1863  4480 W ActivityManager: Wtf, activity ActivityRecord{a030126 u0 com.android.settings/.CryptKeeper t1 f} in proc activity list not using proc ProcessRecord{f0a7fa9 4484:com.android.settings:CryptKeeper/1000}?!? Using null instead.
01-23 01:06:27.081  1863  4534 I Telecom : : Sending phone-account intent as user
01-23 01:06:27.105  1863  3828 W Telecom : : No account found for the calling user
01-23 01:06:27.143  1863  1963 W ActivityManager: Wtf, activity ActivityRecord{a030126 u0 com.android.settings/.CryptKeeper t1 f} in proc activity list not using proc ProcessRecord{f0a7fa9 4484:com.android.settings:CryptKeeper/1000}?!? Using null instead.
01-23 01:06:27.196  1863  4459 I ActivityManager: Start proc 4930:com.android.settings/1000 for broadcast com.android.settings/.widget.SettingsAppWidgetProvider
01-23 01:06:27.198  1863  4459 W ActivityManager: Wtf, activity ActivityRecord{a030126 u0 com.android.settings/.CryptKeeper t1 f} in proc activity list not using proc ProcessRecord{f0a7fa9 4484:com.android.settings:CryptKeeper/1000}?!? Using null instead.
01-23 01:06:27.275  1863  1963 W ActivityManager: Wtf, activity ActivityRecord{a030126 u0 com.android.settings/.CryptKeeper t1 f} in proc activity list not using proc ProcessRecord{f0a7fa9 4484:com.android.settings:CryptKeeper/1000}?!? Using null instead.
01-23 01:06:27.285  1863  4480 W ActivityManager: Wtf, activity ActivityRecord{a030126 u0 com.android.settings/.CryptKeeper t1 f} in proc activity list not using proc ProcessRecord{f0a7fa9 4484:com.android.settings:CryptKeeper/1000}?!? Using null instead.
01-23 01:06:27.367  1863  3760 W ActivityManager: Wtf, activity ActivityRecord{a030126 u0 com.android.settings/.CryptKeeper t1 f} in proc activity list not using proc ProcessRecord{f0a7fa9 4484:com.android.settings:CryptKeeper/1000}?!? Using null instead.
01-23 01:06:27.376  1863  1963 W ActivityManager: Wtf, activity ActivityRecord{a030126 u0 com.android.settings/.CryptKeeper t1 f} in proc activity list not using proc ProcessRecord{f0a7fa9 4484:com.android.settings:CryptKeeper/1000}?!? Using null instead.
01-23 01:06:27.404  1863  3827 W ActivityManager: Wtf, activity ActivityRecord{a030126 u0 com.android.settings/.CryptKeeper t1 f} in proc activity list not using proc ProcessRecord{f0a7fa9 4484:com.android.settings:CryptKeeper/1000}?!? Using null instead.
01-23 01:06:27.411  1863  4534 W ActivityManager: Wtf, activity ActivityRecord{a030126 u0 com.android.settings/.CryptKeeper t1 f} in proc activity list not using proc ProcessRecord{f0a7fa9 4484:com.android.settings:CryptKeeper/1000}?!? Using null instead.
01-23 01:06:27.423  1863  4480 W ActivityManager: Wtf, activity ActivityRecord{a030126 u0 com.android.settings/.CryptKeeper t1 f} in proc activity list not using proc ProcessRecord{f0a7fa9 4484:com.android.settings:CryptKeeper/1000}?!? Using null instead.
01-23 01:06:27.433  1863  3738 W ActivityManager: Wtf, activity ActivityRecord{a030126 u0 com.android.settings/.CryptKeeper t1 f} in proc activity list not using proc ProcessRecord{f0a7fa9 4484:com.android.settings:CryptKeeper/1000}?!? Using null instead.
01-23 01:06:27.437  1863  3760 W ActivityManager: Wtf, activity ActivityRecord{a030126 u0 com.android.settings/.CryptKeeper t1 f} in proc activity list not using proc ProcessRecord{f0a7fa9 4484:com.android.settings:CryptKeeper/1000}?!? Using null instead.
01-23 01:06:27.447  1863  4515 W ActivityManager: Wtf, activity ActivityRecord{a030126 u0 com.android.settings/.CryptKeeper t1 f} in proc activity list not using proc ProcessRecord{f0a7fa9 4484:com.android.settings:CryptKeeper/1000}?!? Using null instead.
01-23 01:06:27.452  1863  3826 W ActivityManager: Wtf, activity ActivityRecord{a030126 u0 com.android.settings/.CryptKeeper t1 f} in proc activity list not using proc ProcessRecord{f0a7fa9 4484:com.android.settings:CryptKeeper/1000}?!? Using null instead.
01-23 01:06:27.458  1863  1962 W ActivityManager: Wtf, activity ActivityRecord{a030126 u0 com.android.settings/.CryptKeeper t1 f} in proc activity list not using proc ProcessRecord{f0a7fa9 4484:com.android.settings:CryptKeeper/1000}?!? Using null instead.
01-23 01:06:27.476  1863  4534 W ActivityManager: Wtf, activity ActivityRecord{a030126 u0 com.android.settings/.CryptKeeper t1 f} in proc activity list not using proc ProcessRecord{f0a7fa9 4484:com.android.settings:CryptKeeper/1000}?!? Using null instead.
01-23 01:06:27.527  1863  1963 W ActivityManager: Wtf, activity ActivityRecord{a030126 u0 com.android.settings/.CryptKeeper t1 f} in proc activity list not using proc ProcessRecord{f0a7fa9 4484:com.android.settings:CryptKeeper/1000}?!? Using null instead.
01-23 01:06:27.528  1863  3635 D WifiService: New client listening to asynchronous messages
01-23 01:06:27.541  1863  3829 W ActivityManager: Wtf, activity ActivityRecord{a030126 u0 com.android.settings/.CryptKeeper t1 f} in proc activity list not using proc ProcessRecord{f0a7fa9 4484:com.android.settings:CryptKeeper/1000}?!? Using null instead.
01-23 01:06:27.566  1863  4459 W ActivityManager: Wtf, activity ActivityRecord{a030126 u0 com.android.settings/.CryptKeeper t1 f} in proc activity list not using proc ProcessRecord{f0a7fa9 4484:com.android.settings:CryptKeeper/1000}?!? Using null instead.
01-23 01:06:27.574  1863  3760 W ActivityManager: Wtf, activity ActivityRecord{a030126 u0 com.android.settings/.CryptKeeper t1 f} in proc activity list not using proc ProcessRecord{f0a7fa9 4484:com.android.settings:CryptKeeper/1000}?!? Using null instead.
01-23 01:06:27.600  1863  4521 W ActivityManager: Wtf, activity ActivityRecord{a030126 u0 com.android.settings/.CryptKeeper t1 f} in proc activity list not using proc ProcessRecord{f0a7fa9 4484:com.android.settings:CryptKeeper/1000}?!? Using null instead.
01-23 01:06:27.752  1863  1963 W ActivityManager: Wtf, activity ActivityRecord{a030126 u0 com.android.settings/.CryptKeeper t1 f} in proc activity list not using proc ProcessRecord{f0a7fa9 4484:com.android.settings:CryptKeeper/1000}?!? Using null instead.
01-23 01:06:27.753  1863  1963 W ActivityManager: Wtf, activity ActivityRecord{a030126 u0 com.android.settings/.CryptKeeper t1 f} in proc activity list not using proc ProcessRecord{f0a7fa9 4484:com.android.settings:CryptKeeper/1000}?!? Using null instead.
01-23 01:06:27.765  1863  3829 W ActivityManager: Wtf, activity ActivityRecord{a030126 u0 com.android.settings/.CryptKeeper t1 f} in proc activity list not using proc ProcessRecord{f0a7fa9 4484:com.android.settings:CryptKeeper/1000}?!? Using null instead.
01-23 01:06:27.779  1863  4480 W ActivityManager: Wtf, activity ActivityRecord{a030126 u0 com.android.settings/.CryptKeeper t1 f} in proc activity list not using proc ProcessRecord{f0a7fa9 4484:com.android.settings:CryptKeeper/1000}?!? Using null instead.
01-23 01:06:27.811  1863  1863 W ActivityManager: Wtf, activity ActivityRecord{a030126 u0 com.android.settings/.CryptKeeper t1 f} in proc activity list not using proc ProcessRecord{f0a7fa9 4484:com.android.settings:CryptKeeper/1000}?!? Using null instead.
