02-10 21:47:37.206  8212  8224 D CAR.SERVICE: Package validated; name: com.android.vending
02-10 21:47:38.485  3883  4012 W NFC-LLC : LLC length mis-match
02-10 21:47:39.958  4797  5482 D Volley  : [204] BasicNetwork.logSlowRequests: HTTP response for request=<[ ] https://android.googleapis.com/nova/sitrep 0x58872a44 NORMAL 1> [lifetime=11688], [size=0], [rc=200], [retryCount=0]
02-10 21:47:39.959  4797  8176 I MDM     : [449] SitrepService.onHandleIntent: Sitrep successful
02-10 21:47:39.962  4797  4797 D Volley  : [1] Request.finish: 11692 ms: [ ] https://android.googleapis.com/nova/sitrep 0x58872a44 NORMAL 1
02-10 21:47:40.209  6350  6381 I qtaguid : Failed write_ctrl(u 49) res=-1 errno=22
02-10 21:47:40.209  6350  6381 I qtaguid : Untagging socket 49 failed errno=-22
02-10 21:47:40.209  6350  6381 W NetworkManagementSocketTagger: untagSocket(49) failed with errno -22
02-10 21:47:40.213  6350  6381 D Volley  : [270] c.a: HTTP response for request=<[ ] https://android.clients.google.com/fdfe/replicateLibrary 0xe8d195d1 NORMAL 23> [lifetime=3989], [size=20187], [rc=200], [retryCount=0]
02-10 21:47:40.487  3883  4012 W NFC-LLC : LLC length mis-match
02-10 21:47:41.203  6350  6350 I Finsky  : [1] com.google.android.finsky.services.h.a(110): App library has changed, requesting content sync.
02-10 21:47:41.561  4697  4697 V GLSActivity: AuthDelegateWrapperCreated with selected intent: Intent { cmp=com.google.android.gms/.auth.DefaultAuthDelegateService }
02-10 21:47:41.569  4697  4697 V GLSActivity: AuthDelegateWrapperCreated with selected intent: Intent { cmp=com.google.android.gms/.auth.DefaultAuthDelegateService }
02-10 21:47:41.571  4697  4697 V GLSActivity: AuthDelegateWrapperCreated with selected intent: Intent { cmp=com.google.android.gms/.auth.DefaultAuthDelegateService }
02-10 21:47:42.256  8212  8212 D CAR.SERVICE: mConnectedToCar = false, abort
02-10 21:47:42.262  1863  4574 I ActivityManager: Killing 6073:com.google.android.gms.unstable/u0a12 (adj 13): empty #17
02-10 21:47:42.268  8212  8212 E ActivityThread: Service com.google.android.gms.car.CarService has leaked ServiceConnection com.google.android.gms.car.hr@8aa7023 that was originally bound here
02-10 21:47:42.268  8212  8212 E ActivityThread: android.app.ServiceConnectionLeaked: Service com.google.android.gms.car.CarService has leaked ServiceConnection com.google.android.gms.car.hr@8aa7023 that was originally bound here
02-10 21:47:42.268  8212  8212 E ActivityThread: 	at android.app.LoadedApk$ServiceDispatcher.<init>(LoadedApk.java:1093)
02-10 21:47:42.268  8212  8212 E ActivityThread: 	at android.app.LoadedApk.getServiceDispatcher(LoadedApk.java:987)
02-10 21:47:42.268  8212  8212 E ActivityThread: 	at android.app.ContextImpl.bindServiceCommon(ContextImpl.java:1315)
02-10 21:47:42.268  8212  8212 E ActivityThread: 	at android.app.ContextImpl.bindService(ContextImpl.java:1298)
02-10 21:47:42.268  8212  8212 E ActivityThread: 	at android.content.ContextWrapper.bindService(ContextWrapper.java:610)
02-10 21:47:42.268  8212  8212 E ActivityThread: 	at android.content.ContextWrapper.bindService(ContextWrapper.java:610)
02-10 21:47:42.268  8212  8212 E ActivityThread: 	at android.content.ContextWrapper.bindService(ContextWrapper.java:610)
02-10 21:47:42.268  8212  8212 E ActivityThread: 	at com.google.android.gms.common.stats.g.a(SourceFile:128)
02-10 21:47:42.268  8212  8212 E ActivityThread: 	at com.google.android.gms.common.stats.g.a(SourceFile:145)
02-10 21:47:42.268  8212  8212 E ActivityThread: 	at com.google.android.gms.car.hc.<init>(SourceFile:319)
02-10 21:47:42.268  8212  8212 E ActivityThread: 	at com.google.android.gms.car.CarChimeraService.onCreate(SourceFile:74)
02-10 21:47:42.268  8212  8212 E ActivityThread: 	at com.google.android.chimera.ServiceProxy.setImpl(SourceFile:115)
02-10 21:47:42.268  8212  8212 E ActivityThread: 	at com.google.android.chimera.ServiceProxy.onCreate(SourceFile:105)
02-10 21:47:42.268  8212  8212 E ActivityThread: 	at android.app.ActivityThread.handleCreateService(ActivityThread.java:2921)
02-10 21:47:42.268  8212  8212 E ActivityThread: 	at android.app.ActivityThread.-wrap4(ActivityThread.java)
02-10 21:47:42.268  8212  8212 E ActivityThread: 	at android.app.ActivityThread$H.handleMessage(ActivityThread.java:1446)
02-10 21:47:42.268  8212  8212 E ActivityThread: 	at android.os.Handler.dispatchMessage(Handler.java:102)
02-10 21:47:42.268  8212  8212 E ActivityThread: 	at android.os.Looper.loop(Looper.java:148)
02-10 21:47:42.268  8212  8212 E ActivityThread: 	at android.app.ActivityThread.main(ActivityThread.java:5466)
02-10 21:47:42.268  8212  8212 E ActivityThread: 	at java.lang.reflect.Method.invoke(Native Method)
02-10 21:47:42.268  8212  8212 E ActivityThread: 	at com.android.internal.os.ZygoteInit$MethodAndArgsCaller.run(ZygoteInit.java:726)
02-10 21:47:42.268  8212  8212 E ActivityThread: 	at com.android.internal.os.ZygoteInit.main(ZygoteInit.java:616)
02-10 21:47:42.364  8212  8212 E ActivityThread: Service com.google.android.gms.car.CarCallService has leaked ServiceConnection com.google.android.gms.car.dq@49becaa that was originally bound here
02-10 21:47:42.364  8212  8212 E ActivityThread: android.app.ServiceConnectionLeaked: Service com.google.android.gms.car.CarCallService has leaked ServiceConnection com.google.android.gms.car.dq@49becaa that was originally bound here
02-10 21:47:42.364  8212  8212 E ActivityThread: 	at android.app.LoadedApk$ServiceDispatcher.<init>(LoadedApk.java:1093)
02-10 21:47:42.364  8212  8212 E ActivityThread: 	at android.app.LoadedApk.getServiceDispatcher(LoadedApk.java:987)
02-10 21:47:42.364  8212  8212 E ActivityThread: 	at android.app.ContextImpl.bindServiceCommon(ContextImpl.java:1315)
02-10 21:47:42.364  8212  8212 E ActivityThread: 	at android.app.ContextImpl.bindService(ContextImpl.java:1298)
02-10 21:47:42.364  8212  8212 E ActivityThread: 	at android.content.ContextWrapper.bindService(ContextWrapper.java:610)
02-10 21:47:42.364  8212  8212 E ActivityThread: 	at com.google.android.gms.common.stats.g.a(SourceFile:128)
02-10 21:47:42.364  8212  8212 E ActivityThread: 	at com.google.android.gms.common.stats.g.a(SourceFile:145)
02-10 21:47:42.364  8212  8212 E ActivityThread: 	at com.google.android.gms.car.dp.a(SourceFile:586)
02-10 21:47:42.364  8212  8212 E ActivityThread: 	at com.google.android.gms.car.dp.<init>(SourceFile:511)
02-10 21:47:42.364  8212  8212 E ActivityThread: 	at com.google.android.gms.car.dp.a(SourceFile:488)
02-10 21:47:42.364  8212  8212 E ActivityThread: 	at com.google.android.gms.car.dm.<init>(SourceFile:112)
02-10 21:47:42.364  8212  8212 E ActivityThread: 	at com.google.android.gms.car.CarCallService.onBind(SourceFile:79)
02-10 21:47:42.364  8212  8212 E ActivityThread: 	at android.app.ActivityThread.handleBindService(ActivityThread.java:2948)
02-10 21:47:42.364  8212  8212 E ActivityThread: 	at android.app.ActivityThread.-wrap2(ActivityThread.java)
02-10 21:47:42.364  8212  8212 E ActivityThread: 	at android.app.ActivityThread$H.handleMessage(ActivityThread.java:1451)
02-10 21:47:42.364  8212  8212 E ActivityThread: 	at android.os.Handler.dispatchMessage(Handler.java:102)
02-10 21:47:42.364  8212  8212 E ActivityThread: 	at android.os.Looper.loop(Looper.java:148)
02-10 21:47:42.364  8212  8212 E ActivityThread: 	at android.app.ActivityThread.main(ActivityThread.java:5466)
02-10 21:47:42.364  8212  8212 E ActivityThread: 	at java.lang.reflect.Method.invoke(Native Method)
02-10 21:47:42.364  8212  8212 E ActivityThread: 	at com.android.internal.os.ZygoteInit$MethodAndArgsCaller.run(ZygoteInit.java:726)
02-10 21:47:42.364  8212  8212 E ActivityThread: 	at com.android.internal.os.ZygoteInit.main(ZygoteInit.java:616)
02-10 21:47:42.366  1863  4480 W ActivityManager: Unbind failed: could not find connection for android.os.BinderProxy@3ad33b5
02-10 21:47:42.489  3883  4012 W NFC-LLC : LLC length mis-match
02-10 21:47:43.481  6350  6380 I qtaguid : Failed write_ctrl(u 49) res=-1 errno=22
02-10 21:47:43.481  6350  6380 I qtaguid : Untagging socket 49 failed errno=-22
02-10 21:47:43.482  6350  6380 W NetworkManagementSocketTagger: untagSocket(49) failed with errno -22
02-10 21:47:43.524  6350  6350 I Finsky  : [1] com.google.android.finsky.api.model.t.b(5627): Change varies-by-account for com.google.android.tts to true
02-10 21:47:43.526  6350  6350 I Finsky  : [1] com.google.android.finsky.api.model.t.b(6652): Change auto-acquire tags for com.google.android.tts from  to d_AAAAAAADF8w=
02-10 21:47:43.533  6350  6350 I Finsky  : [1] com.google.android.finsky.api.model.t.b(5627): Change varies-by-account for com.google.android.gms to true
02-10 21:47:43.534  6350  6350 I Finsky  : [1] com.google.android.finsky.api.model.t.b(6652): Change auto-acquire tags for com.google.android.gms from  to d_AAAAAAADF8w=
02-10 21:47:43.538  6350  6350 I Finsky  : [1] com.google.android.finsky.installer.n.a(683): Capturing ever-externally-hosted false for com.google.android.tts
02-10 21:47:43.539  6350  6350 I Finsky  : [1] com.google.android.finsky.installer.n.a(683): Capturing ever-externally-hosted false for com.google.android.gms
02-10 21:47:43.570  6350  6350 I Finsky  : [1] com.google.android.finsky.services.DailyHygiene.b(10426): Logging device features
02-10 21:47:43.611  6350  6350 I Finsky  : [1] com.google.android.finsky.services.DailyHygiene.b(511): Scheduling first run in 24.8 hours
02-10 21:47:43.649  4697  4697 D WearableService: callingUid 10012, callindPid: 4697
02-10 21:47:43.652  6350  6350 I Finsky  : [1] com.google.android.vending.verifier.VerifyInstalledPackagesReceiver.onReceive(41): Verify installed apps requested
02-10 21:47:43.657  4697  7790 D DeviceConnectionService: client connected with version: 8298000
02-10 21:47:43.658  6350  6350 I Finsky  : [1] com.google.android.vending.verifier.m.onPreExecute(555): Verifying installed apps
02-10 21:47:43.896   458  1348 I chatty  : uid=1013(media) AudioOut_2 expire 125 lines
02-10 21:47:44.025  6350  6350 E Finsky  : [1] com.google.android.finsky.wear.ba.a(689): onConnectionFailed: ConnectionResult{statusCode=API_UNAVAILABLE, resolution=null, message=null}
02-10 21:47:44.025  6350  6350 I Finsky  : [1] com.google.android.finsky.wear.WearSupportService.a(6302): Dropping command=hygiene due to Gms not connected
02-10 21:47:44.033  1863  3826 I ActivityManager: START u0 {act=android.intent.action.MAIN cat=[android.intent.category.LAUNCHER] flg=0x10200000 cmp=com.android.settings/.Settings (has extras)} from uid 10021 on display 0
02-10 21:47:44.061  1863  1965 W BroadcastQueue: Permission Denial: broadcasting Intent { act=com.android.launcher3.action.LAUNCH flg=0x10 (has extras) } from com.cyanogenmod.trebuchet (pid=8053, uid=10021) requires com.google.android.launcher.permission.RECEIVE_LAUNCH_BROADCASTS due to receiver com.google.android.gms/.icing.proxy.ApplicationLauncherReceiver
02-10 21:47:44.320  1863  3738 I ActivityManager: Start proc 8265:com.android.cellbroadcastreceiver/u0a6 for content provider com.android.cellbroadcastreceiver/.CellBroadcastSearchIndexableProvider
02-10 21:47:44.434  8265  8265 W System  : ClassLoader referenced unknown path: /system/priv-app/CellBroadcastReceiver/lib/arm
02-10 21:47:44.491  3883  4012 W NFC-LLC : LLC length mis-match
02-10 21:47:44.560  5340  5340 I chatty  : uid=1000(system) com.android.settings expire 1 line
02-10 21:47:44.595  1863  2365 I chatty  : uid=1000(system) InputDispatcher expire 1 line
02-10 21:47:44.673  5340  5953 I chatty  : uid=1000(system) com.android.settings expire 3 lines
02-10 21:47:44.734  4463  4906 D PhoneInterfaceManager: [PhoneIntfMgr] getDataEnabled: subId=1 phoneId=0
02-10 21:47:44.735  4463  4906 D PhoneInterfaceManager: [PhoneIntfMgr] getDataEnabled: subId=1 retVal=true
02-10 21:47:44.735  5340  5340 I chatty  : uid=1000(system) com.android.settings expire 2 lines
02-10 21:47:44.915  1863  4574 E ConnectivityService: Carrier Provisioning Urls file not found
02-10 21:47:44.915  1863  4574 D ConnectivityService: getMobileProvisioningUrl: mobile_provisioining_url from resource =
02-10 21:47:44.939  1863  3827 I ActivityManager: Killing 5083:com.android.providers.calendar/u0a3 (adj 13): empty #17
02-10 21:47:44.991  1863  2365 I chatty  : uid=1000(system) InputDispatcher expire 1 line
02-10 21:47:45.000  1863  1962 I ActivityManager: Killing 5058:com.android.calendar/u0a35 (adj 13): depends on provider com.android.providers.calendar/.CalendarProvider2 in dying proc com.android.providers.calendar
02-10 21:47:45.166  1863  1970 I chatty  : uid=1000(system) android.display expire 1 line
02-10 21:47:45.900  3859  3859 D PhoneStatusBar: disable: < expand ICONS* alerts SYSTEM_INFO* back home recent clock search quick_settings >
02-10 21:47:46.186  5340  5953 I chatty  : uid=1000(system) com.android.settings expire 7 lines
02-10 21:47:46.494  3883  4012 W NFC-LLC : LLC length mis-match
02-10 21:47:47.482  3859  3859 D StatusBar: Clicked on button 0 for -1|com.android.systemui|1397773634|public:179_34|10018
02-10 21:47:47.491  1863  1963 I ActivityManager: START u0 {flg=0x10000000 cmp=com.android.settings/.deviceinfo.StorageWizardInit bnds=[129,275][416,371] (has extras)} from uid 10018 on display 0
02-10 21:47:47.849  3859  3859 D PhoneStatusBar: disable: < expand icons* alerts system_info* back home recent clock search quick_settings >
02-10 21:47:47.941  1863  1970 I chatty  : uid=1000(system) android.display expire 2 lines
02-10 21:47:48.496  3883  4012 W NFC-LLC : LLC length mis-match
02-10 21:47:48.619  6350  8302 I Finsky  : [296] com.google.android.finsky.receivers.FlushLogsReceiver$FlushLogsService.onHandleIntent(164): Flushing event logs for [scXQIq5BSFB-XztjFbzcPP79r9Y]
02-10 21:47:48.639  4697  4697 V GLSActivity: AuthDelegateWrapperCreated with selected intent: Intent { cmp=com.google.android.gms/.auth.DefaultAuthDelegateService }
02-10 21:47:48.669  4697  4697 V GLSActivity: AuthDelegateWrapperCreated with selected intent: Intent { cmp=com.google.android.gms/.auth.DefaultAuthDelegateService }
02-10 21:47:48.672  4697  4697 V GLSActivity: AuthDelegateWrapperCreated with selected intent: Intent { cmp=com.google.android.gms/.auth.DefaultAuthDelegateService }
02-10 21:47:49.374  3859  3859 D StorageNotification: Notifying about public volume: VolumeInfo{public:179_34}:
02-10 21:47:49.374  3859  3859 D StorageNotification:     type=PUBLIC diskId=disk:179_32 partGuid=null mountFlags=VISIBLE 
02-10 21:47:49.374  3859  3859 D StorageNotification:     mountUserId=0 state=MOUNTED 
02-10 21:47:49.374  3859  3859 D StorageNotification:     fsType=ext2 fsUuid=d440b144-9519-404b-a098-c6ee808391ab fsLabel=sdcard1 
02-10 21:47:49.374  3859  3859 D StorageNotification:     path=/storage/d440b144-9519-404b-a098-c6ee808391ab 
02-10 21:47:49.374  3859  3859 D StorageNotification:     internalPath=/mnt/media_rw/d440b144-9519-404b-a098-c6ee808391ab 
02-10 21:47:49.376  1863  3738 I ActivityManager: START u0 {cmp=com.android.settings/.deviceinfo.StorageWizardReady (has extras)} from uid 1000 on display 0
02-10 21:47:49.404  1863  4397 I ActivityManager: Start proc 8304:com.android.externalstorage/u0a10 for content provider com.android.externalstorage/.ExternalStorageProvider
02-10 21:47:49.542  8304  8304 W System  : ClassLoader referenced unknown path: /system/priv-app/ExternalStorageProvider/lib/arm
02-10 21:47:49.557  8304  8304 D ExternalStorage: After updating volumes, found 3 active roots
02-10 21:47:49.687  5340  5465 I chatty  : uid=1000(system) com.android.settings expire 1 line
02-10 21:47:50.416  1863  3636 D ConnectivityService: notifyType CAP_CHANGED for NetworkAgentInfo [WIFI () - 101]
02-10 21:47:50.419  1863  3636 D ConnectivityService: updateNetworkScore for NetworkAgentInfo [WIFI () - 101] to 56
02-10 21:47:50.474  4463  4494 D PhoneInterfaceManager: [PhoneIntfMgr] getDataEnabled: subId=1 phoneId=0
02-10 21:47:50.475  4463  4494 D PhoneInterfaceManager: [PhoneIntfMgr] getDataEnabled: subId=1 retVal=true
02-10 21:47:50.475  5340  5340 I chatty  : uid=1000(system) com.android.settings expire 2 lines
02-10 21:47:50.498  3883  4012 W NFC-LLC : LLC length mis-match
02-10 21:47:50.725  5340  6150 I chatty  : uid=1000(system) com.android.settings expire 3 lines
02-10 21:47:50.757  5340  5465 I chatty  : uid=1000(system) com.android.settings expire 1 line
02-10 21:47:50.781  5340  6150 I chatty  : uid=1000(system) com.android.settings expire 3 lines
02-10 21:47:51.304  3859  3859 D PhoneStatusBar: disable: < expand ICONS* alerts SYSTEM_INFO* back home recent clock search quick_settings >
02-10 21:47:52.370  3859  3859 D StorageNotification: Notifying about public volume: VolumeInfo{public:179_33}:
02-10 21:47:52.370  3859  3859 D StorageNotification:     type=PUBLIC diskId=disk:179_32 partGuid=null mountFlags=VISIBLE 
02-10 21:47:52.370  3859  3859 D StorageNotification:     mountUserId=0 state=MOUNTED 
02-10 21:47:52.370  3859  3859 D StorageNotification:     fsType=vfat fsUuid=B780-11A6 fsLabel=sdcard1 
02-10 21:47:52.370  3859  3859 D StorageNotification:     path=/storage/B780-11A6 internalPath=/mnt/media_rw/B780-11A6 
02-10 21:47:52.500  3883  4012 W NFC-LLC : LLC length mis-match
02-10 21:47:52.501  1863  3634 I chatty  : uid=1000(system) WifiStateMachin expire 1 line
02-10 21:47:53.169  3859  3859 D StorageNotification: Notifying about public volume: VolumeInfo{public:179_34}:
02-10 21:47:53.169  3859  3859 D StorageNotification:     type=PUBLIC diskId=disk:179_32 partGuid=null mountFlags=VISIBLE 
02-10 21:47:53.169  3859  3859 D StorageNotification:     mountUserId=0 state=MOUNTED 
02-10 21:47:53.169  3859  3859 D StorageNotification:     fsType=ext2 fsUuid=d440b144-9519-404b-a098-c6ee808391ab fsLabel=sdcard1 
02-10 21:47:53.169  3859  3859 D StorageNotification:     path=/storage/d440b144-9519-404b-a098-c6ee808391ab 
02-10 21:47:53.169  3859  3859 D StorageNotification:     internalPath=/mnt/media_rw/d440b144-9519-404b-a098-c6ee808391ab 
02-10 21:47:53.176  1863  3760 W InputMethodManagerService: Window already focused, ignoring focus gain of: com.android.internal.view.IInputMethodClient$Stub$Proxy@abf27ca attribute=null, token = android.os.BinderProxy@daac111
02-10 21:47:53.431  1863  3636 D ConnectivityService: notifyType CAP_CHANGED for NetworkAgentInfo [WIFI () - 101]
02-10 21:47:53.439  3859  3859 D PhoneStatusBar: disable: < expand icons* alerts system_info* back home recent clock search quick_settings >
02-10 21:47:53.440  1863  3636 D ConnectivityService: updateNetworkScore for NetworkAgentInfo [WIFI () - 101] to 60
02-10 21:47:54.502  3883  4012 W NFC-LLC : LLC length mis-match
02-10 21:47:56.354   458  1348 I chatty  : uid=1013(media) AudioOut_2 expire 125 lines
02-10 21:47:56.456  1863  3636 D ConnectivityService: notifyType CAP_CHANGED for NetworkAgentInfo [WIFI () - 101]
02-10 21:47:56.459  1863  3636 D ConnectivityService: updateNetworkScore for NetworkAgentInfo [WIFI () - 101] to 56
02-10 21:47:56.504  3883  4012 W NFC-LLC : LLC length mis-match
02-10 21:47:56.588  6350  6393 I Finsky  : [282] com.google.android.finsky.b.c.a(289): Completed 0 account content syncs with 0 successful.
02-10 21:47:56.588  6350  6350 I Finsky  : [1] com.google.android.finsky.services.j.a(150): Installation state replication succeeded.
02-10 21:47:56.874  1863  4574 I ActivityManager: START u0 {act=android.intent.action.MAIN cmp=com.android.settings/.SubSettings (has extras)} from uid 1000 on display 0
02-10 21:47:56.987  5340  5340 I chatty  : uid=1000(system) com.android.settings expire 2 lines
02-10 21:47:57.221  1863  1970 I chatty  : uid=1000(system) android.display expire 1 line
02-10 21:47:57.256  5340  5465 I chatty  : uid=1000(system) com.android.settings expire 2 lines
02-10 21:47:58.505  3883  4012 W NFC-LLC : LLC length mis-match
02-10 21:47:58.986  1863  4480 I NotificationService: cancelToast pkg=com.android.settings callback=android.app.ITransientNotification$Stub$Proxy@849665d
02-10 21:47:59.270  1863  3826 I NotificationService: cancelToast pkg=com.android.settings callback=android.app.ITransientNotification$Stub$Proxy@b6f231e
02-10 21:47:59.469  1863  3636 D ConnectivityService: notifyType CAP_CHANGED for NetworkAgentInfo [WIFI () - 101]
02-10 21:47:59.472  1863  3636 D ConnectivityService: updateNetworkScore for NetworkAgentInfo [WIFI () - 101] to 60
02-10 21:47:59.476  1863  3737 I NotificationService: cancelToast pkg=com.android.settings callback=android.app.ITransientNotification$Stub$Proxy@80415
02-10 21:47:59.775  1863  3826 I NotificationService: cancelToast pkg=com.android.settings callback=android.app.ITransientNotification$Stub$Proxy@def76b8
02-10 21:47:59.788  5340  5876 I chatty  : uid=1000(system) com.android.settings expire 2 lines
02-10 21:48:00.507  3883  4012 W NFC-LLC : LLC length mis-match
02-10 21:48:01.027  4342  4342 D EmojiAltPhysicalKeyDetector: onKeyUp() : KeyEvent { action=ACTION_UP, keyCode=KEYCODE_BACK, scanCode=0, metaState=0, flags=0x48, repeatCount=0, eventTime=860256, downTime=860150, deviceId=-1, source=0x101 }
02-10 21:48:01.027  4342  4342 D EmojiAltPhysicalKeyDetector: onKeyUp() : Not Mapped: 4
02-10 21:48:01.173  4463  5023 D PhoneInterfaceManager: [PhoneIntfMgr] getDataEnabled: subId=1 phoneId=0
02-10 21:48:01.173  4463  5023 D PhoneInterfaceManager: [PhoneIntfMgr] getDataEnabled: subId=1 retVal=true
02-10 21:48:01.174  5340  5340 I chatty  : uid=1000(system) com.android.settings expire 2 lines
02-10 21:48:01.495  5340  5953 I chatty  : uid=1000(system) com.android.settings expire 4 lines
02-10 21:48:01.621  5340  5876 I chatty  : uid=1000(system) com.android.settings expire 2 lines
02-10 21:48:02.509  3883  4012 W NFC-LLC : LLC length mis-match
02-10 21:48:03.602  1863  4521 I ActivityManager: START u0 {act=android.intent.action.MAIN cmp=com.android.settings/.SubSettings (has extras)} from uid 1000 on display 0
02-10 21:48:03.625  1863  6931 I chatty  : uid=1000(system) Thread-376 expire 1 line
02-10 21:48:03.644  5340  5340 I chatty  : uid=1000(system) com.android.settings expire 3 lines
02-10 21:48:03.850  1863  1976 I ActivityManager: Force stopping com.android.shell appid=2000 user=0: pkg changed
02-10 21:48:03.893  1863  2366 I chatty  : uid=1000(system) InputReader expire 1 line
02-10 21:48:03.956  4797  8389 D PackageBroadcastService: Received broadcast action=android.intent.action.PACKAGE_CHANGED and uri=com.android.shell
02-10 21:48:04.000  1863  1873 I chatty  : uid=1000(system) HeapTaskDaemon expire 1 line
02-10 21:48:04.102  1863  1964 I chatty  : uid=1000(system) android.bg expire 1 line
02-10 21:48:04.108  4797  8392 I PeopleSync: requestContactSyncCleanup [83d3b0fa]
02-10 21:48:04.228  1863  1970 I chatty  : uid=1000(system) android.display expire 2 lines
02-10 21:48:04.292  5340  5465 I chatty  : uid=1000(system) com.android.settings expire 1 line
02-10 21:48:04.511  3883  4012 W NFC-LLC : LLC length mis-match
02-10 21:48:05.299  4797  5030 I Icing   : Indexing A60CBD045022945CB8347A44648D1FA6E217575D from com.google.android.gms
02-10 21:48:05.331  4797  5030 I Icing   : Indexing done A60CBD045022945CB8347A44648D1FA6E217575D
02-10 21:48:05.605   454  1483 E NetlinkEvent: NetlinkEvent::FindParam(): Parameter 'UID' not found
02-10 21:48:06.514  3883  4012 W NFC-LLC : LLC length mis-match
02-10 21:48:07.621   458  1348 I chatty  : uid=1013(media) AudioOut_2 expire 69 lines
02-10 21:48:08.425  1863  3827 W InputMethodManagerService: Window already focused, ignoring focus gain of: com.android.internal.view.IInputMethodClient$Stub$Proxy@528e7f0 attribute=null, token = android.os.BinderProxy@ea4dd5
02-10 21:48:08.516  3883  4012 W NFC-LLC : LLC length mis-match
02-10 21:48:09.118  1863  4521 W InputMethodManagerService: Window already focused, ignoring focus gain of: com.android.internal.view.IInputMethodClient$Stub$Proxy@774648f attribute=null, token = android.os.BinderProxy@ea4dd5
02-10 21:48:10.520  3883  4012 W NFC-LLC : LLC length mis-match
02-10 21:48:10.977  1863  1967 I UsbDeviceManager: Setting USB config to mtp,adb
02-10 21:48:10.996  1863  3829 W InputMethodManagerService: Window already focused, ignoring focus gain of: com.android.internal.view.IInputMethodClient$Stub$Proxy@ffb44fa attribute=null, token = android.os.BinderProxy@ea4dd5
02-10 21:48:11.523  1863  4534 I ActivityManager: START u0 {act=com.android.systemui.recents.SHOW_RECENTS flg=0x10804000 cmp=com.android.systemui/.recents.RecentsActivity} from uid 10018 on display 0
02-10 21:48:12.166  1863  1963 I ActivityManager: Killing 5979:com.google.android.setupwizard/u0a13 (adj 15): empty #17
02-10 21:48:12.246  1863  1963 I ActivityManager: Killing 5340:com.android.settings/1000 (adj 9): remove task
02-10 21:48:12.294  1863  3827 I chatty  : uid=1000(system) Binder_7 expire 1 line
02-10 21:48:12.294  1863  3829 I WindowState: WIN DEATH: Window{cad9276 u0 com.android.settings/com.android.settings.Settings}
02-10 21:48:12.296  1863  3635 D WifiService: Client connection lost with reason: 4
02-10 21:48:12.299  1863  4574 I WindowState: WIN DEATH: Window{f3839ea u0 com.android.settings/com.android.settings.SubSettings}
02-10 21:48:12.356  1863  3737 I chatty  : uid=1000(system) Binder_3 expire 1 line
02-10 21:48:12.502  1863  3634 I chatty  : uid=1000(system) WifiStateMachin expire 1 line
02-10 21:48:12.522  3883  4012 W NFC-LLC : LLC length mis-match
02-10 21:48:12.861  1863  4521 I ActivityManager: START u0 {act=android.intent.action.MAIN cat=[android.intent.category.HOME] flg=0x10200000 cmp=com.cyanogenmod.trebuchet/com.android.launcher3.Launcher} from uid 10018 on display 0
02-10 21:48:13.514  8053  8089 W OpenGLRenderer: Incorrectly called buildLayer on View: ShortcutAndWidgetContainer, destroying layer...
02-10 21:48:14.291  1863  4459 I ActivityManager: START u0 {act=android.intent.action.MAIN cat=[android.intent.category.LAUNCHER] flg=0x10200000 cmp=com.android.vending/.AssetBrowserActivity bnds=[536,759][712,992] (has extras)} from uid 10021 on display 0
02-10 21:48:14.341  1863  1965 W BroadcastQueue: Permission Denial: broadcasting Intent { act=com.android.launcher3.action.LAUNCH flg=0x10 (has extras) } from com.cyanogenmod.trebuchet (pid=8053, uid=10021) requires com.google.android.launcher.permission.RECEIVE_LAUNCH_BROADCASTS due to receiver com.google.android.gms/.icing.proxy.ApplicationLauncherReceiver
02-10 21:48:14.405  1863  4521 W ActivityManager: Unable to start service Intent { cmp=com.android.vending/com.google.android.finsky.safemode.SafeModeService } U=0: not found
02-10 21:48:14.423  1863  3760 I ActivityManager: START u0 {act=android.intent.action.MAIN cat=[android.intent.category.LAUNCHER] flg=0x10000000 cmp=com.android.vending/com.google.android.finsky.activities.MainActivity bnds=[536,759][712,992] (has extras)} from uid 10027 on display 0
02-10 21:48:14.470  1863  4459 W ActivityManager: Unable to start service Intent { cmp=com.android.vending/com.google.android.finsky.safemode.SafeModeService } U=0: not found
02-10 21:48:14.472  1863  3828 W ActivityManager: Unable to start service Intent { cmp=com.android.vending/com.google.android.finsky.safemode.SafeModeService } U=0: not found
02-10 21:48:14.504  6350  6350 I Finsky  : [1] com.google.android.finsky.utils.jb.a(125): Refreshing user settings: account=[scXQIq5BSFB-XztjFbzcPP79r9Y]
02-10 21:48:14.515  6350  6350 I Finsky  : [1] com.google.android.finsky.utils.jb.a(125): Refreshing user settings: account=[scXQIq5BSFB-XztjFbzcPP79r9Y]
02-10 21:48:14.515  4697  4697 V GLSActivity: AuthDelegateWrapperCreated with selected intent: Intent { cmp=com.google.android.gms/.auth.DefaultAuthDelegateService }
02-10 21:48:14.524  6350  6350 E Finsky  : [1] com.google.android.finsky.utils.w.a(57): No permission to get location. java.lang.SecurityException: "gps" location provider requires ACCESS_FINE_LOCATION permission.
02-10 21:48:14.524  4697  4697 V GLSActivity: AuthDelegateWrapperCreated with selected intent: Intent { cmp=com.google.android.gms/.auth.DefaultAuthDelegateService }
02-10 21:48:14.524  3883  4012 W NFC-LLC : LLC length mis-match
02-10 21:48:14.526  4697  4697 V GLSActivity: AuthDelegateWrapperCreated with selected intent: Intent { cmp=com.google.android.gms/.auth.DefaultAuthDelegateService }
02-10 21:48:14.532  6350  6350 E Finsky  : [1] com.google.android.finsky.utils.db.a(3106): No permission to get location. java.lang.SecurityException: "fused" location provider requires ACCESS_COARSE_LOCATION or ACCESS_FINE_LOCATION permission.
02-10 21:48:14.559   454  1483 E NetlinkEvent: NetlinkEvent::FindParam(): Parameter 'UID' not found
02-10 21:48:14.789  6350  8452 D OpenGLRenderer: Use EGL_SWAP_BEHAVIOR_PRESERVED: true
02-10 21:48:14.810  6350  6350 I Finsky  : [1] com.google.android.finsky.utils.hn.a(147): Skipping DFE self-update. Local Version [80621000] >= Server Version [-1]
02-10 21:48:14.845  4697  4697 V GLSActivity: AuthDelegateWrapperCreated with selected intent: Intent { cmp=com.google.android.gms/.auth.DefaultAuthDelegateService }
02-10 21:48:14.883  6350  8452 I Adreno-EGL: <qeglDrvAPI_eglInitialize:381>: EGL 1.4 QUALCOMM build:  (CL3869936)
02-10 21:48:14.883  6350  8452 I Adreno-EGL: OpenGL ES Shader Compiler Version: 17.01.11.SPL
02-10 21:48:14.883  6350  8452 I Adreno-EGL: Build Date: 03/28/14 Fri
02-10 21:48:14.883  6350  8452 I Adreno-EGL: Local Branch: 
02-10 21:48:14.883  6350  8452 I Adreno-EGL: Remote Branch: 
02-10 21:48:14.883  6350  8452 I Adreno-EGL: Local Patches: 
02-10 21:48:14.883  6350  8452 I Adreno-EGL: Reconstruct Branch: 
02-10 21:48:14.883  6350  8452 I OpenGLRenderer: Initialized EGL, version 1.4
02-10 21:48:15.031  6350  6350 I Finsky  : [1] com.google.android.finsky.utils.dj.a(72): Network quality prediction is disabled
02-10 21:48:15.080  1863  1970 I chatty  : uid=1000(system) android.display expire 1 line
02-10 21:48:16.189  6350  6381 I qtaguid : Failed write_ctrl(u 49) res=-1 errno=22
02-10 21:48:16.190  6350  6381 I qtaguid : Untagging socket 49 failed errno=-22
02-10 21:48:16.190  6350  6381 W NetworkManagementSocketTagger: untagSocket(49) failed with errno -22
02-10 21:48:16.230  6350  6350 I Finsky  : [1] com.google.android.finsky.utils.ig.a(102): TOS is accepted (pref)
02-10 21:48:16.256  6350  6350 W Settings: Setting install_non_market_apps has moved from android.provider.Settings.Global to android.provider.Settings.Secure, returning read-only value.
02-10 21:48:16.261  6350  6350 W Settings: Setting download_manager_max_bytes_over_mobile has moved from android.provider.Settings.Secure to android.provider.Settings.Global.
02-10 21:48:16.268  4697  4697 V GLSActivity: AuthDelegateWrapperCreated with selected intent: Intent { cmp=com.google.android.gms/.auth.DefaultAuthDelegateService }
02-10 21:48:16.270  6350  6350 I Finsky  : [1] com.google.android.finsky.activities.dh.a(44): Skipping fetching recovery intent -- gaia recovery disabled
02-10 21:48:16.289  6350  6350 I Finsky  : [1] com.google.android.finsky.billing.v.b(244): #accountHasFop is not ready
02-10 21:48:16.327  6350  6350 I Finsky  : [1] com.google.android.finsky.activities.MainActivity.b(27777): Optimistically fetching billing countries.
02-10 21:48:16.525  3883  4012 W NFC-LLC : LLC length mis-match
02-10 21:48:16.589  6350  6380 I qtaguid : Failed write_ctrl(u 36) res=-1 errno=22
02-10 21:48:16.589  6350  6380 I qtaguid : Untagging socket 36 failed errno=-22
02-10 21:48:16.589  6350  6380 W NetworkManagementSocketTagger: untagSocket(36) failed with errno -22
02-10 21:48:16.601  4697  4697 V GLSActivity: AuthDelegateWrapperCreated with selected intent: Intent { cmp=com.google.android.gms/.auth.DefaultAuthDelegateService }
02-10 21:48:18.244  6350  6381 I qtaguid : Failed write_ctrl(u 49) res=-1 errno=22
02-10 21:48:18.244  6350  6381 I qtaguid : Untagging socket 49 failed errno=-22
02-10 21:48:18.244  6350  6381 W NetworkManagementSocketTagger: untagSocket(49) failed with errno -22
02-10 21:48:18.294  4697  4697 V GLSActivity: AuthDelegateWrapperCreated with selected intent: Intent { cmp=com.google.android.gms/.auth.DefaultAuthDelegateService }
02-10 21:48:18.511  6350  6380 I qtaguid : Failed write_ctrl(u 36) res=-1 errno=22
02-10 21:48:18.511  6350  6380 I qtaguid : Untagging socket 36 failed errno=-22
02-10 21:48:18.511  6350  6380 W NetworkManagementSocketTagger: untagSocket(36) failed with errno -22
02-10 21:48:18.518  4697  4697 V GLSActivity: AuthDelegateWrapperCreated with selected intent: Intent { cmp=com.google.android.gms/.auth.DefaultAuthDelegateService }
02-10 21:48:18.527  3883  4012 W NFC-LLC : LLC length mis-match
02-10 21:48:20.393  6350  6381 I qtaguid : Failed write_ctrl(u 49) res=-1 errno=22
02-10 21:48:20.393  6350  6381 I qtaguid : Untagging socket 49 failed errno=-22
02-10 21:48:20.393  6350  6381 W NetworkManagementSocketTagger: untagSocket(49) failed with errno -22
02-10 21:48:20.417  6350  6350 I Finsky  : [1] com.google.android.finsky.billing.w.a_(2229): has_fop cache updated to: true (account=[scXQIq5BSFB-XztjFbzcPP79r9Y])
02-10 21:48:20.530  3883  4012 W NFC-LLC : LLC length mis-match
02-10 21:48:21.077  6350  6380 I qtaguid : Failed write_ctrl(u 36) res=-1 errno=22
02-10 21:48:21.078  6350  6380 I qtaguid : Untagging socket 36 failed errno=-22
02-10 21:48:21.078  6350  6380 W NetworkManagementSocketTagger: untagSocket(36) failed with errno -22
02-10 21:48:21.125  4697  4697 V GLSActivity: AuthDelegateWrapperCreated with selected intent: Intent { cmp=com.google.android.gms/.auth.DefaultAuthDelegateService }
02-10 21:48:21.649  6350  6350 I Finsky  : [1] com.google.android.finsky.d.a.b(88): Application close deferrer set because of stale process stable experiments
02-10 21:48:22.532  3883  4012 W NFC-LLC : LLC length mis-match
02-10 21:48:24.535  3883  4012 W NFC-LLC : LLC length mis-match
02-10 21:48:24.939  4697  6416 V NativeCrypto: SSL shutdown failed: ssl=0xb7e22f98: I/O error during system call, Connection timed out
02-10 21:48:25.415  6350  6380 I qtaguid : Failed write_ctrl(u 49) res=-1 errno=22
02-10 21:48:25.415  6350  6380 I qtaguid : Untagging socket 49 failed errno=-22
02-10 21:48:25.416  6350  6380 W NetworkManagementSocketTagger: untagSocket(49) failed with errno -22
02-10 21:48:25.417  6350  6380 D Volley  : [269] c.a: HTTP response for request=<[ ] https://android.clients.google.com/fdfe/homeV2?c=3 0xe8d195d1 NORMAL 32> [lifetime=6904], [size=59697], [rc=200], [retryCount=1]
02-10 21:48:25.565  4697  4697 V GLSActivity: AuthDelegateWrapperCreated with selected intent: Intent { cmp=com.google.android.gms/.auth.DefaultAuthDelegateService }
02-10 21:48:25.625  1863  6931 I chatty  : uid=1000(system) Thread-376 expire 1 line
02-10 21:48:25.670  4697  4697 V GLSActivity: AuthDelegateWrapperCreated with selected intent: Intent { cmp=com.google.android.gms/.auth.DefaultAuthDelegateService }
02-10 21:48:25.684  6350  6350 E RecyclerView: No adapter attached; skipping layout
02-10 21:48:25.689  6350  6350 W View    : requestLayout() improperly called by com.google.android.finsky.layout.play.HighlightsClusterViewContent{c6d1af4 VFED..... ......ID 0,0-720,517 #7f120129 app:id/cluster_content} during layout: running second layout pass
02-10 21:48:25.750  6350  8452 V RenderScript: 0xb7ee8e80 Launching thread(s), CPUs 2
02-10 21:48:26.537  3883  4012 W NFC-LLC : LLC length mis-match
02-10 21:48:27.515  6350  6381 I qtaguid : Failed write_ctrl(u 49) res=-1 errno=22
02-10 21:48:27.515  6350  6381 I qtaguid : Untagging socket 49 failed errno=-22
02-10 21:48:27.515  6350  6381 W NetworkManagementSocketTagger: untagSocket(49) failed with errno -22
02-10 21:48:27.543  4697  4697 V GLSActivity: AuthDelegateWrapperCreated with selected intent: Intent { cmp=com.google.android.gms/.auth.DefaultAuthDelegateService }
02-10 21:48:27.811  6350  6389 D Volley  : [278] c.a: HTTP response for request=<[ ] https://lh3.googleusercontent.com/-jzA4c1ftjR4/AAAAAAAAAAI/AAAAAAAAAAA/dLdHMYm7p2A/rw-w116-h116/photo.jpg 0xdaddf211 LOW 5> [lifetime=11142], [size=840], [rc=200], [retryCount=1]
02-10 21:48:28.539  3883  4012 W NFC-LLC : LLC length mis-match
02-10 21:48:28.875  6350  6389 I qtaguid : Failed write_ctrl(u 36) res=-1 errno=22
02-10 21:48:28.875  6350  6389 I qtaguid : Untagging socket 36 failed errno=-22
02-10 21:48:28.875  6350  6389 W NetworkManagementSocketTagger: untagSocket(36) failed with errno -22
02-10 21:48:28.985  6350  6381 I qtaguid : Failed write_ctrl(u 49) res=-1 errno=22
02-10 21:48:28.985  6350  6381 I qtaguid : Untagging socket 49 failed errno=-22
02-10 21:48:28.985  6350  6381 W NetworkManagementSocketTagger: untagSocket(49) failed with errno -22
02-10 21:48:28.994   458  1348 I chatty  : uid=1013(media) AudioOut_2 expire 55 lines
02-10 21:48:29.006  6350  6350 I Finsky  : [1] com.google.android.finsky.billing.aj.a_(1049): Received and stored 145 billing countries.
02-10 21:48:30.542  3883  4012 W NFC-LLC : LLC length mis-match
02-10 21:48:30.572  4697  4697 V GLSActivity: AuthDelegateWrapperCreated with selected intent: Intent { cmp=com.google.android.gms/.auth.DefaultAuthDelegateService }
02-10 21:48:30.685  6350  6387 D Volley  : [276] c.a: HTTP response for request=<[ ] https://lh6.googleusercontent.com/-5vG8ole8nAI/UYFKqb0Y7YI/AAAAAAAABiA/YQzKopOzN1g/rw-w608-h344/default_cover_1_c07bbaef481e775be41b71cecbb5cd60.jpg 0xb972bdd4 LOW 4> [lifetime=14018], [size=22166], [rc=200], [retryCount=1]
02-10 21:48:31.662  6350  6380 D Volley  : [269] c.a: HTTP response for request=<[ ] https://android.clients.google.com/fdfe/suggest?ssc=CAAQDQ&sdt=1&sdt=2&sdt=3&sdt=4&sdt=5&sdt=6&sdt=16&sdt=17&sdt=18&sdt=19&sdt=20&sdt=28&n=5&o=0&nc=7 0xe8d195d1 NORMAL 38> [lifetime=5993], [size=51629], [rc=200], [retryCount=0]
02-10 21:48:31.713  4697  4697 V GLSActivity: AuthDelegateWrapperCreated with selected intent: Intent { cmp=com.google.android.gms/.auth.DefaultAuthDelegateService }
02-10 21:48:32.326  6350  6381 I qtaguid : Failed write_ctrl(u 49) res=-1 errno=22
02-10 21:48:32.326  6350  6381 I qtaguid : Untagging socket 49 failed errno=-22
02-10 21:48:32.326  6350  6381 W NetworkManagementSocketTagger: untagSocket(49) failed with errno -22
02-10 21:48:32.545  3883  4012 W NFC-LLC : LLC length mis-match
02-10 21:48:34.547  3883  4012 W NFC-LLC : LLC length mis-match
02-10 21:48:35.046  6350  6380 D Volley  : [269] c.a: HTTP response for request=<[ ] https://android.clients.google.com/fdfe/bulkDetails 0xe8d195d1 NORMAL 42> [lifetime=3338], [size=1629], [rc=200], [retryCount=0]
02-10 21:48:35.132  6350  6389 D Volley  : [278] c.a: HTTP response for request=<[ ] https://lh3.googleusercontent.com/QpzFzsfVW883iDxgv0O-lAdD6BwpizNtc6om2NYdJpzV4f6aZIeLL0Hro95Gq5mIWBzq=rw-w720-h517 0xdaddf211 LOW 11> [lifetime=7265], [size=35082], [rc=200], [retryCount=1]
02-10 21:48:35.168  6350  6350 I PlayCommon: [1] com.google.android.play.image.e.a(4396): https://lh3.googleusercontent.com/QpzFzsfVW883iDxgv0O-lAdD6BwpizNtc6om2NYdJpzV4f6aZIeLL0Hro95Gq5mIWBzq=rw-w720-h517 is not cached
02-10 21:48:35.234  6350  6388 D Volley  : [277] c.a: HTTP response for request=<[X] https://lh3.googleusercontent.com/vK0Y5ASY11M5Fk2cWkt7EwCCMh2oGJCTHOKK6jVOc0mbWpMB9ghL220gx7PLHu7FKRM=rw-w640-h360 0xdaddf211 LOW 7> [lifetime=9641], [size=41442], [rc=200], [retryCount=1]
02-10 21:48:35.314  6350  6350 I PlayCommon: [1] com.google.android.play.image.e.a(4396): https://lh3.googleusercontent.com/vK0Y5ASY11M5Fk2cWkt7EwCCMh2oGJCTHOKK6jVOc0mbWpMB9ghL220gx7PLHu7FKRM=rw-w640-h360 is not cached
02-10 21:48:36.549  3883  4012 W NFC-LLC : LLC length mis-match
02-10 21:48:38.551  3883  4012 W NFC-LLC : LLC length mis-match
02-10 21:48:40.311  6350  6387 D Volley  : [276] c.a: HTTP response for request=<[ ] https://lh3.googleusercontent.com/4aPMIItuL9LIYPfeQEA-OjpFa6dJairv27ppOvc_x8awB9kzfAYddD6UghIFfCCQk5U=rw-w225-h225 0xdaddf211 LOW 12> [lifetime=9562], [size=65498], [rc=200], [retryCount=1]
02-10 21:48:40.554  3883  4012 W NFC-LLC : LLC length mis-match
02-10 21:48:41.827  6350  6390 D Volley  : [279] c.a: HTTP response for request=<[X] https://lh3.googleusercontent.com/mkrgzg0UocL7m4vLAzBaO_H3rTtLE3jMT6PCd29XaiSpecMcdhpRfmhEZT5Y6-V7qYdn=rw-w640-h360 0xdaddf211 LOW 6> [lifetime=16235], [size=41194], [rc=200], [retryCount=2]
02-10 21:48:41.928  6350  6350 I PlayCommon: [1] com.google.android.play.image.e.a(4396): https://lh3.googleusercontent.com/mkrgzg0UocL7m4vLAzBaO_H3rTtLE3jMT6PCd29XaiSpecMcdhpRfmhEZT5Y6-V7qYdn=rw-w640-h360 is not cached
02-10 21:48:42.555  3883  4012 W NFC-LLC : LLC length mis-match
02-10 21:48:43.772  6350  6388 D Volley  : [277] c.a: HTTP response for request=<[ ] https://lh3.googleusercontent.com/1M_b5RAUzHIUKFxiM9yMJS1Kqg4rkDg9abmlPSDCdW0gcMYYmDVxqln0N1cbh43jJQ=rw-w225-h225 0xdaddf211 LOW 14> [lifetime=8506], [size=46870], [rc=200], [retryCount=1]
02-10 21:48:44.557  3883  4012 W NFC-LLC : LLC length mis-match
02-10 21:48:44.836  6350  6388 I qtaguid : Failed write_ctrl(u 72) res=-1 errno=22
02-10 21:48:44.836  6350  6388 I qtaguid : Untagging socket 72 failed errno=-22
02-10 21:48:44.836  6350  6388 W NetworkManagementSocketTagger: untagSocket(72) failed with errno -22
02-10 21:48:44.853  1863  1965 E KernelUidCpuTimeReader: Failed to read uid_cputime: /proc/uid_cputime/show_uid_stat: open failed: ENOENT (No such file or directory)
02-10 21:48:44.854  1863  1967 E KernelUidCpuTimeReader: Failed to read uid_cputime: /proc/uid_cputime/show_uid_stat: open failed: ENOENT (No such file or directory)
02-10 21:48:45.500  6350  6387 D Volley  : [276] c.a: HTTP response for request=<[ ] https://lh3.googleusercontent.com/QpzFzsfVW883iDxgv0O-lAdD6BwpizNtc6om2NYdJpzV4f6aZIeLL0Hro95Gq5mIWBzq=rw-w640-h360 0xdaddf211 LOW 17> [lifetime=5146], [size=29310], [rc=200], [retryCount=0]
02-10 21:48:45.561  6350  6350 I PlayCommon: [1] com.google.android.play.image.e.a(4396): https://lh3.googleusercontent.com/QpzFzsfVW883iDxgv0O-lAdD6BwpizNtc6om2NYdJpzV4f6aZIeLL0Hro95Gq5mIWBzq=rw-w640-h360 is not cached
02-10 21:48:46.337  4697  4697 V GLSActivity: AuthDelegateWrapperCreated with selected intent: Intent { cmp=com.google.android.gms/.auth.DefaultAuthDelegateService }
02-10 21:48:46.350  4697  4697 V GLSActivity: AuthDelegateWrapperCreated with selected intent: Intent { cmp=com.google.android.gms/.auth.DefaultAuthDelegateService }
02-10 21:48:46.351  4697  4697 V GLSActivity: AuthDelegateWrapperCreated with selected intent: Intent { cmp=com.google.android.gms/.auth.DefaultAuthDelegateService }
02-10 21:48:46.560  3883  4012 W NFC-LLC : LLC length mis-match
02-10 21:48:48.562  3883  4012 W NFC-LLC : LLC length mis-match
02-10 21:48:49.520  6350  6381 I qtaguid : Failed write_ctrl(u 78) res=-1 errno=22
02-10 21:48:49.521  6350  6381 I qtaguid : Untagging socket 78 failed errno=-22
02-10 21:48:49.521  6350  6381 W NetworkManagementSocketTagger: untagSocket(78) failed with errno -22
02-10 21:48:49.521  6350  6381 D Volley  : [270] c.a: HTTP response for request=<[ ] https://android.clients.google.com/fdfe/library?c=3&libid=3&st=EOvD7rUFGZHt3HrortVBIhcI3-HgxIjuygIQAxABEAQQAhAGEAoYAg%3D%3D&dt=1&n=20&o=20 0xe8d195d1 NORMAL 43> [lifetime=3196], [size=26100], [rc=200], [retryCount=0]
02-10 21:48:50.308  6350  6388 D Volley  : [277] c.a: HTTP response for request=<[ ] https://lh3.googleusercontent.com/hfwNr8lAk-R8K87KItXgyXVeaJoRC4TvhEqz9UZMIBlU5pPR6oWu7SFcpSOC5XtXuw=rw-w640-h360 0xdaddf211 LOW 19> [lifetime=6478], [size=48786], [rc=200], [retryCount=1]
02-10 21:48:50.351  6350  6350 I PlayCommon: [1] com.google.android.play.image.e.a(4396): https://lh3.googleusercontent.com/hfwNr8lAk-R8K87KItXgyXVeaJoRC4TvhEqz9UZMIBlU5pPR6oWu7SFcpSOC5XtXuw=rw-w640-h360 is not cached
02-10 21:48:50.564  3883  4012 W NFC-LLC : LLC length mis-match
02-10 21:48:51.439  6350  6390 D Volley  : [279] c.a: HTTP response for request=<[ ] https://lh3.googleusercontent.com/jOwjUyViPWmywqx8oziwjkJglqXDVJInrN7dAWfZZY8yxrMwgARThJBZfuISXz6nzP0=rw-w640-h360 0xdaddf211 LOW 18> [lifetime=9570], [size=48024], [rc=200], [retryCount=1]
02-10 21:48:51.516  6350  6350 I PlayCommon: [1] com.google.android.play.image.e.a(4396): https://lh3.googleusercontent.com/jOwjUyViPWmywqx8oziwjkJglqXDVJInrN7dAWfZZY8yxrMwgARThJBZfuISXz6nzP0=rw-w640-h360 is not cached
02-10 21:48:52.565  3883  4012 W NFC-LLC : LLC length mis-match
02-10 21:48:52.762  6350  6389 D Volley  : [278] c.a: HTTP response for request=<[ ] https://lh3.googleusercontent.com/zfoM5EVAX9CJucFKQoQLVbVvhRVI8StNHrVBZJasaFudO0JOlYCiqm-awbc2UKlmKFNj=rw-w225-h225 0xdaddf211 LOW 13> [lifetime=17594], [size=69418], [rc=200], [retryCount=2]
02-10 21:48:54.568  3883  4012 W NFC-LLC : LLC length mis-match
02-10 21:48:54.864  6350  6387 D Volley  : [276] c.a: HTTP response for request=<[ ] https://lh3.googleusercontent.com/nfrsJEPeaiG5vAhOegW9SQKs7q0tQsvJLh5bmNJrQZ1qjRKV16b6AY0X0sJkT4cAUc8=rw-w720-h517 0xdaddf211 LOW 25> [lifetime=9318], [size=24856], [rc=200], [retryCount=1]
02-10 21:48:54.915  6350  6350 I PlayCommon: [1] com.google.android.play.image.e.a(4396): https://lh3.googleusercontent.com/nfrsJEPeaiG5vAhOegW9SQKs7q0tQsvJLh5bmNJrQZ1qjRKV16b6AY0X0sJkT4cAUc8=rw-w720-h517 is not cached
02-10 21:48:55.152  6350  6362 I art     : Background sticky concurrent mark sweep GC freed 39240(3MB) AllocSpace objects, 23(2MB) LOS objects, 15% free, 34MB/40MB, paused 9.217ms total 89.180ms
02-10 21:48:56.570  3883  4012 W NFC-LLC : LLC length mis-match
02-10 21:48:58.572  3883  4012 W NFC-LLC : LLC length mis-match
02-10 21:49:00.574  3883  4012 W NFC-LLC : LLC length mis-match
02-10 21:49:00.801  6350  6390 D Volley  : [279] c.a: HTTP response for request=<[ ] https://lh3.googleusercontent.com/abjkigMki7v5vRal-RHl8PTXg71TwZTRv4A92SatE5sDYjzOEkg9ZvR9vtzB3vbmUA=rw-w640-h360 0xdaddf211 LOW 27> [lifetime=9299], [size=20222], [rc=200], [retryCount=1]
02-10 21:49:00.848  6350  6350 I PlayCommon: [1] com.google.android.play.image.e.a(4396): https://lh3.googleusercontent.com/abjkigMki7v5vRal-RHl8PTXg71TwZTRv4A92SatE5sDYjzOEkg9ZvR9vtzB3vbmUA=rw-w640-h360 is not cached
02-10 21:49:02.575  3883  4012 W NFC-LLC : LLC length mis-match
02-10 21:49:02.689  6350  6388 D Volley  : [277] c.a: HTTP response for request=<[ ] https://lh3.googleusercontent.com/UMUtB-M6gvXPxVBxsgWv44JbgfRXDOF_ytQnkfrG6u2WBBfI5SEfzn-980hyhBGGhA=rw-w640-h360 0xdaddf211 LOW 26> [lifetime=12340], [size=48266], [rc=200], [retryCount=1]
02-10 21:49:02.750  6350  6350 I PlayCommon: [1] com.google.android.play.image.e.a(4396): https://lh3.googleusercontent.com/UMUtB-M6gvXPxVBxsgWv44JbgfRXDOF_ytQnkfrG6u2WBBfI5SEfzn-980hyhBGGhA=rw-w640-h360 is not cached
02-10 21:49:02.808  6350  6389 D Volley  : [278] c.a: HTTP response for request=<[ ] https://lh3.googleusercontent.com/nfrsJEPeaiG5vAhOegW9SQKs7q0tQsvJLh5bmNJrQZ1qjRKV16b6AY0X0sJkT4cAUc8=rw-w640-h360 0xdaddf211 LOW 28> [lifetime=10013], [size=21072], [rc=200], [retryCount=1]
02-10 21:49:02.847  6350  6350 I PlayCommon: [1] com.google.android.play.image.e.a(4396): https://lh3.googleusercontent.com/nfrsJEPeaiG5vAhOegW9SQKs7q0tQsvJLh5bmNJrQZ1qjRKV16b6AY0X0sJkT4cAUc8=rw-w640-h360 is not cached
02-10 21:49:03.450  4697  4697 V GLSActivity: AuthDelegateWrapperCreated with selected intent: Intent { cmp=com.google.android.gms/.auth.DefaultAuthDelegateService }
02-10 21:49:03.470  4697  4697 V GLSActivity: AuthDelegateWrapperCreated with selected intent: Intent { cmp=com.google.android.gms/.auth.DefaultAuthDelegateService }
02-10 21:49:03.472  4697  4697 V GLSActivity: AuthDelegateWrapperCreated with selected intent: Intent { cmp=com.google.android.gms/.auth.DefaultAuthDelegateService }
02-10 21:49:03.974  7145  7191 I ClearcutLoggerApiImpl: disconnect managed GoogleApiClient
02-10 21:49:04.504  6350  6380 I qtaguid : Failed write_ctrl(u 78) res=-1 errno=22
02-10 21:49:04.504  6350  6380 I qtaguid : Untagging socket 78 failed errno=-22
02-10 21:49:04.504  6350  6380 W NetworkManagementSocketTagger: untagSocket(78) failed with errno -22
02-10 21:49:04.577  3883  4012 W NFC-LLC : LLC length mis-match
02-10 21:49:05.998  6350  6387 D Volley  : [276] c.a: HTTP response for request=<[ ] https://lh3.googleusercontent.com/im92p2dVWZJlu93D41Euh0tEJDZT_akNRxNYY5Iv2dNCdkKRkDpbW3luoDtQ2bSaZ2A=rw-w640-h360 0xdaddf211 LOW 29> [lifetime=11097], [size=26900], [rc=200], [retryCount=1]
02-10 21:49:06.027  6350  6350 I PlayCommon: [1] com.google.android.play.image.e.a(4396): https://lh3.googleusercontent.com/im92p2dVWZJlu93D41Euh0tEJDZT_akNRxNYY5Iv2dNCdkKRkDpbW3luoDtQ2bSaZ2A=rw-w640-h360 is not cached
02-10 21:49:06.280  6350  6390 D Volley  : [279] c.a: HTTP response for request=<[ ] http://lh3.googleusercontent.com/8_Zalzp8nxMcFek8y8RjmfruMlsnC68aH5jJVRBKYBO3m8LRPF7-nKFRgLQwvm80426H=rw-w640-h360 0xdaddf211 LOW 30> [lifetime=5446], [size=18540], [rc=200], [retryCount=0]
02-10 21:49:06.320  6350  6350 I PlayCommon: [1] com.google.android.play.image.e.a(4396): http://lh3.googleusercontent.com/8_Zalzp8nxMcFek8y8RjmfruMlsnC68aH5jJVRBKYBO3m8LRPF7-nKFRgLQwvm80426H=rw-w640-h360 is not cached
02-10 21:49:06.323  6350  6390 I qtaguid : Failed write_ctrl(u 75) res=-1 errno=22
02-10 21:49:06.323  6350  6390 I qtaguid : Untagging socket 75 failed errno=-22
02-10 21:49:06.323  6350  6390 W NetworkManagementSocketTagger: untagSocket(75) failed with errno -22
02-10 21:49:06.579  3883  4012 W NFC-LLC : LLC length mis-match
02-10 21:49:07.651   458  1348 I chatty  : uid=1013(media) AudioOut_2 expire 64 lines
02-10 21:49:07.745  4697  4697 V GLSActivity: AuthDelegateWrapperCreated with selected intent: Intent { cmp=com.google.android.gms/.auth.DefaultAuthDelegateService }
02-10 21:49:07.775  1863  4480 I chatty  : uid=1000(system) Binder_C expire 1 line
02-10 21:49:07.782  6350  6350 I Finsky  : [1] com.google.android.finsky.activities.bh.u(132): Page [class=z] loaded in [106 ms] (hasDetailsDataLoaded? false)
02-10 21:49:07.896  6350  6388 D Volley  : [277] c.a: HTTP response for request=<[ ] http://lh3.ggpht.com/llUbVmqTAfi_3v5cEKyp9yedgtXukkk18QzrEB0C_ykleML1wFIsRKRFw78Aqhp2cikQduQ66pUSX7iy=rw-w24-h24 0x9e009238 LOW 31> [lifetime=5155], [size=256], [rc=200], [retryCount=1]
