02-10 21:49:08.580  3883  4012 W NFC-LLC : LLC length mis-match
02-10 21:49:09.211  1863  4521 I ActivityManager: START u0 {cmp=com.android.vending/com.google.android.finsky.billing.lightpurchase.LightPurchaseFlowActivity (has extras)} from uid 10027 on display 0
02-10 21:49:09.238  6350  6350 E MediaPlayer-JNI: JNIMediaPlayerFactory: bIsQCMediaPlayerPresent 0
02-10 21:49:09.238  6350  6350 E MediaPlayer-JNI: JNIMediaPlayerFactory: bIsQCMediaPlayerPresent 0
02-10 21:49:09.285  1863  3828 W ActivityManager: Unable to start service Intent { cmp=com.android.vending/com.google.android.finsky.safemode.SafeModeService } U=0: not found
02-10 21:49:09.294  6350  6350 E Finsky  : [1] com.google.android.finsky.utils.w.a(57): No permission to get location. java.lang.SecurityException: "gps" location provider requires ACCESS_FINE_LOCATION permission.
02-10 21:49:09.298  6350  6350 E Finsky  : [1] com.google.android.finsky.utils.db.a(3106): No permission to get location. java.lang.SecurityException: "fused" location provider requires ACCESS_COARSE_LOCATION or ACCESS_FINE_LOCATION permission.
02-10 21:49:09.368  6350  6350 I Finsky  : [1] com.google.android.finsky.utils.dj.a(72): Network quality prediction is disabled
02-10 21:49:09.369  6350  6350 I Finsky  : [1] com.google.android.finsky.utils.hn.a(147): Skipping DFE self-update. Local Version [80621000] >= Server Version [-1]
02-10 21:49:09.371  6350  6350 I Finsky  : [1] com.google.android.finsky.utils.ig.a(102): TOS is accepted (pref)
02-10 21:49:09.391  1863  1970 I chatty  : uid=1000(system) android.display expire 2 lines
02-10 21:49:09.427  1863  4459 I ActivityManager: START u0 {cmp=com.android.vending/com.google.android.finsky.activities.AppsPermissionsActivity (has extras)} from uid 10027 on display 0
02-10 21:49:10.574  6350  6381 I qtaguid : Failed write_ctrl(u 78) res=-1 errno=22
02-10 21:49:10.574  6350  6381 I qtaguid : Untagging socket 78 failed errno=-22
02-10 21:49:10.574  6350  6381 W NetworkManagementSocketTagger: untagSocket(78) failed with errno -22
02-10 21:49:10.585  3883  4012 W NFC-LLC : LLC length mis-match
02-10 21:49:10.685  1863  4459 I chatty  : uid=1000(system) Binder_B expire 1 line
02-10 21:49:10.687  6350  6350 I Finsky  : [1] com.google.android.finsky.utils.bc.a(21): Doing slow HTML parse due to unexpected tag <b>Camera 
02-10 21:49:10.718  6350  6350 I Finsky  : [1] com.google.android.finsky.activities.bh.u(132): Page [class=z] loaded in [3043 ms] (hasDetailsDataLoaded? true)
02-10 21:49:10.740  4697  4697 V GLSActivity: AuthDelegateWrapperCreated with selected intent: Intent { cmp=com.google.android.gms/.auth.DefaultAuthDelegateService }
02-10 21:49:10.761  4697  4697 V GLSActivity: AuthDelegateWrapperCreated with selected intent: Intent { cmp=com.google.android.gms/.auth.DefaultAuthDelegateService }
02-10 21:49:11.841  6350  6350 I Finsky  : [1] com.google.android.finsky.billing.lightpurchase.LightPurchaseFlowActivity.a(23891): Permissions accepted: com.flavionet.android.camera.pro
02-10 21:49:11.850  6350  6350 I Finsky  : [1] com.google.android.finsky.installer.n.a(668): Presetting external-hosting status for non-installed com.flavionet.android.camera.pro
02-10 21:49:11.850  6350  6350 I Finsky  : [1] com.google.android.finsky.installer.n.a(683): Capturing ever-externally-hosted false for com.flavionet.android.camera.pro
02-10 21:49:11.851  6350  6350 I Finsky  : [1] com.google.android.finsky.receivers.h.a(426): Request install of com.flavionet.android.camera.pro v=3010 pri=2 for single_install
02-10 21:49:11.933  6350  6350 I Finsky  : [1] com.google.android.finsky.installer.v.b(149): Created session 1262513968 for com.flavionet.android.camera.pro
02-10 21:49:11.942  6350  6350 I Finsky  : [1] com.google.android.finsky.receivers.h.a(1130): Installer kick - starting com.flavionet.android.camera.pro
02-10 21:49:12.167  6350  6380 I qtaguid : Failed write_ctrl(u 78) res=-1 errno=22
02-10 21:49:12.167  6350  6380 I qtaguid : Untagging socket 78 failed errno=-22
02-10 21:49:12.168  6350  6380 W NetworkManagementSocketTagger: untagSocket(78) failed with errno -22
02-10 21:49:12.189  4697  4697 V GLSActivity: AuthDelegateWrapperCreated with selected intent: Intent { cmp=com.google.android.gms/.auth.DefaultAuthDelegateService }
02-10 21:49:12.260  6350  6381 I qtaguid : Failed write_ctrl(u 49) res=-1 errno=22
02-10 21:49:12.260  6350  6381 I qtaguid : Untagging socket 49 failed errno=-22
02-10 21:49:12.260  6350  6381 W NetworkManagementSocketTagger: untagSocket(49) failed with errno -22
02-10 21:49:12.289  4697  4697 V GLSActivity: AuthDelegateWrapperCreated with selected intent: Intent { cmp=com.google.android.gms/.auth.DefaultAuthDelegateService }
02-10 21:49:12.353  6350  6389 D Volley  : [278] c.a: HTTP response for request=<[ ] https://lh3.ggpht.com/yrkQ_bDsgS0eFnJRsqxzPDdRNNHE9-dK1eZYNoN3ryDl9V9foQwZgZaTZwiYUfv2jnGI=rw-w152-h152 0x9e009238 LOW 38> [lifetime=9521], [size=4472], [rc=200], [retryCount=1]
02-10 21:49:12.588  3883  4012 W NFC-LLC : LLC length mis-match
02-10 21:49:13.420  6350  6381 I qtaguid : Failed write_ctrl(u 49) res=-1 errno=22
02-10 21:49:13.420  6350  6381 I qtaguid : Untagging socket 49 failed errno=-22
02-10 21:49:13.421  6350  6381 W NetworkManagementSocketTagger: untagSocket(49) failed with errno -22
02-10 21:49:13.695  6350  6387 D Volley  : [276] c.a: HTTP response for request=<[ ] https://lh3.ggpht.com/ecN-e7hVZWuZHs5OAyqAjg2iR2gCCWdWT-OKrcdNDEYX_K5xNsNircA_i6sZTY2VOkU=rw-w152-h152 0x9e009238 LOW 65> [lifetime=7667], [size=7274], [rc=200], [retryCount=1]
02-10 21:49:14.104  6350  6380 I qtaguid : Failed write_ctrl(u 78) res=-1 errno=22
02-10 21:49:14.104  6350  6380 I qtaguid : Untagging socket 78 failed errno=-22
02-10 21:49:14.105  6350  6380 W NetworkManagementSocketTagger: untagSocket(78) failed with errno -22
02-10 21:49:14.178  6350  6350 I Finsky  : [1] com.google.android.finsky.receivers.ae.onPostExecute(2857): Downloading gzip for com.flavionet.android.camera.pro (com.flavionet.android.camera.pro)
02-10 21:49:14.187  6350  6350 I Finsky  : [1] com.google.android.finsky.download.e.a(242): Duplicate state set for 'com.flavionet.android.camera.pro' (0). Already in that state
02-10 21:49:14.191  6350  6350 I Finsky  : [1] com.google.android.finsky.download.x.e(143): Download com.flavionet.android.camera.pro added to DownloadQueue
02-10 21:49:14.203  6350  6350 I Finsky  : [1] com.google.android.finsky.download.e.a(244): com.flavionet.android.camera.pro from 0 to 1.
02-10 21:49:14.222   459   459 I installd: free_cache(3449845) avail 1507495936
02-10 21:49:14.228  1863  4397 I ActivityManager: Start proc 8677:android.process.media/u0a9 for content provider com.android.providers.downloads/.DownloadProvider
02-10 21:49:14.286  6350  6350 I Finsky  : [1] com.google.android.finsky.download.ai.run(5557): Download com.flavionet.android.camera.pro starting
02-10 21:49:14.371  8677  8677 W System  : ClassLoader referenced unknown path: /system/priv-app/DownloadProvider/lib/arm
02-10 21:49:14.402  8677  8677 W System  : ClassLoader referenced unknown path: /system/priv-app/MediaProvider/lib/arm
02-10 21:49:14.590  3883  4012 W NFC-LLC : LLC length mis-match
02-10 21:49:14.630  6350  6390 D Volley  : [279] c.a: HTTP response for request=<[ ] https://lh3.ggpht.com/fcqjjMaKcp_gmtZPr_C7oGj7dlDebwMrAw5dKt2P0qiE0WwXQFglRPOlylqqfeeztFA=rw-w152-h152 0x9e009238 LOW 66> [lifetime=8308], [size=10222], [rc=200], [retryCount=1]
02-10 21:49:14.650  6350  6383 I Finsky  : [272] com.google.android.finsky.download.ae.a(1570): Enqueued com.flavionet.android.camera.pro as content://downloads/my_downloads/6
02-10 21:49:14.669  6350  6350 I Finsky  : [1] com.google.android.finsky.download.e.a(244): com.flavionet.android.camera.pro from 1 to 2.
02-10 21:49:14.684  6350  6350 I Finsky  : [1] com.google.android.finsky.download.x.a(635): com.flavionet.android.camera.pro: onStart
02-10 21:49:14.732  6350  6350 I Finsky  : [1] com.google.android.finsky.download.x.b(404): com.flavionet.android.camera.pro: onProgress 0/-1 Status: 192.
02-10 21:49:14.740  8677  8698 D DownloadManager: [6] Starting
02-10 21:49:14.768  8677  8698 W ActivityThread: ClassLoader.loadClass: The class loader returned by Thread.getContextClassLoader() may fail for processes that host multiple applications. You should explicitly specify a context class loader. For example: Thread.setContextClassLoader(getClass().getClassLoader());
02-10 21:49:14.770  8677  8698 W System  : ClassLoader referenced unknown path: /system/framework/tcmclient.jar
02-10 21:49:15.191  1863  1964 I ActivityManager: Start proc 8703:com.google.android.syncadapters.calendar/u0a69 for service com.google.android.syncadapters.calendar/.CalendarSyncAdapterService
02-10 21:49:15.402  8703  8703 W System  : ClassLoader referenced unknown path: /system/app/GoogleCalendarSyncAdapter/lib/arm
02-10 21:49:15.493  4797  8720 I PeopleSync: onPerformSync() [83d3b0fa]
02-10 21:49:15.520  6350  6389 D Volley  : [278] c.a: HTTP response for request=<[ ] https://lh3.googleusercontent.com/Vqv6vL8yFSPKC1eBitUMbs8ufHbh5WaMbIJIaXYLzlSatZO7_gk5OnG-sFkDiGJRmBQ=rw-w152-h152 0xdaddf211 LOW 68> [lifetime=3158], [size=7690], [rc=200], [retryCount=0]
02-10 21:49:15.541  8703  8703 W AbstractGoogleClient: Application name is not set. Call Builder#setApplicationName.
02-10 21:49:15.557  4797  8720 I PeopleSync: initializeSyncState: syncable=-1 [83d3b0fa]
02-10 21:49:15.826  1863  3760 I ActivityManager: Start proc 8740:com.android.providers.calendar/u0a3 for content provider com.android.providers.calendar/.CalendarProvider2
02-10 21:49:16.013  8740  8740 W System  : ClassLoader referenced unknown path: /system/priv-app/CalendarProvider/lib/arm
02-10 21:49:16.096  8740  8740 I CalendarProvider2: Created com.android.providers.calendar.CalendarAlarmManager@c2c40db(com.android.providers.calendar.CalendarProvider2@efc8778)
02-10 21:49:16.161  4797  8720 I PeopleSync: Setting subscription: result=true [83d3b0fa]
02-10 21:49:16.224  4697  4697 V GLSActivity: AuthDelegateWrapperCreated with selected intent: Intent { cmp=com.google.android.gms/.auth.DefaultAuthDelegateService }
02-10 21:49:16.392  4797  8720 I PeopleSync: Setting subscription: result=true [83d3b0fa]
02-10 21:49:16.392  4797  8720 I PeopleSync: Starting sync, feed=null [83d3b0fa]
02-10 21:49:16.395  6350  6388 D Volley  : [277] c.a: HTTP response for request=<[ ] https://lh3.googleusercontent.com/WJngMrRZYIpovvPK8qfvD2SCXTtoeWUttRkigXDK9f094QX8GOE8zRyel48bMCO8rF4=rw-w152-h152 0xdaddf211 LOW 67> [lifetime=8496], [size=35724], [rc=200], [retryCount=1]
02-10 21:49:16.402  1863  1964 I chatty  : uid=1000(system) android.bg expire 6 lines
02-10 21:49:16.536  4797  8720 W BaseAppContext: Using Auth Proxy for data requests.
02-10 21:49:16.546  4797  8720 W BaseAppContext: Using Auth Proxy for data requests.
02-10 21:49:16.579  4797  8720 W BaseAppContext: Using Auth Proxy for data requests.
02-10 21:49:16.593  3883  4012 W NFC-LLC : LLC length mis-match
02-10 21:49:16.603  4797  8720 I PeopleSync: Sync start: cannotHavePeople=false isPageExistenceCheckOnly=false
02-10 21:49:16.663  1863  1964 I ActivityManager: Start proc 8767:com.google.process.gapps/u0a68 for service com.google.android.syncadapters.contacts/.ContactsSyncAdapterService
02-10 21:49:16.736  4797  8776 E ActivityThread: Failed to find provider info for com.android.contacts.metadata
02-10 21:49:16.779  8767  8767 W System  : ClassLoader referenced unknown path: /system/app/GoogleContactsSyncAdapter/lib/arm
02-10 21:49:16.805  8767  8767 I GoogleHttpClient: GMS http client unavailable, use old client
02-10 21:49:16.811  8767  8767 W System  : ClassLoader referenced unknown path: /system/framework/tcmclient.jar
02-10 21:49:16.907  4797  8775 W BaseAppContext: Using Auth Proxy for data requests.
02-10 21:49:16.922  4797  8775 W BaseAppContext: Using Auth Proxy for data requests.
02-10 21:49:17.012  4797  4797 D ChimeraCfgMgr: Loading module com.google.android.gms.games from APK com.google.android.gms
02-10 21:49:17.047  8767  8790 I [@@    ] SyncAdapterProxy: Delagator disabled, using the (deprecated) GData sync adapter
02-10 21:49:17.053  8767  8790 I GoogleHttpClient: GMS http client unavailable, use old client
02-10 21:49:17.054  8767  8790 W System  : ClassLoader referenced unknown path: /system/framework/tcmclient.jar
02-10 21:49:17.125  8740  8740 I CalendarProvider2: Sending notification intent: Intent { act=android.intent.action.PROVIDER_CHANGED dat=content://com.android.calendar flg=0x20000000 }
02-10 21:49:17.125  8740  8740 W ContentResolver: Failed to get type for: content://com.android.calendar (Unknown URL content://com.android.calendar)
02-10 21:49:17.137  1863  1965 I ActivityManager: Start proc 8795:com.android.calendar/u0a35 for broadcast com.android.calendar/.alerts.AlertReceiver
02-10 21:49:17.270  8795  8795 W System  : ClassLoader referenced unknown path: /system/app/Calendar/lib/arm
02-10 21:49:17.376  8795  8795 D ExtensionsFactory: No custom extensions.
02-10 21:49:17.378  8795  8795 D AlertReceiver: onReceive: a=android.intent.action.PROVIDER_CHANGED Intent { act=android.intent.action.PROVIDER_CHANGED dat=content://com.android.calendar flg=0x20000010 cmp=com.android.calendar/.alerts.AlertReceiver }
02-10 21:49:17.414  8795  8812 D AlertService: 0 Action = android.intent.action.PROVIDER_CHANGED
02-10 21:49:17.471  6350  6388 I qtaguid : Failed write_ctrl(u 36) res=-1 errno=22
02-10 21:49:17.471  6350  6388 I qtaguid : Untagging socket 36 failed errno=-22
02-10 21:49:17.472  6350  6388 W NetworkManagementSocketTagger: untagSocket(36) failed with errno -22
02-10 21:49:17.480  4797  4797 D ChimeraCfgMgr: Loading module com.google.android.gms.games from APK com.google.android.gms
02-10 21:49:17.480  4797  4797 I art     : Waiting for a blocking GC DisableMovingGc
02-10 21:49:17.481  4797  4797 I art     : Starting a blocking GC DisableMovingGc
02-10 21:49:17.675  4797  8718 W BaseAppContext: Using Auth Proxy for data requests.
02-10 21:49:17.764  6350  6389 I qtaguid : Failed write_ctrl(u 93) res=-1 errno=22
02-10 21:49:17.764  6350  6389 I qtaguid : Untagging socket 93 failed errno=-22
02-10 21:49:17.764  6350  6389 W NetworkManagementSocketTagger: untagSocket(93) failed with errno -22
02-10 21:49:18.595  3883  4012 W NFC-LLC : LLC length mis-match
02-10 21:49:18.891   458  1348 I chatty  : uid=1013(media) AudioOut_2 expire 55 lines
02-10 21:49:18.896  1863  2365 I ActivityManager: START u0 {act=android.intent.action.MAIN cat=[android.intent.category.HOME] flg=0x10200000 cmp=com.cyanogenmod.trebuchet/com.android.launcher3.Launcher (has extras)} from uid 1000 on display 0
02-10 21:49:19.499  8053  8089 W OpenGLRenderer: Incorrectly called buildLayer on View: ShortcutAndWidgetContainer, destroying layer...
02-10 21:49:20.598  3883  4012 W NFC-LLC : LLC length mis-match
02-10 21:49:22.425  8795  8812 I GlobalDismissManager: no sender configured
02-10 21:49:22.425  8795  8812 D AlertService: Beginning updateAlertNotification
02-10 21:49:22.438  8795  8812 D AlertService: No fired or scheduled alerts
02-10 21:49:22.454  8795  8812 D AlertService: Scheduling next alarm with AlarmScheduler. sEventReminderReceived: null
02-10 21:49:22.470  8795  8812 D AlarmScheduler: No events found starting within 1 week.
02-10 21:49:22.480  1863  3828 I ActivityManager: Killing 7145:com.google.android.gms.ui/u0a12 (adj 15): empty #17
02-10 21:49:22.541  1863  3827 I chatty  : uid=1000(system) Binder_7 expire 2 lines
02-10 21:49:22.600  3883  4012 W NFC-LLC : LLC length mis-match
02-10 21:49:22.692  1863  3828 E libprocessgroup: failed to kill 1 processes for processgroup 7145
02-10 21:49:22.694  1863  3666 I chatty  : uid=1000(system) LazyTaskWriterT expire 1 line
02-10 21:49:23.445  6350  6390 D Volley  : [279] c.a: HTTP response for request=<[ ] https://lh3.googleusercontent.com/Ww9EMYNhyABUQ_Q3UBifxCFVgKyMlmP3nJXU5pSfabKpyfXrdkiL9oBxEwBsiPnNvOQ=rw-w152-h152 0xdaddf211 LOW 70> [lifetime=8789], [size=16912], [rc=200], [retryCount=1]
02-10 21:49:23.471  6350  6390 I qtaguid : Failed write_ctrl(u 72) res=-1 errno=22
02-10 21:49:23.471  6350  6390 I qtaguid : Untagging socket 72 failed errno=-22
02-10 21:49:23.471  6350  6390 W NetworkManagementSocketTagger: untagSocket(72) failed with errno -22
02-10 21:49:23.549  6350  6388 D Volley  : [277] c.a: HTTP response for request=<[ ] https://lh3.googleusercontent.com/S2PI8qysOTCPAOtUA01uUn68_MuI1kuKoROhUOYZW3RwPMankt1dto867RG5Yo32sPb8=rw-w152-h152 0xdaddf211 LOW 88> [lifetime=7086], [size=32100], [rc=200], [retryCount=1]
02-10 21:49:23.830  4797  5483 D Volley  : [205] BasicNetwork.logSlowRequests: HTTP response for request=<[ ] https://www.googleapis.com/credentials/v1/settings?alt=proto&header.playServicesVersion=8489000&isSyncRequest=true&returnOriginSettings=false 0x30b75e1c NORMAL 2> [lifetime=6152], [size=30], [rc=200], [retryCount=0]
02-10 21:49:23.853  4797  4797 D Volley  : [1] Request.finish: 6177 ms: [ ] https://www.googleapis.com/credentials/v1/settings?alt=proto&header.playServicesVersion=8489000&isSyncRequest=true&returnOriginSettings=false 0x30b75e1c NORMAL 2
02-10 21:49:24.014  4797  8718 W BaseAppContext: Using Auth Proxy for data requests.
02-10 21:49:24.602  3883  4012 W NFC-LLC : LLC length mis-match
02-10 21:49:25.837  1863  3737 I ActivityManager: START u0 {act=android.settings.APPLICATION_DETAILS_SETTINGS dat=package:com.android.vending flg=0x10808000 cmp=com.android.settings/.applications.InstalledAppDetails} from uid 1000 on display 0
02-10 21:49:25.927  1863  4480 I ActivityManager: Start proc 8869:com.android.settings/1000 for activity com.android.settings/.applications.InstalledAppDetails
02-10 21:49:26.136  8869  8869 I chatty  : uid=1000(system) com.android.settings expire 2 lines
02-10 21:49:26.344  6350  6387 D Volley  : [276] c.a: HTTP response for request=<[ ] https://lh5.ggpht.com/7gwuSRK1CEPETdOqpJ9dg9_GLIQKZYCBNsuYN1oEyAStc48vCHTHWlFeIANKKHHDqno=rw-w152-h152 0xc7c9f7ba LOW 69> [lifetime=12591], [size=34704], [rc=200], [retryCount=1]
02-10 21:49:26.433  4797  8718 I Auth.Api.Credentials: [v1.CredentialStore] Bulk save with account <ELLIDED:1995129241>.
02-10 21:49:26.577  8869  8869 W ContextImpl: Calling a method in the system process without a qualified user: android.app.ContextImpl.sendBroadcast:775 android.content.ContextWrapper.sendBroadcast:402 com.android.settings.applications.PermissionsSummaryHelper.sendPermissionRequest:61 com.android.settings.applications.PermissionsSummaryHelper.getPermissionSummary:34 com.android.settings.applications.InstalledAppDetails.refreshUi:555 
02-10 21:49:26.589  1863  1965 I ActivityManager: Start proc 8886:com.google.android.packageinstaller/u0a29 for broadcast com.google.android.packageinstaller/com.android.packageinstaller.permission.model.PermissionStatusReceiver
02-10 21:49:26.604  3883  4012 W NFC-LLC : LLC length mis-match
02-10 21:49:26.733  1863  1976 I ActivityManager: Start proc 8899:com.android.defcontainer/u0a7 for service com.android.defcontainer/.DefaultContainerService
02-10 21:49:26.811  8886  8886 W System  : ClassLoader referenced unknown path: /system/priv-app/GooglePackageInstaller/lib/arm
02-10 21:49:26.838  8869  8918 I chatty  : uid=1000(system) com.android.settings expire 4 lines
02-10 21:49:26.992  1863  4459 E KernelUidCpuTimeReader: Failed to read uid_cputime: /proc/uid_cputime/show_uid_stat: open failed: ENOENT (No such file or directory)
02-10 21:49:27.090  4618  8923 I Sync    : routing info is null
02-10 21:49:27.098  4697  5508 D GCM     : GcmService start Intent { act=com.google.android.c2dm.intent.REGISTER pkg=com.google.android.gms cmp=com.google.android.gms/.gcm.GcmService (has extras) } com.google.android.c2dm.intent.REGISTER
02-10 21:49:27.159  1863  1962 I ActivityManager: Killing 8073:org.cyanogenmod.themes.provider/u0a20 (adj 15): empty #17
02-10 21:49:27.170  1863  1964 D SyncManager: failed sync operation michzdimarco@gmail.com u0 (com.google), subscribedfeeds, SERVER, currentRunTime 764099, reason: AutoSync, SyncResult: stats [ numParseExceptions: 1]
02-10 21:49:27.172  1863  1964 D SyncManager: not retrying sync operation because the error is a hard error: michzdimarco@gmail.com u0 (com.google), subscribedfeeds, SERVER, currentRunTime 978896, reason: AutoSync
02-10 21:49:27.219  1863  1970 I ActivityManager: Displayed com.android.settings/.applications.InstalledAppDetails: +1s308ms
02-10 21:49:27.322  6350  6388 D Volley  : [277] c.a: HTTP response for request=<[ ] https://lh3.googleusercontent.com/vfUsNC8l_2M_Mg9kKlziqstDwkKcfyjJsvnNtbcshSTJ_R_GBy5JCXhmLsHp-fywUKQ=rw-w152-h152 0xdaddf211 LOW 91> [lifetime=3757], [size=9820], [rc=200], [retryCount=0]
02-10 21:49:27.342  8869  8933 W ProcStatsManager: No process com.google.android.onetimeinitializer/10025 for service com.google.android.onetimeinitializer.OneTimeService
02-10 21:49:27.342  8869  8933 W ProcStatsManager: No process com.android.messaging/10065 for service com.android.messaging.datamodel.action.BackgroundWorkerService
02-10 21:49:27.342  8869  8933 W ProcStatsManager: No process com.android.messaging/10065 for service com.android.messaging.datamodel.action.ActionServiceImpl
02-10 21:49:27.342  8869  8933 W ProcStatsManager: No process com.google.android.configupdater/10028 for service com.google.android.configupdater.CertPin.CertPinUpdateFetcherService
02-10 21:49:27.342  8869  8933 W ProcStatsManager: No process com.google.android.configupdater/10028 for service com.google.android.configupdater.SmsShortCodes.SmsShortCodesUpdateFetcherService
02-10 21:49:27.342  8869  8933 W ProcStatsManager: No process com.android.defcontainer/10007 for service com.android.defcontainer.DefaultContainerService
02-10 21:49:27.342  8869  8933 W ProcStatsManager: No process com.android.carrierconfig/10005 for service com.android.carrierconfig.DefaultCarrierConfigService
02-10 21:49:27.342  8869  8933 W ProcStatsManager: No process com.cyanogenmod.lockclock/10052 for service com.cyanogenmod.lockclock.ClockWidgetService
02-10 21:49:27.343  8869  8933 W ProcStatsManager: No process com.cyanogenmod.lockclock/10052 for service com.cyanogenmod.lockclock.weather.WeatherUpdateService
02-10 21:49:27.343  8869  8933 W ProcStatsManager: No process com.android.printspooler/10059 for service com.android.printspooler.model.PrintSpoolerService
02-10 21:49:27.343  8869  8933 W ProcStatsManager: No process com.cyanogenmod.updater/10002 for service com.cyanogenmod.updater.service.UpdateCheckService
02-10 21:49:27.343  8869  8933 W ProcStatsManager: No process com.android.cellbroadcastreceiver/10006 for service com.android.cellbroadcastreceiver.CellBroadcastConfigService
02-10 21:49:27.343  8869  8933 W ProcStatsManager: No process com.google.process.gapps/10068 for service com.google.android.syncadapters.contacts.ContactsSyncAdapterIntentService
02-10 21:49:27.343  8869  8933 W ProcStatsManager: No process com.google.process.gapps/10068 for service com.google.android.syncadapters.contacts.ContactsSyncAdapterService
02-10 21:49:27.343  8869  8933 W ProcStatsManager: No process org.cyanogenmod.themes.provider/10020 for service org.cyanogenmod.themes.provider.PreviewGenerationService
02-10 21:49:27.343  8869  8933 W ProcStatsManager: No process com.android.keychain/1000 for service com.android.keychain.KeyChainService
02-10 21:49:27.343  8869  8933 W ProcStatsManager: No process com.android.dialer/10008 for service com.android.dialer.calllog.CallLogNotificationsService
02-10 21:49:27.343  8869  8933 W ProcStatsManager: No process com.android.gallery3d/10046 for service com.android.gallery3d.app.PackagesMonitor$AsyncService
02-10 21:49:27.343  8869  8933 W ProcStatsManager: No process com.google.android.gms:car/10012 for service com.google.android.gms.car.CarCallService
02-10 21:49:27.344  8869  8933 W ProcStatsManager: No process com.google.android.gms:car/10012 for service com.google.android.gms.car.CarService
02-10 21:49:27.344  8869  8933 W ProcStatsManager: No process com.google.process.gapps/10012 for service com.google.android.gsf.gtalkservice.PushMessagingRegistrarProxy
02-10 21:49:27.344  8869  8933 W ProcStatsManager: No process com.google.process.gapps/10012 for service com.google.android.gsf.subscribedfeeds.SubscribedFeedsSyncAdapterService
02-10 21:49:27.344  8869  8933 W ProcStatsManager: No process com.google.android.partnersetup/10026 for service com.google.android.partnersetup.ClientIdService
02-10 21:49:27.344  8869  8933 W ProcStatsManager: No process com.google.android.partnersetup/10026 for service com.google.android.partnersetup.MccFallbackService
02-10 21:49:27.344  8869  8933 W ProcStatsManager: No process com.google.android.partnersetup/10026 for service com.google.android.partnersetup.AppHiderService
02-10 21:49:27.344  8869  8933 W ProcStatsManager: No process com.google.android.partnersetup/10026 for service com.google.android.partnersetup.RlzPingIntentService
02-10 21:49:27.344  8869  8933 W ProcStatsManager: No process com.google.android.partnersetup/10026 for service com.google.android.partnersetup.RlzPingService
02-10 21:49:27.344  8869  8933 W ProcStatsManager: No process com.google.android.partnersetup/10026 for service com.google.android.partnersetup.MccOverrideService
02-10 21:49:27.344  8869  8933 W ProcStatsManager: No process com.google.android.partnersetup/10026 for service com.google.android.partnersetup.LauncherConfigService
02-10 21:49:27.344  8869  8933 W ProcStatsManager: No process com.google.android.syncadapters.calendar/10069 for service com.google.android.syncadapters.calendar.CalendarSyncAdapterIntentService
02-10 21:49:27.344  8869  8933 W ProcStatsManager: No process com.google.android.syncadapters.calendar/10069 for service com.google.android.syncadapters.calendar.CalendarSyncAdapterService
02-10 21:49:27.344  8869  8933 W ProcStatsManager: No process com.android.exchange/10044 for service com.android.exchange.service.EasService
02-10 21:49:27.400  8869  8933 W ProcStatsManager: No process com.google.android.onetimeinitializer/10025 for service com.google.android.onetimeinitializer.OneTimeService
02-10 21:49:27.400  8869  8933 W ProcStatsManager: No process com.android.messaging/10065 for service com.android.messaging.datamodel.action.BackgroundWorkerService
02-10 21:49:27.400  8869  8933 W ProcStatsManager: No process com.android.messaging/10065 for service com.android.messaging.datamodel.action.ActionServiceImpl
02-10 21:49:27.400  8869  8933 W ProcStatsManager: No process com.google.android.configupdater/10028 for service com.google.android.configupdater.CertPin.CertPinUpdateFetcherService
02-10 21:49:27.400  8869  8933 W ProcStatsManager: No process com.google.android.configupdater/10028 for service com.google.android.configupdater.SmsShortCodes.SmsShortCodesUpdateFetcherService
02-10 21:49:27.400  8869  8933 W ProcStatsManager: No process com.android.defcontainer/10007 for service com.android.defcontainer.DefaultContainerService
02-10 21:49:27.400  8869  8933 W ProcStatsManager: No process com.android.carrierconfig/10005 for service com.android.carrierconfig.DefaultCarrierConfigService
02-10 21:49:27.400  8869  8933 W ProcStatsManager: No process com.cyanogenmod.lockclock/10052 for service com.cyanogenmod.lockclock.ClockWidgetService
02-10 21:49:27.402  8869  8933 W ProcStatsManager: No process com.cyanogenmod.lockclock/10052 for service com.cyanogenmod.lockclock.weather.WeatherUpdateService
02-10 21:49:27.402  8869  8933 W ProcStatsManager: No process com.android.printspooler/10059 for service com.android.printspooler.model.PrintSpoolerService
02-10 21:49:27.403  8869  8933 W ProcStatsManager: No process com.cyanogenmod.updater/10002 for service com.cyanogenmod.updater.service.UpdateCheckService
02-10 21:49:27.403  8869  8933 W ProcStatsManager: No process com.android.cellbroadcastreceiver/10006 for service com.android.cellbroadcastreceiver.CellBroadcastConfigService
02-10 21:49:27.403  8869  8933 W ProcStatsManager: No process com.google.process.gapps/10068 for service com.google.android.syncadapters.contacts.ContactsSyncAdapterIntentService
02-10 21:49:27.403  8869  8933 W ProcStatsManager: No process com.google.process.gapps/10068 for service com.google.android.syncadapters.contacts.ContactsSyncAdapterService
02-10 21:49:27.403  8869  8933 W ProcStatsManager: No process org.cyanogenmod.themes.provider/10020 for service org.cyanogenmod.themes.provider.PreviewGenerationService
02-10 21:49:27.403  8869  8933 W ProcStatsManager: No process com.android.keychain/1000 for service com.android.keychain.KeyChainService
02-10 21:49:27.403  8869  8933 W ProcStatsManager: No process com.android.dialer/10008 for service com.android.dialer.calllog.CallLogNotificationsService
02-10 21:49:27.403  8869  8933 W ProcStatsManager: No process com.android.gallery3d/10046 for service com.android.gallery3d.app.PackagesMonitor$AsyncService
02-10 21:49:27.403  8869  8933 W ProcStatsManager: No process com.google.android.gms:car/10012 for service com.google.android.gms.car.CarCallService
02-10 21:49:27.403  8869  8933 W ProcStatsManager: No process com.google.android.gms:car/10012 for service com.google.android.gms.car.CarService
02-10 21:49:27.404  8869  8933 W ProcStatsManager: No process com.google.process.gapps/10012 for service com.google.android.gsf.gtalkservice.PushMessagingRegistrarProxy
02-10 21:49:27.404  8869  8933 W ProcStatsManager: No process com.google.process.gapps/10012 for service com.google.android.gsf.subscribedfeeds.SubscribedFeedsSyncAdapterService
02-10 21:49:27.404  8869  8933 W ProcStatsManager: No process com.google.android.partnersetup/10026 for service com.google.android.partnersetup.ClientIdService
02-10 21:49:27.404  8869  8933 W ProcStatsManager: No process com.google.android.partnersetup/10026 for service com.google.android.partnersetup.MccFallbackService
02-10 21:49:27.404  8869  8933 W ProcStatsManager: No process com.google.android.partnersetup/10026 for service com.google.android.partnersetup.AppHiderService
02-10 21:49:27.404  8869  8933 W ProcStatsManager: No process com.google.android.partnersetup/10026 for service com.google.android.partnersetup.RlzPingIntentService
02-10 21:49:27.404  8869  8933 W ProcStatsManager: No process com.google.android.partnersetup/10026 for service com.google.android.partnersetup.RlzPingService
02-10 21:49:27.404  8869  8933 W ProcStatsManager: No process com.google.android.partnersetup/10026 for service com.google.android.partnersetup.MccOverrideService
02-10 21:49:27.404  8869  8933 W ProcStatsManager: No process com.google.android.partnersetup/10026 for service com.google.android.partnersetup.LauncherConfigService
02-10 21:49:27.404  8869  8933 W ProcStatsManager: No process com.google.android.syncadapters.calendar/10069 for service com.google.android.syncadapters.calendar.CalendarSyncAdapterIntentService
02-10 21:49:27.404  8869  8933 W ProcStatsManager: No process com.google.android.syncadapters.calendar/10069 for service com.google.android.syncadapters.calendar.CalendarSyncAdapterService
02-10 21:49:27.404  8869  8933 W ProcStatsManager: No process com.android.exchange/10044 for service com.android.exchange.service.EasService
02-10 21:49:27.442  8869  8869 W art     : Long monitor contention event with owner method=void com.android.settingslib.applications.ApplicationsState$BackgroundHandler.handleMessage(android.os.Message) from ApplicationsState.java:774 waiters=0 for 158ms
02-10 21:49:27.465  8869  8869 W ContextImpl: Calling a method in the system process without a qualified user: android.app.ContextImpl.sendBroadcast:775 android.content.ContextWrapper.sendBroadcast:402 com.android.settings.applications.PermissionsSummaryHelper.sendPermissionRequest:61 com.android.settings.applications.PermissionsSummaryHelper.getPermissionSummary:34 com.android.settings.applications.InstalledAppDetails.refreshUi:555 
02-10 21:49:27.471  8869  8869 D Settings: Have 0 number of activities in preferred list
02-10 21:49:27.771  6350  6389 D Volley  : [278] c.a: HTTP response for request=<[ ] https://lh6.ggpht.com/xm13cRUNfN917GRFZql6MrtL9gDYvvoj1kINpZyFNadRAGbDmrK8gB5V-PvuhtvBmA=rw-w152-h152 0x5caeaa7b LOW 89> [lifetime=9994], [size=4486], [rc=200], [retryCount=1]
02-10 21:49:28.087  8869  8883 W ApplicationsState: Cannot find pkg: com.android.terminal on user 0
02-10 21:49:28.147  4797  5484 D Volley  : [206] BasicNetwork.logSlowRequests: HTTP response for request=<[ ] https://www.googleapis.com/plus/v2whitelisted/people/me?prettyPrint=true&fields=etag,id,names,images,emails,phoneNumbers,addresses,metadata/ownerId,metadata/ownerUserTypes,coverPhotos&includeLinkedPeople=false&includeProfilesWithState=disabled&includeProfilesWithState=blocked 0x30b75e1c NORMAL 3> [lifetime=5811], [size=561], [rc=200], [retryCount=0]
02-10 21:49:28.194  4797  4797 D Volley  : [1] Request.finish: 5860 ms: [ ] https://www.googleapis.com/plus/v2whitelisted/people/me?prettyPrint=true&fields=etag,id,names,images,emails,phoneNumbers,addresses,metadata/ownerId,metadata/ownerUserTypes,coverPhotos&includeLinkedPeople=false&includeProfilesWithState=disabled&includeProfilesWithState=blocked 0x30b75e1c NORMAL 3
02-10 21:49:28.272  4797  8720 I PeopleCoverPhotoFileUtils: Cover photo size changed.  Wiped cache.
02-10 21:49:28.365  6350  6388 I qtaguid : Failed write_ctrl(u 74) res=-1 errno=22
02-10 21:49:28.365  6350  6388 I qtaguid : Untagging socket 74 failed errno=-22
02-10 21:49:28.365  6350  6388 W NetworkManagementSocketTagger: untagSocket(74) failed with errno -22
02-10 21:49:28.366  4797  8720 W BaseAppContext: Using Auth Proxy for data requests.
02-10 21:49:28.605  3883  4012 W NFC-LLC : LLC length mis-match
02-10 21:49:28.796  6350  6389 I qtaguid : Failed write_ctrl(u 36) res=-1 errno=22
02-10 21:49:28.796  6350  6389 I qtaguid : Untagging socket 36 failed errno=-22
02-10 21:49:28.796  6350  6389 W NetworkManagementSocketTagger: untagSocket(36) failed with errno -22
02-10 21:49:29.419  8703  8932 W System  : ClassLoader referenced unknown path: /system/framework/tcmclient.jar
02-10 21:49:29.461   459   459 W installd: Failed to open /data/data/android: No such file or directory
02-10 21:49:29.779  6350  6388 I qtaguid : Failed write_ctrl(u 93) res=-1 errno=22
02-10 21:49:29.779  6350  6388 I qtaguid : Untagging socket 93 failed errno=-22
02-10 21:49:29.779  6350  6388 W NetworkManagementSocketTagger: untagSocket(93) failed with errno -22
02-10 21:49:30.533  4697  4697 V GLSActivity: AuthDelegateWrapperCreated with selected intent: Intent { cmp=com.google.android.gms/.auth.DefaultAuthDelegateService }
02-10 21:49:30.536  4697  4697 V GLSActivity: AuthDelegateWrapperCreated with selected intent: Intent { cmp=com.google.android.gms/.auth.DefaultAuthDelegateService }
02-10 21:49:30.566  4797  8773 W BaseAppContext: Using Auth Proxy for data requests.
02-10 21:49:30.597   458  1348 I chatty  : uid=1013(media) AudioOut_2 expire 98 lines
02-10 21:49:30.597  1863  3737 I ActivityManager: START u0 {act=android.intent.action.MANAGE_APP_PERMISSIONS cmp=com.google.android.packageinstaller/com.android.packageinstaller.permission.ui.ManagePermissionsActivity (has extras)} from uid 1000 on display 0
02-10 21:49:30.607  3883  4012 W NFC-LLC : LLC length mis-match
02-10 21:49:30.793  6350  6388 I qtaguid : Failed write_ctrl(u 93) res=-1 errno=22
02-10 21:49:30.795  6350  6388 I qtaguid : Untagging socket 93 failed errno=-22
02-10 21:49:30.795  6350  6388 W NetworkManagementSocketTagger: untagSocket(93) failed with errno -22
02-10 21:49:30.858  8886  8957 D OpenGLRenderer: Use EGL_SWAP_BEHAVIOR_PRESERVED: true
02-10 21:49:30.901  8886  8957 W Adreno-GSL: <get_panel_settings:3805>: Android framework reported version 2. So, don't force ES30
02-10 21:49:30.902  8886  8957 I Adreno-EGL: <qeglDrvAPI_eglInitialize:381>: EGL 1.4 QUALCOMM build:  (CL3869936)
02-10 21:49:30.902  8886  8957 I Adreno-EGL: OpenGL ES Shader Compiler Version: 17.01.11.SPL
02-10 21:49:30.902  8886  8957 I Adreno-EGL: Build Date: 03/28/14 Fri
02-10 21:49:30.902  8886  8957 I Adreno-EGL: Local Branch: 
02-10 21:49:30.902  8886  8957 I Adreno-EGL: Remote Branch: 
02-10 21:49:30.902  8886  8957 I Adreno-EGL: Local Patches: 
02-10 21:49:30.902  8886  8957 I Adreno-EGL: Reconstruct Branch: 
02-10 21:49:30.907  8886  8957 I OpenGLRenderer: Initialized EGL, version 1.4
02-10 21:49:31.161  1863  1970 I ActivityManager: Displayed com.google.android.packageinstaller/com.android.packageinstaller.permission.ui.ManagePermissionsActivity: +545ms
02-10 21:49:31.211  8869  8918 D OpenGLRenderer: endAllStagingAnimators on 0xb7c7c9f0 (ListView) with handle 0xb7be7b38
02-10 21:49:31.704  3859  3881 I art     : Background sticky concurrent mark sweep GC freed 11795(1172KB) AllocSpace objects, 1(240KB) LOS objects, 5% free, 27MB/28MB, paused 13.367ms total 52.372ms
02-10 21:49:31.710  4618  8961 I SubscribedFeeds: Device registered. RegId = APA91bHB7dLD4RuepYcWBIhYg-TAeGROVuRbLBqD_bRpSPqoGlgtPULePs9m71SJkhey4WsNpTfBdWAIKXy7B0xbVfPE1Ydzk0jspz3s03sDVI5VJ6Kerx7xrR5-w7FQufcrGLd8kUw_
02-10 21:49:31.919  4697  8962 I GCoreUlr: Uploading GCM registration ID for account#-19#
02-10 21:49:31.965  4697  8962 W BaseAppContext: Using Auth Proxy for data requests.
02-10 21:49:32.440  6350  6387 D Volley  : [276] c.a: HTTP response for request=<[ ] https://lh3.googleusercontent.com/3YxxSsSMTwnBj1F9EhTzyQ5dCBvI7zt0oQ4-hPk6wTlnZLDfkNqNHDOkf0dg5jsZ0d9Q=rw-w152-h152 0xdaddf211 LOW 92> [lifetime=6076], [size=24348], [rc=200], [retryCount=1]
02-10 21:49:32.478  6350  6389 D Volley  : [278] c.a: HTTP response for request=<[ ] https://lh6.ggpht.com/F8UPViPuxwpth7yLHVHKtPnWjIo_VeqPBJa_XD-RlQ9ZEBwXmYBLRpjVuXfL-8U5lqw=rw-w152-h152 0x5caeaa7b LOW 94> [lifetime=4689], [size=14752], [rc=200], [retryCount=1]
02-10 21:49:32.609  3883  4012 W NFC-LLC : LLC length mis-match
02-10 21:49:33.498  6350  6389 I qtaguid : Failed write_ctrl(u 70) res=-1 errno=22
02-10 21:49:33.498  6350  6389 I qtaguid : Untagging socket 70 failed errno=-22
02-10 21:49:33.498  6350  6389 W NetworkManagementSocketTagger: untagSocket(70) failed with errno -22
02-10 21:49:33.754  4797  5482 D Volley  : [204] BasicNetwork.logSlowRequests: HTTP response for request=<[ ] https://lh6.googleusercontent.com/-5vG8ole8nAI/UYFKqb0Y7YI/AAAAAAAABiA/YQzKopOzN1g/w512/default_cover_1_c07bbaef481e775be41b71cecbb5cd60.jpg 0xb972bdd4 LOW 5> [lifetime=5378], [size=25530], [rc=200], [retryCount=0]
02-10 21:49:33.800  4797  4797 D Volley  : [1] Request.finish: 5426 ms: [ ] https://lh6.googleusercontent.com/-5vG8ole8nAI/UYFKqb0Y7YI/AAAAAAAABiA/YQzKopOzN1g/w512/default_cover_1_c07bbaef481e775be41b71cecbb5cd60.jpg 0xb972bdd4 LOW 5
02-10 21:49:34.611  3883  4012 W NFC-LLC : LLC length mis-match
02-10 21:49:35.118  6350  6388 D Volley  : [277] c.a: HTTP response for request=<[ ] https://lh3.googleusercontent.com/Hom91lMDx7DmQ8UEKC7oXzCk-N6RKHwVfpX0mhs_HvM7U-jbrnkGuqrsBKkhtJMqZT4=rw-w720 0xdaddf211 LOW 95> [lifetime=5331], [size=52974], [rc=200], [retryCount=1]
02-10 21:49:35.210  6350  6350 I PlayCommon: [1] com.google.android.play.image.e.a(4396): https://lh3.googleusercontent.com/Hom91lMDx7DmQ8UEKC7oXzCk-N6RKHwVfpX0mhs_HvM7U-jbrnkGuqrsBKkhtJMqZT4=rw-w720 is not cached
02-10 21:49:35.211  6350  6388 I qtaguid : Failed write_ctrl(u 66) res=-1 errno=22
02-10 21:49:35.211  6350  6388 I qtaguid : Untagging socket 66 failed errno=-22
02-10 21:49:35.211  6350  6388 W NetworkManagementSocketTagger: untagSocket(66) failed with errno -22
02-10 21:49:35.826  6350  6387 D Volley  : [276] c.a: HTTP response for request=<[ ] http://lh6.ggpht.com/nrySSdECMRxJGCcjYNkBCLORAEW3m5Jh9TMMiBCRbIVb-JqzotUifLmB9eJ9iVnLZ9z2=rw-w32-h32 0x5caeaa7b LOW 96> [lifetime=3376], [size=424], [rc=200], [retryCount=1]
02-10 21:49:35.831  6350  6387 I qtaguid : Failed write_ctrl(u 43) res=-1 errno=22
02-10 21:49:35.831  6350  6387 I qtaguid : Untagging socket 43 failed errno=-22
02-10 21:49:35.831  6350  6387 W NetworkManagementSocketTagger: untagSocket(43) failed with errno -22
02-10 21:49:36.614  3883  4012 W NFC-LLC : LLC length mis-match
02-10 21:49:37.054  4697  7621 D Volley  : [324] BasicNetwork.logSlowRequests: HTTP response for request=<[ ] https://www.googleapis.com/userlocation/v1/settings/1832381779?androidGcmRegistrationId=APA91bG4CKFaO3G0mKQE8elLGk8HtDfWlNW63i5n83cxJ20hB2zAn5gT91SAnGrTAZ6FN9aQ5W-3uPrbxwuUvTNY-GU9KjCEdrgisWs9ov_5O0x2zcFJbtMmRIbKluCs9zzlF0IUAy_D&devicePrettyName=Xperia%20T&deviceRestriction=noRestriction&gmsVersion=8489436&historySource=com.google.android.gms%2Bnew-device-tag&nlpVersion=2021&osLevel=23&platform=android%2FSony%2FLT30p%2FLT30p%3A4.3%2F9.2.A.1.205%2FMvv_tg%3Auser%2Frelease-keys&reportingSource=com.google.android.gms%2Bnew-device-tag 0x30b75e1c NORMAL 5> [lifetime=4285], [size=126], [rc=200], [retryCount=0]
02-10 21:49:37.055  4697  4697 D Volley  : [1] Request.finish: 4288 ms: [ ] https://www.googleapis.com/userlocation/v1/settings/1832381779?androidGcmRegistrationId=APA91bG4CKFaO3G0mKQE8elLGk8HtDfWlNW63i5n83cxJ20hB2zAn5gT91SAnGrTAZ6FN9aQ5W-3uPrbxwuUvTNY-GU9KjCEdrgisWs9ov_5O0x2zcFJbtMmRIbKluCs9zzlF0IUAy_D&devicePrettyName=Xperia%20T&deviceRestriction=noRestriction&gmsVersion=8489436&historySource=com.google.android.gms%2Bnew-device-tag&nlpVersion=2021&osLevel=23&platform=android%2FSony%2FLT30p%2FLT30p%3A4.3%2F9.2.A.1.205%2FMvv_tg%3Auser%2Frelease-keys&reportingSource=com.google.android.gms%2Bnew-device-tag 0x30b75e1c NORMAL 5
02-10 21:49:37.064  6350  6389 D Volley  : [278] c.a: HTTP response for request=<[ ] https://lh3.googleusercontent.com/vfUsNC8l_2M_Mg9kKlziqstDwkKcfyjJsvnNtbcshSTJ_R_GBy5JCXhmLsHp-fywUKQ=rw-w140-h140 0xdaddf211 LOW 97> [lifetime=4576], [size=8848], [rc=200], [retryCount=1]
02-10 21:49:37.069  4697  8962 I GCoreUlrLong: sendSettings(syncNotDefinedYet): sent GetSettingsResults{mModMillis=null, mReportingEnabled=false, mReportingSource=com.google.android.gms+new-device-tag, mHistoryEnabled=null, mHistorySource=com.google.android.gms+new-device-tag, mUserRestriction=0, mSource=0, mConcurrencyType=0, mDeletions=[], mPrimaryDevice=null, mAcccountType=0}, got back GetSettingsResults{mModMillis=1455137378187, mReportingEnabled=false, mReportingSource=null, mHistoryEnabled=true, mHistorySource=null, mUserRestriction=0, mSource=0, mConcurrencyType=0, mDeletions=[], mPrimaryDevice=true, mAcccountType=0}; success: true
02-10 21:49:37.069  4697  8962 I GCoreUlr: GCM ID uploaded for account#-19#
02-10 21:49:37.125  4697  8962 I GCoreUlrLong: syncNotDefinedYet() GetSettingsResults{mModMillis=1455137378187, mReportingEnabled=false, mReportingSource=null, mHistoryEnabled=true, mHistorySource=null, mUserRestriction=0, mSource=0, mConcurrencyType=0, mDeletions=[], mPrimaryDevice=true, mAcccountType=0} at 1455137377125: account#-19#: LR=0 -> -1, LH=0 -> 1, [HistoryNotEnabled, ReportingNotEnabled] -> [ReportingNotEnabled]; 
02-10 21:49:37.128  4697  8962 I GCoreUlr: Starting service, intent=Intent { act=com.google.android.location.reporting.ACTION_UPDATE_ACTIVE_STATE cmp=com.google.android.gms/com.google.android.location.reporting.service.DispatchingService (has extras) }, extras=Bundle[{source=sync_new_account}]
02-10 21:49:37.133  4697  4697 I GCoreUlr: DispatchingService.onCreate()
02-10 21:49:37.234  4697  8988 I GCoreUlr: DispatchingService.updateActiveState+sync_new_account: Ensuring that reporting is stopped because of reasons: {account#-19#=[InactiveReason{mVersionCode=0, mIdentifier=6, mName='ReportingNotEnabled'}]}
02-10 21:49:37.243  4697  8988 I GCoreUlr: Unbound from all location providers
02-10 21:49:37.243  4697  8988 I GCoreUlr: Place inference reporting - stopped
02-10 21:49:37.255  4697  4697 I GCoreUlr: DispatchingService.onDestroy()
02-10 21:49:37.255  4697  4697 I GCoreUlr: Stopping handler for UlrDispSvcFast
02-10 21:49:37.261  4697  4697 I GCoreUlr: Unbound from all location providers
02-10 21:49:37.261  4697  4697 I GCoreUlr: Place inference reporting - stopped
02-10 21:49:37.935  4697  8996 W BaseAppContext: Using Auth Proxy for data requests.
02-10 21:49:38.037  8886  8886 E AllAppPermissionsFragment: Can't get permission info for android.permission.SEND_SMS_NO_CONFIRMATION
02-10 21:49:38.037  8886  8886 E AllAppPermissionsFragment: android.content.pm.PackageManager$NameNotFoundException: android.permission.SEND_SMS_NO_CONFIRMATION
02-10 21:49:38.037  8886  8886 E AllAppPermissionsFragment: 	at android.app.ApplicationPackageManager.getPermissionInfo(ApplicationPackageManager.java:247)
02-10 21:49:38.037  8886  8886 E AllAppPermissionsFragment: 	at com.android.packageinstaller.permission.ui.AllAppPermissionsFragment.updateUi(AllAppPermissionsFragment.java:119)
02-10 21:49:38.037  8886  8886 E AllAppPermissionsFragment: 	at com.android.packageinstaller.permission.ui.AllAppPermissionsFragment.onResume(AllAppPermissionsFragment.java:75)
02-10 21:49:38.037  8886  8886 E AllAppPermissionsFragment: 	at android.app.Fragment.performResume(Fragment.java:2263)
02-10 21:49:38.037  8886  8886 E AllAppPermissionsFragment: 	at android.app.FragmentManagerImpl.moveToState(FragmentManager.java:1008)
02-10 21:49:38.037  8886  8886 E AllAppPermissionsFragment: 	at android.app.FragmentManagerImpl.moveToState(FragmentManager.java:1148)
02-10 21:49:38.037  8886  8886 E AllAppPermissionsFragment: 	at android.app.BackStackRecord.run(BackStackRecord.java:793)
02-10 21:49:38.037  8886  8886 E AllAppPermissionsFragment: 	at android.app.FragmentManagerImpl.execPendingActions(FragmentManager.java:1535)
02-10 21:49:38.037  8886  8886 E AllAppPermissionsFragment: 	at android.app.FragmentManagerImpl$1.run(FragmentManager.java:482)
02-10 21:49:38.037  8886  8886 E AllAppPermissionsFragment: 	at android.os.Handler.handleCallback(Handler.java:739)
02-10 21:49:38.037  8886  8886 E AllAppPermissionsFragment: 	at android.os.Handler.dispatchMessage(Handler.java:95)
02-10 21:49:38.037  8886  8886 E AllAppPermissionsFragment: 	at android.os.Looper.loop(Looper.java:148)
02-10 21:49:38.037  8886  8886 E AllAppPermissionsFragment: 	at android.app.ActivityThread.main(ActivityThread.java:5466)
02-10 21:49:38.037  8886  8886 E AllAppPermissionsFragment: 	at java.lang.reflect.Method.invoke(Native Method)
02-10 21:49:38.037  8886  8886 E AllAppPermissionsFragment: 	at com.android.internal.os.ZygoteInit$MethodAndArgsCaller.run(ZygoteInit.java:726)
02-10 21:49:38.037  8886  8886 E AllAppPermissionsFragment: 	at com.android.internal.os.ZygoteInit.main(ZygoteInit.java:616)
02-10 21:49:38.239  6350  6388 I qtaguid : Failed write_ctrl(u 82) res=-1 errno=22
02-10 21:49:38.239  6350  6388 I qtaguid : Untagging socket 82 failed errno=-22
02-10 21:49:38.239  6350  6388 W NetworkManagementSocketTagger: untagSocket(82) failed with errno -22
02-10 21:49:38.429  8886  8957 D OpenGLRenderer: endAllStagingAnimators on 0xb7d4e420 (ListPopupWindow$DropDownListView) with handle 0xb7e050c0
02-10 21:49:38.615  3883  4012 W NFC-LLC : LLC length mis-match
02-10 21:49:39.534  4697  8996 I GCoreUlr: Starting service, intent=Intent { act=com.google.android.location.reporting.ACTION_UPDATE_ACTIVE_STATE cmp=com.google.android.gms/com.google.android.location.reporting.service.DispatchingService (has extras) }, extras=Bundle[{source=sync_server_wins}]
02-10 21:49:39.537  4697  4697 I GCoreUlr: DispatchingService.onCreate()
02-10 21:49:39.650  4697  9001 I GCoreUlr: DispatchingService.updateActiveState+sync_server_wins: Ensuring that reporting is stopped because of reasons: {account#-19#=[InactiveReason{mVersionCode=0, mIdentifier=6, mName='ReportingNotEnabled'}]}
02-10 21:49:39.665  4697  9001 I GCoreUlr: Unbound from all location providers
02-10 21:49:39.665  4697  9001 I GCoreUlr: Place inference reporting - stopped
02-10 21:49:39.680  4697  4697 I GCoreUlr: DispatchingService.onDestroy()
02-10 21:49:39.680  4697  4697 I GCoreUlr: Stopping handler for UlrDispSvcFast
02-10 21:49:39.688  4697  4697 I GCoreUlr: Unbound from all location providers
02-10 21:49:39.688  4697  4697 I GCoreUlr: Place inference reporting - stopped
02-10 21:49:39.890  8767  9003 I [@@    ] SyncAdapterProxy: Delagator disabled, using the (deprecated) GData sync adapter
02-10 21:49:40.269  8767  9003 V ContactsSyncAdapter: No contacts feed data; creating new feedSyncState...
02-10 21:49:40.401  4697  4697 V GLSActivity: AuthDelegateWrapperCreated with selected intent: Intent { cmp=com.google.android.gms/.auth.DefaultAuthDelegateService }
02-10 21:49:40.618  3883  4012 W NFC-LLC : LLC length mis-match
02-10 21:49:40.941  4797  4797 D Volley  : [1] Request.finish: 3017 ms: [ ] https://www.googleapis.com/plus/v2whitelisted/people/me/people/all?prettyPrint=true&fields=items(etag,id,names,nicknames,images,urls,sortKeys,taglines,emails,phoneNumbers,addresses,metadata,memberships,legacyFields/mobileOwnerId),nextPageToken,nextSyncToken&customResponseMaskingType=menagerie&includeAffinity=gplusAutocomplete&includeAffinity=chatAutocomplete&includeAffinity=emailAutocomplete&includeOthers=true&maxResults=100&orderBy=modified 0x30b75e1c NORMAL 10
02-10 21:49:41.175   458  1348 I chatty  : uid=1013(media) AudioOut_2 expire 91 lines
02-10 21:49:41.268  8703  8932 D CalendarSyncAdapter: Found 0 events marked dirty & lastSynced
02-10 21:49:41.363  4797  9018 I RemindersSync: Found sync condition that we don't recognize, aborting. [T SyncAdapterThread-3:id=495:priority=5:group=main]
02-10 21:49:41.419  4797  4797 D ChimeraCfgMgr: Loading module com.google.android.gms.games from APK com.google.android.gms
02-10 21:49:41.485  4797  4797 D ChimeraCfgMgr: Loading module com.google.android.gms.games from APK com.google.android.gms
02-10 21:49:41.913  8740  8752 I CalendarProvider2: No events to update: uri=content://com.android.calendar/events?account_name=michzdimarco%40gmail.com&account_type=com.google&caller_is_syncadapter=true selection=_sync_id IS NOT NULL AND calendar_id=? selectionArgs=[1]
02-10 21:49:42.025  4697  4710 I Auth    : [BroadcastManager] Broadcasting account services changed.
