01-23 01:06:35.517  1863  4459 W ActivityManager: Wtf, activity ActivityRecord{a030126 u0 com.android.settings/.CryptKeeper t1 f} in proc activity list not using proc ProcessRecord{f0a7fa9 4484:com.android.settings:CryptKeeper/1000}?!? Using null instead.
01-23 01:06:35.518  1863  4459 W ActivityManager: Wtf, activity ActivityRecord{a030126 u0 com.android.settings/.CryptKeeper t1 f} in proc activity list not using proc ProcessRecord{f0a7fa9 4484:com.android.settings:CryptKeeper/1000}?!? Using null instead.
01-23 01:06:35.520  1863  3826 W ActivityManager: Wtf, activity ActivityRecord{a030126 u0 com.android.settings/.CryptKeeper t1 f} in proc activity list not using proc ProcessRecord{f0a7fa9 4484:com.android.settings:CryptKeeper/1000}?!? Using null instead.
01-23 01:06:35.528  1863  4480 W ActivityManager: Wtf, activity ActivityRecord{a030126 u0 com.android.settings/.CryptKeeper t1 f} in proc activity list not using proc ProcessRecord{f0a7fa9 4484:com.android.settings:CryptKeeper/1000}?!? Using null instead.
01-23 01:06:35.530  1863  4480 W ActivityManager: Wtf, activity ActivityRecord{a030126 u0 com.android.settings/.CryptKeeper t1 f} in proc activity list not using proc ProcessRecord{f0a7fa9 4484:com.android.settings:CryptKeeper/1000}?!? Using null instead.
01-23 01:06:35.538  1863  3827 W ActivityManager: Wtf, activity ActivityRecord{a030126 u0 com.android.settings/.CryptKeeper t1 f} in proc activity list not using proc ProcessRecord{f0a7fa9 4484:com.android.settings:CryptKeeper/1000}?!? Using null instead.
01-23 01:06:35.543  1863  3826 W ActivityManager: Wtf, activity ActivityRecord{a030126 u0 com.android.settings/.CryptKeeper t1 f} in proc activity list not using proc ProcessRecord{f0a7fa9 4484:com.android.settings:CryptKeeper/1000}?!? Using null instead.
01-23 01:06:35.546  1863  3738 W ActivityManager: Wtf, activity ActivityRecord{a030126 u0 com.android.settings/.CryptKeeper t1 f} in proc activity list not using proc ProcessRecord{f0a7fa9 4484:com.android.settings:CryptKeeper/1000}?!? Using null instead.
01-23 01:06:35.550  1863  3760 W ActivityManager: Wtf, activity ActivityRecord{a030126 u0 com.android.settings/.CryptKeeper t1 f} in proc activity list not using proc ProcessRecord{f0a7fa9 4484:com.android.settings:CryptKeeper/1000}?!? Using null instead.
01-23 01:06:35.552  1863  3760 W ActivityManager: Wtf, activity ActivityRecord{a030126 u0 com.android.settings/.CryptKeeper t1 f} in proc activity list not using proc ProcessRecord{f0a7fa9 4484:com.android.settings:CryptKeeper/1000}?!? Using null instead.
01-23 01:06:35.554  1863  3826 W ActivityManager: Wtf, activity ActivityRecord{a030126 u0 com.android.settings/.CryptKeeper t1 f} in proc activity list not using proc ProcessRecord{f0a7fa9 4484:com.android.settings:CryptKeeper/1000}?!? Using null instead.
01-23 01:06:35.555  1863  3826 W ActivityManager: Wtf, activity ActivityRecord{a030126 u0 com.android.settings/.CryptKeeper t1 f} in proc activity list not using proc ProcessRecord{f0a7fa9 4484:com.android.settings:CryptKeeper/1000}?!? Using null instead.
01-23 01:06:35.557  1863  3826 W ActivityManager: Wtf, activity ActivityRecord{a030126 u0 com.android.settings/.CryptKeeper t1 f} in proc activity list not using proc ProcessRecord{f0a7fa9 4484:com.android.settings:CryptKeeper/1000}?!? Using null instead.
01-23 01:06:35.558  1863  3826 W ActivityManager: Wtf, activity ActivityRecord{a030126 u0 com.android.settings/.CryptKeeper t1 f} in proc activity list not using proc ProcessRecord{f0a7fa9 4484:com.android.settings:CryptKeeper/1000}?!? Using null instead.
01-23 01:06:35.560  1863  4534 W ActivityManager: Wtf, activity ActivityRecord{a030126 u0 com.android.settings/.CryptKeeper t1 f} in proc activity list not using proc ProcessRecord{f0a7fa9 4484:com.android.settings:CryptKeeper/1000}?!? Using null instead.
01-23 01:06:35.564  1863  4521 W ActivityManager: Wtf, activity ActivityRecord{a030126 u0 com.android.settings/.CryptKeeper t1 f} in proc activity list not using proc ProcessRecord{f0a7fa9 4484:com.android.settings:CryptKeeper/1000}?!? Using null instead.
01-23 01:06:35.564  1863  4521 W ActivityManager: Wtf, activity ActivityRecord{a030126 u0 com.android.settings/.CryptKeeper t1 f} in proc activity list not using proc ProcessRecord{f0a7fa9 4484:com.android.settings:CryptKeeper/1000}?!? Using null instead.
01-23 01:06:35.568  1863  3760 W ActivityManager: Wtf, activity ActivityRecord{a030126 u0 com.android.settings/.CryptKeeper t1 f} in proc activity list not using proc ProcessRecord{f0a7fa9 4484:com.android.settings:CryptKeeper/1000}?!? Using null instead.
01-23 01:06:35.569  1863  3760 W ActivityManager: Wtf, activity ActivityRecord{a030126 u0 com.android.settings/.CryptKeeper t1 f} in proc activity list not using proc ProcessRecord{f0a7fa9 4484:com.android.settings:CryptKeeper/1000}?!? Using null instead.
01-23 01:06:35.571  1863  4459 W ActivityManager: Wtf, activity ActivityRecord{a030126 u0 com.android.settings/.CryptKeeper t1 f} in proc activity list not using proc ProcessRecord{f0a7fa9 4484:com.android.settings:CryptKeeper/1000}?!? Using null instead.
01-23 01:06:35.575  1863  3737 W ActivityManager: Wtf, activity ActivityRecord{a030126 u0 com.android.settings/.CryptKeeper t1 f} in proc activity list not using proc ProcessRecord{f0a7fa9 4484:com.android.settings:CryptKeeper/1000}?!? Using null instead.
01-23 01:06:35.582  1863  4397 W ActivityManager: Wtf, activity ActivityRecord{a030126 u0 com.android.settings/.CryptKeeper t1 f} in proc activity list not using proc ProcessRecord{f0a7fa9 4484:com.android.settings:CryptKeeper/1000}?!? Using null instead.
01-23 01:06:35.584  1863  4480 W ActivityManager: Wtf, activity ActivityRecord{a030126 u0 com.android.settings/.CryptKeeper t1 f} in proc activity list not using proc ProcessRecord{f0a7fa9 4484:com.android.settings:CryptKeeper/1000}?!? Using null instead.
01-23 01:06:35.585  1863  4480 W ActivityManager: Wtf, activity ActivityRecord{a030126 u0 com.android.settings/.CryptKeeper t1 f} in proc activity list not using proc ProcessRecord{f0a7fa9 4484:com.android.settings:CryptKeeper/1000}?!? Using null instead.
01-23 01:06:35.637  1863  3737 W ActivityManager: Wtf, activity ActivityRecord{a030126 u0 com.android.settings/.CryptKeeper t1 f} in proc activity list not using proc ProcessRecord{f0a7fa9 4484:com.android.settings:CryptKeeper/1000}?!? Using null instead.
01-23 01:06:35.639  1863  1863 W ActivityManager: Wtf, activity ActivityRecord{a030126 u0 com.android.settings/.CryptKeeper t1 f} in proc activity list not using proc ProcessRecord{f0a7fa9 4484:com.android.settings:CryptKeeper/1000}?!? Using null instead.
01-23 01:06:35.640  1863  1863 W ActivityManager: Wtf, activity ActivityRecord{a030126 u0 com.android.settings/.CryptKeeper t1 f} in proc activity list not using proc ProcessRecord{f0a7fa9 4484:com.android.settings:CryptKeeper/1000}?!? Using null instead.
01-23 01:06:35.648  1863  1863 W ActivityManager: Wtf, activity ActivityRecord{a030126 u0 com.android.settings/.CryptKeeper t1 f} in proc activity list not using proc ProcessRecord{f0a7fa9 4484:com.android.settings:CryptKeeper/1000}?!? Using null instead.
--------- beginning of crash
01-23 01:06:35.649  4930  4930 E AndroidRuntime: FATAL EXCEPTION: main
01-23 01:06:35.649  4930  4930 E AndroidRuntime: Process: com.android.settings, PID: 4930
01-23 01:06:35.649  4930  4930 E AndroidRuntime: java.lang.RuntimeException: Unable to start receiver com.android.settings.cyanogenmod.BootReceiver: java.lang.IllegalArgumentException: Invalid int: "null"
01-23 01:06:35.649  4930  4930 E AndroidRuntime: 	at android.app.ActivityThread.handleReceiver(ActivityThread.java:2776)
01-23 01:06:35.649  4930  4930 E AndroidRuntime: 	at android.app.ActivityThread.-wrap14(ActivityThread.java)
01-23 01:06:35.649  4930  4930 E AndroidRuntime: 	at android.app.ActivityThread$H.handleMessage(ActivityThread.java:1440)
01-23 01:06:35.649  4930  4930 E AndroidRuntime: 	at android.os.Handler.dispatchMessage(Handler.java:102)
01-23 01:06:35.649  4930  4930 E AndroidRuntime: 	at android.os.Looper.loop(Looper.java:148)
01-23 01:06:35.649  4930  4930 E AndroidRuntime: 	at android.app.ActivityThread.main(ActivityThread.java:5466)
01-23 01:06:35.649  4930  4930 E AndroidRuntime: 	at java.lang.reflect.Method.invoke(Native Method)
01-23 01:06:35.649  4930  4930 E AndroidRuntime: 	at com.android.internal.os.ZygoteInit$MethodAndArgsCaller.run(ZygoteInit.java:726)
01-23 01:06:35.649  4930  4930 E AndroidRuntime: 	at com.android.internal.os.ZygoteInit.main(ZygoteInit.java:616)
01-23 01:06:35.649  4930  4930 E AndroidRuntime: Caused by: java.lang.IllegalArgumentException: Invalid int: "null"
01-23 01:06:35.649  4930  4930 E AndroidRuntime: 	at android.os.Parcel.readException(Parcel.java:1624)
01-23 01:06:35.649  4930  4930 E AndroidRuntime: 	at android.os.Parcel.readException(Parcel.java:1573)
01-23 01:06:35.649  4930  4930 E AndroidRuntime: 	at cyanogenmod.hardware.ICMHardwareService$Stub$Proxy.getVibratorIntensity(ICMHardwareService.java:470)
01-23 01:06:35.649  4930  4930 E AndroidRuntime: 	at cyanogenmod.hardware.CMHardwareManager.getVibratorIntensityArray(CMHardwareManager.java:287)
01-23 01:06:35.649  4930  4930 E AndroidRuntime: 	at cyanogenmod.hardware.CMHardwareManager.getVibratorIntensity(CMHardwareManager.java:298)
01-23 01:06:35.649  4930  4930 E AndroidRuntime: 	at com.android.settings.hardware.VibratorIntensity.restore(VibratorIntensity.java:163)
01-23 01:06:35.649  4930  4930 E AndroidRuntime: 	at com.android.settings.cyanogenmod.BootReceiver.onReceive(BootReceiver.java:40)
01-23 01:06:35.649  4930  4930 E AndroidRuntime: 	at android.app.ActivityThread.handleReceiver(ActivityThread.java:2769)
01-23 01:06:35.649  4930  4930 E AndroidRuntime: 	... 8 more
01-23 01:06:35.658  1863  1962 W ActivityManager: Wtf, activity ActivityRecord{a030126 u0 com.android.settings/.CryptKeeper t1 f} in proc activity list not using proc ProcessRecord{f0a7fa9 4484:com.android.settings:CryptKeeper/1000}?!? Using null instead.
01-23 01:06:35.659  1863  4459 W ActivityManager: Wtf, activity ActivityRecord{a030126 u0 com.android.settings/.CryptKeeper t1 f} in proc activity list not using proc ProcessRecord{f0a7fa9 4484:com.android.settings:CryptKeeper/1000}?!? Using null instead.
01-23 01:06:35.660  1863  4459 W ActivityManager: Wtf, activity ActivityRecord{a030126 u0 com.android.settings/.CryptKeeper t1 f} in proc activity list not using proc ProcessRecord{f0a7fa9 4484:com.android.settings:CryptKeeper/1000}?!? Using null instead.
01-23 01:06:35.677  1863  1863 W ActivityManager: Wtf, activity ActivityRecord{a030126 u0 com.android.settings/.CryptKeeper t1 f} in proc activity list not using proc ProcessRecord{f0a7fa9 4484:com.android.settings:CryptKeeper/1000}?!? Using null instead.
01-23 01:06:35.678  1863  1863 W ActivityManager: Wtf, activity ActivityRecord{a030126 u0 com.android.settings/.CryptKeeper t1 f} in proc activity list not using proc ProcessRecord{f0a7fa9 4484:com.android.settings:CryptKeeper/1000}?!? Using null instead.
01-23 01:06:35.680  1863  3635 D WifiService: Client connection lost with reason: 4
01-23 01:06:35.710  1863  3826 I ActivityManager: Process com.android.settings (pid 4930) has died
01-23 01:06:35.711  1863  3826 W ActivityManager: Wtf, activity ActivityRecord{a030126 u0 com.android.settings/.CryptKeeper t1 f} in proc activity list not using proc ProcessRecord{f0a7fa9 4484:com.android.settings:CryptKeeper/1000}?!? Using null instead.
01-23 01:06:35.724  1863  4459 I ActivityManager: Start proc 5242:com.android.dialer/u0a8 for broadcast com.android.dialer/.calllog.CallLogReceiver
01-23 01:06:35.725  1863  4459 W ActivityManager: Wtf, activity ActivityRecord{a030126 u0 com.android.settings/.CryptKeeper t1 f} in proc activity list not using proc ProcessRecord{f0a7fa9 4484:com.android.settings:CryptKeeper/1000}?!? Using null instead.
01-23 01:06:35.738  1863  5236 I ActivityManager: Start proc 5247:com.android.keychain/1000 for service com.android.keychain/.KeyChainService
01-23 01:06:35.805  1863  5240 I BootReceiver: Copying /proc/last_kmsg to DropBox (SYSTEM_LAST_KMSG)
01-23 01:06:35.836  1863  3760 W ActivityManager: Wtf, activity ActivityRecord{a030126 u0 com.android.settings/.CryptKeeper t1 f} in proc activity list not using proc ProcessRecord{f0a7fa9 4484:com.android.settings:CryptKeeper/1000}?!? Using null instead.
01-23 01:06:35.876  1863  4480 W ActivityManager: Wtf, activity ActivityRecord{a030126 u0 com.android.settings/.CryptKeeper t1 f} in proc activity list not using proc ProcessRecord{f0a7fa9 4484:com.android.settings:CryptKeeper/1000}?!? Using null instead.
01-23 01:06:35.940  1863  5240 I BootReceiver: Copying audit failures to DropBox
01-23 01:06:35.948  1863  5240 I BootReceiver: Copied 114 worth of audits to DropBox
01-23 01:06:35.991  1863  5240 I BootReceiver: Checking for fsck errors
01-23 01:06:35.994  1863  4521 W ActivityManager: Wtf, activity ActivityRecord{a030126 u0 com.android.settings/.CryptKeeper t1 f} in proc activity list not using proc ProcessRecord{f0a7fa9 4484:com.android.settings:CryptKeeper/1000}?!? Using null instead.
01-23 01:06:36.008  1863  5240 W ActivityManager: Wtf, activity ActivityRecord{a030126 u0 com.android.settings/.CryptKeeper t1 f} in proc activity list not using proc ProcessRecord{f0a7fa9 4484:com.android.settings:CryptKeeper/1000}?!? Using null instead.
01-23 01:06:36.017  1863  3827 W ActivityManager: Wtf, activity ActivityRecord{a030126 u0 com.android.settings/.CryptKeeper t1 f} in proc activity list not using proc ProcessRecord{f0a7fa9 4484:com.android.settings:CryptKeeper/1000}?!? Using null instead.
01-23 01:06:36.020  1863  1963 W ActivityManager: Wtf, activity ActivityRecord{a030126 u0 com.android.settings/.CryptKeeper t1 f} in proc activity list not using proc ProcessRecord{f0a7fa9 4484:com.android.settings:CryptKeeper/1000}?!? Using null instead.
01-23 01:06:36.061  1863  3826 W ActivityManager: Wtf, activity ActivityRecord{a030126 u0 com.android.settings/.CryptKeeper t1 f} in proc activity list not using proc ProcessRecord{f0a7fa9 4484:com.android.settings:CryptKeeper/1000}?!? Using null instead.
01-23 01:06:36.113  1863  4515 W ActivityManager: Wtf, activity ActivityRecord{a030126 u0 com.android.settings/.CryptKeeper t1 f} in proc activity list not using proc ProcessRecord{f0a7fa9 4484:com.android.settings:CryptKeeper/1000}?!? Using null instead.
01-23 01:06:36.117  1863  1863 W ActivityManager: Wtf, activity ActivityRecord{a030126 u0 com.android.settings/.CryptKeeper t1 f} in proc activity list not using proc ProcessRecord{f0a7fa9 4484:com.android.settings:CryptKeeper/1000}?!? Using null instead.
01-23 01:06:36.129  1863  4534 W ActivityManager: Wtf, activity ActivityRecord{a030126 u0 com.android.settings/.CryptKeeper t1 f} in proc activity list not using proc ProcessRecord{f0a7fa9 4484:com.android.settings:CryptKeeper/1000}?!? Using null instead.
01-23 01:06:36.134  1863  1962 W ActivityManager: Wtf, activity ActivityRecord{a030126 u0 com.android.settings/.CryptKeeper t1 f} in proc activity list not using proc ProcessRecord{f0a7fa9 4484:com.android.settings:CryptKeeper/1000}?!? Using null instead.
01-23 01:06:36.148  1863  3827 W ActivityManager: Wtf, activity ActivityRecord{a030126 u0 com.android.settings/.CryptKeeper t1 f} in proc activity list not using proc ProcessRecord{f0a7fa9 4484:com.android.settings:CryptKeeper/1000}?!? Using null instead.
01-23 01:06:36.153  1863  4397 W ActivityManager: Wtf, activity ActivityRecord{a030126 u0 com.android.settings/.CryptKeeper t1 f} in proc activity list not using proc ProcessRecord{f0a7fa9 4484:com.android.settings:CryptKeeper/1000}?!? Using null instead.
01-23 01:06:36.183  1863  3828 W ActivityManager: Wtf, activity ActivityRecord{a030126 u0 com.android.settings/.CryptKeeper t1 f} in proc activity list not using proc ProcessRecord{f0a7fa9 4484:com.android.settings:CryptKeeper/1000}?!? Using null instead.
01-23 01:06:36.187  1863  4521 W ActivityManager: Wtf, activity ActivityRecord{a030126 u0 com.android.settings/.CryptKeeper t1 f} in proc activity list not using proc ProcessRecord{f0a7fa9 4484:com.android.settings:CryptKeeper/1000}?!? Using null instead.
01-23 01:06:36.211  1863  4534 W ActivityManager: Wtf, activity ActivityRecord{a030126 u0 com.android.settings/.CryptKeeper t1 f} in proc activity list not using proc ProcessRecord{f0a7fa9 4484:com.android.settings:CryptKeeper/1000}?!? Using null instead.
01-23 01:06:36.216  1863  3738 W ActivityManager: Wtf, activity ActivityRecord{a030126 u0 com.android.settings/.CryptKeeper t1 f} in proc activity list not using proc ProcessRecord{f0a7fa9 4484:com.android.settings:CryptKeeper/1000}?!? Using null instead.
01-23 01:06:36.220  1863  3828 W ActivityManager: Wtf, activity ActivityRecord{a030126 u0 com.android.settings/.CryptKeeper t1 f} in proc activity list not using proc ProcessRecord{f0a7fa9 4484:com.android.settings:CryptKeeper/1000}?!? Using null instead.
01-23 01:06:36.231  1863  1963 W ActivityManager: Wtf, activity ActivityRecord{a030126 u0 com.android.settings/.CryptKeeper t1 f} in proc activity list not using proc ProcessRecord{f0a7fa9 4484:com.android.settings:CryptKeeper/1000}?!? Using null instead.
01-23 01:06:36.238  1863  3828 W ActivityManager: Wtf, activity ActivityRecord{a030126 u0 com.android.settings/.CryptKeeper t1 f} in proc activity list not using proc ProcessRecord{f0a7fa9 4484:com.android.settings:CryptKeeper/1000}?!? Using null instead.
01-23 01:06:36.268  1863  1963 W ActivityManager: Wtf, activity ActivityRecord{a030126 u0 com.android.settings/.CryptKeeper t1 f} in proc activity list not using proc ProcessRecord{f0a7fa9 4484:com.android.settings:CryptKeeper/1000}?!? Using null instead.
01-23 01:06:36.268  1863  1963 I ActivityManager: Killing 4363:org.cyanogenmod.themes.provider/u0a20 (adj 15): empty #17
01-23 01:06:36.342  1863  3829 W ActivityManager: Wtf, activity ActivityRecord{a030126 u0 com.android.settings/.CryptKeeper t1 f} in proc activity list not using proc ProcessRecord{f0a7fa9 4484:com.android.settings:CryptKeeper/1000}?!? Using null instead.
01-23 01:06:36.353  1863  4480 W ActivityManager: Wtf, activity ActivityRecord{a030126 u0 com.android.settings/.CryptKeeper t1 f} in proc activity list not using proc ProcessRecord{f0a7fa9 4484:com.android.settings:CryptKeeper/1000}?!? Using null instead.
01-23 01:06:36.353  1863  4480 I ActivityManager: Killing 4484:com.android.settings:CryptKeeper/1000 (adj 15): empty #17
01-23 01:06:36.534  1863  3636 D ConnectivityService: Got NetworkFactory Messenger for WIFI
01-23 01:06:36.534  1863  3636 D ConnectivityService: Got NetworkFactory Messenger for WIFI_UT
01-23 01:06:36.613  1863  4515 I ActivityManager: Start proc 5277:com.cyanogenmod.updater/u0a2 for broadcast com.cyanogenmod.updater/.receiver.UpdateCheckReceiver
01-23 01:06:36.665  1863  4521 I ActivityManager: Killing 4565:com.google.process.gapps/u0a68 (adj 15): empty #17
01-23 01:06:37.031  1863  3828 I ActivityManager: Start proc 5303:com.android.managedprovisioning/u0a11 for broadcast com.android.managedprovisioning/.BootReminder
01-23 01:06:37.111  1863  1962 I ActivityManager: Killing 4528:com.android.externalstorage/u0a10 (adj 15): empty #17
01-23 01:06:37.334  1863  1863 I Telecom : PhoneAccountRegistrar: SimCallManager queried, returning: null
01-23 01:06:37.529  1863  3738 I ActivityManager: Start proc 5340:com.android.settings/1000 for broadcast com.android.settings/.cmstats.ReportingServiceManager
01-23 01:06:37.833  1863  4480 I ActivityManager: Start proc 5355:com.cyanogenmod.trebuchet/u0a21 for broadcast com.cyanogenmod.trebuchet/com.android.launcher3.StartupReceiver
01-23 01:06:38.154  1863  1963 I ActivityManager: Killing 4514:com.android.printspooler/u0a59 (adj 15): empty #17
01-23 01:06:38.457  1863  4515 I ActivityManager: Start proc 5378:com.google.android.onetimeinitializer/u0a25 for broadcast com.google.android.onetimeinitializer/.OneTimeInitializerReceiver
01-23 01:06:38.459  1863  4515 I ActivityManager: Killing 4985:com.android.exchange/u0a44 (adj 15): empty #17
01-23 01:06:38.614  1863  1963 I ActivityManager: Start proc 5393:com.google.android.partnersetup/u0a26 for broadcast com.google.android.partnersetup/.GooglePartnerSetup
01-23 01:06:38.684  1863  4480 I ActivityManager: Killing 5036:com.android.carrierconfig/u0a5 (adj 15): empty #17
01-23 01:06:39.160  4463  4463 D MccTable: updateMccMncConfiguration mccmnc='26207' fromServiceState=false
01-23 01:06:39.161  4463  4463 D MccTable: updateMccMncConfiguration defaultMccMnc=
01-23 01:06:39.161  4463  4463 D MccTable: updateMccMncConfiguration: mcc=262, mnc=7
01-23 01:06:39.200  4463  4463 D MccTable: timezone set to Europe/Berlin
01-23 01:06:39.200  4463  4463 D MccTable: updateMccMncConfiguration updateConfig config={1.0 262mcc7mnc ?locale ?layoutDir ?swdp ?wdp ?hdp ?density ?lsize ?long ?orien ?uimode ?night ?touch ?keyb/?/? ?nav/? themeResource=null}
01-23 01:06:39.204  1863  3828 I ActivityManager: Config changes=3 {1.0 262mcc7mnc de_DE ldltr sw360dp w360dp h568dp 320dpi nrml port finger -keyb/v/h -nav/h s.8 themeResource=themes:{}}
01-23 01:06:39.994  1863  3635 D WifiService: New client listening to asynchronous messages
01-23 01:06:39.998  1863  3828 D WifiService: setWifiEnabled: true pid=4603, uid=1000
01-23 01:06:39.998  1863  3828 E WifiService: Invoking mWifiStateMachine.setWifiEnabled
01-23 01:06:40.046  1863  3829 I ActivityManager: START u0 {act=com.android.net.wifi.SETUP_WIFI_NETWORK cmp=com.android.settings/.wifi.WifiSetupActivity (has extras)} from uid 1000 on display 0
01-23 01:06:40.471  1863  3635 D WifiService: New client listening to asynchronous messages
01-23 01:06:41.410  1863  3738 I Telecom : PhoneAccountRegistrar: [ComponentInfo{com.android.phone/com.android.services.telephony.TelephonyConnectionService}, [356a192b7913b04c54574d18c28d46e6395428ab], UserHandle{0}(addr: tel:************** -> tel:)(icon: Icon(typ=BITMAP size=38x48) -> Icon(typ=BITMAP size=38x48))(subAddr: tel:************** -> tel:)]
01-23 01:06:41.503  1863  3738 I Telecom : : Sending phone-account intent as user
01-23 01:06:41.540  1863  4574 W Telecom : : No account found for the calling user
01-23 01:06:42.020  1863  4574 I Telecom : PhoneAccountRegistrar: [ComponentInfo{com.android.phone/com.android.services.telephony.TelephonyConnectionService}, [356a192b7913b04c54574d18c28d46e6395428ab], UserHandle{0}(icon: Icon(typ=BITMAP size=38x48) -> Icon(typ=BITMAP size=38x48))]
01-23 01:06:42.080  1863  4459 D PackageManager: Ignoring attempt to set enabled state of disabled component com.google.android.gms/com.google.android.gms.update.SystemUpdateService$ActiveReceiver
01-23 01:06:42.169  1863  1965 E KernelUidCpuTimeReader: Failed to read uid_cputime: /proc/uid_cputime/show_uid_stat: open failed: ENOENT (No such file or directory)
01-23 01:06:42.171  1863  1967 E KernelUidCpuTimeReader: Failed to read uid_cputime: /proc/uid_cputime/show_uid_stat: open failed: ENOENT (No such file or directory)
01-23 01:06:42.234  1863  4574 I Telecom : : Sending phone-account intent as user
01-23 01:06:42.252  1863  4574 W Telecom : : No account found for the calling user
01-23 01:06:42.266  1863  4480 I Telecom : PhoneAccountRegistrar: [ComponentInfo{com.android.phone/com.android.services.telephony.TelephonyConnectionService}, [356a192b7913b04c54574d18c28d46e6395428ab], UserHandle{0}(icon: Icon(typ=BITMAP size=38x48) -> Icon(typ=BITMAP size=38x48))]
01-23 01:06:42.319  1863  4480 I Telecom : : Sending phone-account intent as user
01-23 01:06:42.338  1863  3826 I Telecom : PhoneAccountRegistrar: [ComponentInfo{com.android.phone/com.android.services.telephony.TelephonyConnectionService}, [356a192b7913b04c54574d18c28d46e6395428ab], UserHandle{0}(icon: Icon(typ=BITMAP size=38x48) -> Icon(typ=BITMAP size=38x48))]
01-23 01:06:42.437  1863  3826 I Telecom : : Sending phone-account intent as user
01-23 01:06:42.473  4463  4463 D MccTable: updateMccMncConfiguration mccmnc='26207' fromServiceState=false
01-23 01:06:42.475  4463  4463 D MccTable: updateMccMncConfiguration defaultMccMnc=26207
01-23 01:06:42.475  4463  4463 D MccTable: updateMccMncConfiguration: mcc=262, mnc=7
01-23 01:06:42.475  4463  4463 D MccTable: updateMccMncConfiguration updateConfig config={1.0 262mcc7mnc ?locale ?layoutDir ?swdp ?wdp ?hdp ?density ?lsize ?long ?orien ?uimode ?night ?touch ?keyb/?/? ?nav/? themeResource=null}
01-23 01:06:43.630  4463  4463 D MccTable: updateMccMncConfiguration mccmnc='26207' fromServiceState=false
01-23 01:06:43.632  4463  4463 D MccTable: updateMccMncConfiguration defaultMccMnc=26207
01-23 01:06:43.633  4463  4463 D MccTable: updateMccMncConfiguration: mcc=262, mnc=7
01-23 01:06:43.633  4463  4463 D MccTable: updateMccMncConfiguration updateConfig config={1.0 262mcc7mnc ?locale ?layoutDir ?swdp ?wdp ?hdp ?density ?lsize ?long ?orien ?uimode ?night ?touch ?keyb/?/? ?nav/? themeResource=null}
01-23 01:06:44.446  4463  4463 D MccTable: updateMccMncConfiguration mccmnc='26207' fromServiceState=true
01-23 01:06:44.450  4463  4463 D MccTable: updateMccMncConfiguration defaultMccMnc=26207
01-23 01:06:44.450  4463  4463 D MccTable: updateMccMncConfiguration: mcc=262, mnc=7
01-23 01:06:44.450  4463  4463 D MccTable: WIFI_COUNTRY_CODE set to de
01-23 01:06:44.450  1863  3826 I WifiService: WifiService trying to set country code to de with persist set to true
01-23 01:06:44.607  1863  1963 I Telecom : PhoneAccountRegistrar: [ComponentInfo{com.android.phone/com.android.services.telephony.TelephonyConnectionService}, [356a192b7913b04c54574d18c28d46e6395428ab], UserHandle{0}(icon: Icon(typ=BITMAP size=38x48) -> Icon(typ=BITMAP size=38x48))(lbl: FONIC -> )(desc: FONIC -> )]
01-23 01:06:44.631  1863  1963 I Telecom : : Sending phone-account intent as user
01-23 01:06:44.638  1863  4534 W Telecom : : No account found for the calling user
01-23 01:06:44.844  1863  4534 I Telecom : PhoneAccountRegistrar: [ComponentInfo{com.android.phone/com.android.services.telephony.TelephonyConnectionService}, [356a192b7913b04c54574d18c28d46e6395428ab], UserHandle{0}(icon: Icon(typ=BITMAP size=38x48) -> Icon(typ=BITMAP size=38x48))]
01-23 01:06:44.850  1863  3827 I ActivityManager: Start proc 5524:com.google.android.configupdater/u0a28 for broadcast com.google.android.configupdater/.CertPin.CertPinUpdateRequestReceiver
01-23 01:06:44.860  1863  4534 I Telecom : : Sending phone-account intent as user
01-23 01:06:44.959  1863  3826 W Telecom : : No account found for the calling user
01-23 01:06:44.978  1863  3829 I ActivityManager: Start proc 5540:com.android.carrierconfig/u0a5 for service com.android.carrierconfig/.DefaultCarrierConfigService
01-23 01:06:45.402  1863  3760 I Telecom : PhoneAccountRegistrar: [ComponentInfo{com.android.phone/com.android.services.telephony.TelephonyConnectionService}, [356a192b7913b04c54574d18c28d46e6395428ab], UserHandle{0}(icon: Icon(typ=BITMAP size=38x48) -> Icon(typ=BITMAP size=38x48))]
01-23 01:06:45.428  1863  3760 I Telecom : : Sending phone-account intent as user
01-23 01:06:45.435  1863  4515 W Telecom : : No account found for the calling user
01-23 01:06:45.455  1863  4515 I Telecom : PhoneAccountRegistrar: [ComponentInfo{com.android.phone/com.android.services.telephony.TelephonyConnectionService}, [356a192b7913b04c54574d18c28d46e6395428ab], UserHandle{0}(icon: Icon(typ=BITMAP size=38x48) -> Icon(typ=BITMAP size=38x48))]
01-23 01:06:45.476  1863  4515 I Telecom : : Sending phone-account intent as user
01-23 01:06:45.484  1863  4480 W Telecom : : No account found for the calling user
01-23 01:06:45.799  1863  4515 I Telecom : PhoneAccountRegistrar: [ComponentInfo{com.android.phone/com.android.services.telephony.TelephonyConnectionService}, [356a192b7913b04c54574d18c28d46e6395428ab], UserHandle{0}(icon: Icon(typ=BITMAP size=38x48) -> Icon(typ=BITMAP size=38x48))]
01-23 01:06:45.817  1863  4515 I Telecom : : Sending phone-account intent as user
01-23 01:06:45.821  1863  3760 I Telecom : PhoneAccountRegistrar: [ComponentInfo{com.android.phone/com.android.services.telephony.TelephonyConnectionService}, [356a192b7913b04c54574d18c28d46e6395428ab], UserHandle{0}(icon: Icon(typ=BITMAP size=38x48) -> Icon(typ=BITMAP size=38x48))]
01-23 01:06:45.848  1863  3760 I Telecom : : Sending phone-account intent as user
01-23 01:06:45.859  1863  3828 I Telecom : PhoneAccountRegistrar: [ComponentInfo{com.android.phone/com.android.services.telephony.TelephonyConnectionService}, [356a192b7913b04c54574d18c28d46e6395428ab], UserHandle{0}(icon: Icon(typ=BITMAP size=38x48) -> Icon(typ=BITMAP size=38x48))]
01-23 01:06:45.877  1863  3828 I Telecom : : Sending phone-account intent as user
01-23 01:06:45.988  1863  4397 I Telecom : PhoneAccountRegistrar: [ComponentInfo{com.android.phone/com.android.services.telephony.TelephonyConnectionService}, [356a192b7913b04c54574d18c28d46e6395428ab], UserHandle{0}(icon: Icon(typ=BITMAP size=38x48) -> Icon(typ=BITMAP size=38x48))]
01-23 01:06:46.018  1863  4397 I Telecom : : Sending phone-account intent as user
01-23 01:06:46.869  1863  1863 I Telecom : PhoneAccountRegistrar: SimCallManager queried, returning: null
01-23 01:06:47.565  1863  4397 I ActivityManager: Killing 5115:com.android.deskclock/u0a39 (adj 15): empty #17
01-23 01:06:47.701  1863  3826 I ActivityManager: Start proc 5572:com.android.camera2/u0a36 for broadcast com.android.camera2/com.android.camera.DisableCameraReceiver
01-23 01:06:47.902  1863  3760 D ConnectivityService: registerNetworkAgent NetworkAgentInfo{ ni{[type: MOBILE[HSPA], state: CONNECTED/CONNECTED, reason: connected, extra: internet, roaming: false, failover: false, isAvailable: true]}  network{100}  lp{{InterfaceName: rmnet0 LinkAddresses: [10.52.165.114/30,]  Routes: [0.0.0.0/0 -> 10.52.165.113 rmnet0,] DnsAddresses: [193.189.244.206,193.189.244.225,] Domains: null MTU: 1500 TcpBufferSizes: 40778,244668,734003,16777,100663,301990}}  nc{[ Transports: CELLULAR Capabilities: MMS&SUPL&INTERNET&NOT_RESTRICTED&TRUSTED&NOT_VPN LinkUpBandwidth>=5898Kbps LinkDnBandwidth>=14336Kbps Specifier: <1>]}  Score{10}  everValidated{false}  lastValidated{false}  created{false} lingering{false} explicitlySelected{false} acceptUnvalidated{false} everCaptivePortalDetected{false} lastCaptivePortalDetected{false} }
01-23 01:06:47.913  1863  3636 D ConnectivityService: NetworkAgentInfo [MOBILE (HSPA) - 100] EVENT_NETWORK_INFO_CHANGED, going from null to CONNECTED
01-23 01:06:47.920  1863  3636 D ConnectivityService: Adding iface rmnet0 to network 100
01-23 01:06:47.930  1863  3738 D ConnectivityService: setProvNotificationVisible: E visible=false networkType=0 action=com.android.internal.telephony.PROVISION0
01-23 01:06:47.969  1863  3738 D ConnectivityService: setProvNotificationVisibleIntent SIGN_IN visible=false networkType=MOBILE extraInfo=null highPriority=false
01-23 01:06:48.273  1863  3636 D ConnectivityService: Setting MTU size: rmnet0, 1500
01-23 01:06:48.274  1863  3636 D ConnectivityService: Adding Route [0.0.0.0/0 -> 10.52.165.113 rmnet0] to network 100
01-23 01:06:48.278  1863  3636 D ConnectivityService: Setting Dns servers for network 100 to [/193.189.244.206, /193.189.244.225]
01-23 01:06:48.296  1863  3636 D ConnectivityService: notifyType IP_CHANGED for NetworkAgentInfo [MOBILE (HSPA) - 100]
01-23 01:06:48.302  1863  3636 D ConnectivityService: scheduleUnvalidatedPrompt 100
01-23 01:06:48.302  1863  3636 D ConnectivityService: updateSignalStrengthThresholds: CONNECT, sending [] to NetworkAgentInfo [MOBILE (HSPA) - 100]
01-23 01:06:48.303  1863  3636 D ConnectivityService: rematch for NetworkAgentInfo [MOBILE (HSPA) - 100]
01-23 01:06:48.303  1863  3636 D ConnectivityService:    accepting network in place of null
01-23 01:06:48.305  1863  3636 D ConnectivityService: Switching to new default network: NetworkAgentInfo{ ni{[type: MOBILE[HSPA], state: CONNECTED/CONNECTED, reason: connected, extra: internet, roaming: false, failover: false, isAvailable: true]}  network{100}  lp{{InterfaceName: rmnet0 LinkAddresses: [10.52.165.114/30,]  Routes: [0.0.0.0/0 -> 10.52.165.113 rmnet0,] DnsAddresses: [193.189.244.206,193.189.244.225,] Domains: null MTU: 1500 TcpBufferSizes: 40778,244668,734003,16777,100663,301990}}  nc{[ Transports: CELLULAR Capabilities: MMS&SUPL&INTERNET&NOT_RESTRICTED&TRUSTED&NOT_VPN LinkUpBandwidth>=5898Kbps LinkDnBandwidth>=14336Kbps Specifier: <1>]}  Score{10}  everValidated{false}  lastValidated{false}  created{true} lingering{false} explicitlySelected{false} acceptUnvalidated{false} everCaptivePortalDetected{false} lastCaptivePortalDetected{false} }
01-23 01:06:48.406  1863  3636 D ConnectivityService: Setting tx/rx TCP buffers to 40778,244668,734003,16777,100663,301990
01-23 01:06:48.415  1863  3636 D CSLegacyTypeTracker: Sending CONNECTED broadcast for type 0 NetworkAgentInfo [MOBILE (HSPA) - 100] isDefaultNetwork=true
01-23 01:06:48.415  1863  3636 D ConnectivityService: sendStickyBroadcast: action=android.net.conn.CONNECTIVITY_CHANGE
01-23 01:06:48.423  1863  3636 D ConnectivityService: notifyType PRECHECK for NetworkAgentInfo [MOBILE (HSPA) - 100]
01-23 01:06:48.439  1863  3636 D ConnectivityService: setProvNotificationVisibleIntent null visible=false networkType=MOBILE extraInfo=null highPriority=false
01-23 01:06:48.444  1863  3636 D ConnectivityService: NetworkAgentInfo [MOBILE (HSPA) - 100] validation  passed
01-23 01:06:48.445  1863  3636 D ConnectivityService: notifyType CAP_CHANGED for NetworkAgentInfo [MOBILE (HSPA) - 100]
01-23 01:06:48.445  1863  3636 D ConnectivityService: sendStickyBroadcast: action=android.net.conn.INET_CONDITION_ACTION
01-23 01:06:48.698  1863  3827 I ActivityManager: Start proc 5631:com.android.deskclock/u0a39 for broadcast com.android.deskclock/.AlarmInitReceiver
01-23 01:06:48.700  1863  3827 I ActivityManager: Killing 4590:com.cyanogenmod.eleven/u0a41 (adj 15): empty #17
01-23 01:06:49.013  1863  4534 W SettingsProvider: You shouldn't keep your settings in the secure settings. This will soon become an error.
01-23 01:06:49.035  1863  3738 W SettingsProvider: You shouldn't keep your settings in the secure settings. This will soon become an error.
01-23 01:06:49.049  1863  3760 W SettingsProvider: You shouldn't keep your settings in the secure settings. This will soon become an error.
01-23 01:06:49.080  1863  4397 I ActivityManager: Start proc 5648:org.cyanogenmod.profiles/u0a60 for broadcast org.cyanogenmod.profiles/.StartUpReceiver
01-23 01:06:49.095  1863  3827 I ActivityManager: Start proc 5653:com.android.exchange/u0a44 for service com.android.exchange/.service.EasService
01-23 01:06:49.307  4971  4971 E ActivityThread: Service com.android.email.service.EmailBroadcastProcessorService has leaked ServiceConnection com.android.emailcommon.service.ServiceProxy$ProxyConnection@be348bb that was originally bound here
01-23 01:06:49.307  4971  4971 E ActivityThread: android.app.ServiceConnectionLeaked: Service com.android.email.service.EmailBroadcastProcessorService has leaked ServiceConnection com.android.emailcommon.service.ServiceProxy$ProxyConnection@be348bb that was originally bound here
01-23 01:06:49.307  4971  4971 E ActivityThread: 	at android.app.LoadedApk$ServiceDispatcher.<init>(LoadedApk.java:1093)
01-23 01:06:49.307  4971  4971 E ActivityThread: 	at android.app.LoadedApk.getServiceDispatcher(LoadedApk.java:987)
01-23 01:06:49.307  4971  4971 E ActivityThread: 	at android.app.ContextImpl.bindServiceCommon(ContextImpl.java:1315)
01-23 01:06:49.307  4971  4971 E ActivityThread: 	at android.app.ContextImpl.bindService(ContextImpl.java:1298)
01-23 01:06:49.307  4971  4971 E ActivityThread: 	at android.content.ContextWrapper.bindService(ContextWrapper.java:610)
01-23 01:06:49.307  4971  4971 E ActivityThread: 	at com.android.emailcommon.service.ServiceProxy.setTask(ServiceProxy.java:189)
01-23 01:06:49.307  4971  4971 E ActivityThread: 	at com.android.emailcommon.service.ServiceProxy.test(ServiceProxy.java:234)
01-23 01:06:49.307  4971  4971 E ActivityThread: 	at com.android.email.service.EmailServiceUtils.isServiceAvailable(EmailServiceUtils.java:160)
01-23 01:06:49.307  4971  4971 E ActivityThread: 	at com.android.email.provider.AccountReconciler.reconcileAccountsInternal(AccountReconciler.java:171)
01-23 01:06:49.307  4971  4971 E ActivityThread: 	at com.android.email.provider.AccountReconciler.reconcileAccounts(AccountReconciler.java:115)
01-23 01:06:49.307  4971  4971 E ActivityThread: 	at com.android.email.service.EmailBroadcastProcessorService.reconcileAndStartServices(EmailBroadcastProcessorService.java:309)
01-23 01:06:49.307  4971  4971 E ActivityThread: 	at com.android.email.service.EmailBroadcastProcessorService.onBootCompleted(EmailBroadcastProcessorService.java:295)
01-23 01:06:49.307  4971  4971 E ActivityThread: 	at com.android.email.service.EmailBroadcastProcessorService.onHandleIntent(EmailBroadcastProcessorService.java:130)
01-23 01:06:49.307  4971  4971 E ActivityThread: 	at android.app.IntentService$ServiceHandler.handleMessage(IntentService.java:66)
01-23 01:06:49.307  4971  4971 E ActivityThread: 	at android.os.Handler.dispatchMessage(Handler.java:102)
01-23 01:06:49.307  4971  4971 E ActivityThread: 	at android.os.Looper.loop(Looper.java:148)
01-23 01:06:49.307  4971  4971 E ActivityThread: 	at android.os.HandlerThread.run(HandlerThread.java:61)
01-23 01:06:49.383  1863  4515 I ActivityManager: Killing 5247:com.android.keychain/1000 (adj 15): empty #17
01-23 01:06:49.468  1863  3738 I ActivityManager: Start proc 5676:com.android.messaging/u0a65 for broadcast com.android.messaging/.receiver.BootAndPackageReplacedReceiver
01-23 01:06:49.571  1863  4521 I ActivityManager: Killing 5242:com.android.dialer/u0a8 (adj 15): empty #17
01-23 01:06:49.891  1863  1962 I ActivityManager: Start proc 5695:com.google.process.gapps/u0a68 for broadcast com.google.android.syncadapters.contacts/.ContactsSyncAdapterBroadcastReceiver
01-23 01:06:50.043  1863  3636 D ConnectivityService: notifyType CAP_CHANGED for NetworkAgentInfo [MOBILE (HSPA) - 100]
01-23 01:06:50.043  1863  3636 D ConnectivityService: Setting tx/rx TCP buffers to 122334,734003,2202010,32040,192239,576717
01-23 01:06:50.055  1863  3636 D ConnectivityService: notifyType IP_CHANGED for NetworkAgentInfo [MOBILE (HSPA+) - 100]
01-23 01:06:50.158  1863  4515 D MmsServiceBroker: getCarrierConfigValues() by com.android.messaging
01-23 01:06:50.158  1863  4515 W MmsServiceBroker: MmsService not connected. Try connecting...
01-23 01:06:50.158  1863  1863 I MmsServiceBroker: Connecting to MmsService
01-23 01:06:50.158  1863  1863 W ContextImpl: Calling a method in the system process without a qualified user: android.app.ContextImpl.bindService:1297 com.android.server.MmsServiceBroker.tryConnecting:240 com.android.server.MmsServiceBroker.-wrap3:-1 com.android.server.MmsServiceBroker$1.handleMessage:82 android.os.Handler.dispatchMessage:102 
01-23 01:06:50.182  1863  1863 I MmsServiceBroker: MmsService connected
01-23 01:06:50.253  1863  3760 D MmsServiceBroker: getCarrierConfigValues() by com.android.messaging
01-23 01:06:50.262  1863  3737 D PackageManager: Ignoring attempt to set enabled state of disabled component com.google.android.gsf/com.google.android.gsf.update.SystemUpdateActivity
01-23 01:06:50.262  1863  3829 D PackageManager: Ignoring attempt to set enabled state of disabled component com.google.android.gsf/com.google.android.gsf.update.SystemUpdateService$SecretCodeReceiver
01-23 01:06:50.262  1863  4534 D PackageManager: Ignoring attempt to set enabled state of disabled component com.google.android.gsf/com.google.android.gsf.update.SystemUpdateService$Receiver
02-10 21:41:54.539  1863  3632 I NetworkPolicy: No policy for subscriber 262075...; generating default policy
02-10 21:41:54.859  1863  3738 I ActivityManager: Killing 5303:com.android.managedprovisioning/u0a11 (adj 15): empty #17
02-10 21:41:54.911  1863  4521 D MmsServiceBroker: getCarrierConfigValues() by com.android.messaging
02-10 21:41:55.594  1863  1964 I UsageStatsService: User[0] Flushing usage stats to disk
02-10 21:41:55.744  1863  3738 I ActivityManager: Killing 5378:com.google.android.onetimeinitializer/u0a25 (adj 15): empty #17
02-10 21:41:55.908  1863  1964 I UsageStatsDatabase: Time changed by +16819d20h35m3s939ms. files deleted: 0 files moved: 4
02-10 21:41:56.064  1863  1963 D CountryDetector: The first listener is added
02-10 21:41:56.073  5340  5876 W ActivityThread: ClassLoader.loadClass: The class loader returned by Thread.getContextClassLoader() may fail for processes that host multiple applications. You should explicitly specify a context class loader. For example: Thread.setContextClassLoader(getClass().getClassLoader());
02-10 21:41:56.094  1863  4515 I ActivityManager: Start proc 5880:com.android.cellbroadcastreceiver/u0a6 for broadcast com.android.cellbroadcastreceiver/.CellBroadcastReceiver
02-10 21:41:56.148  1863  1964 I UsageStatsService: User[0] Rollover scheduled @ 2016-02-11 00:00:00(1455148800000)
02-10 21:41:56.249  1863  1965 I ActivityManager: Waited long enough for: ServiceRecord{2c24e8f u0 com.android.providers.media/.MediaScannerService}
02-10 21:41:56.737  1863  3737 W ActivityManager: Unable to start service Intent { act=INITIALIZE_SUBSCRIPTIONS cmp=com.google.android.gms/.nearby.sharing.NearbySharingIntentService } U=0: not found
02-10 21:41:56.740  1863  3760 I ActivityManager: Killing 5355:com.cyanogenmod.trebuchet/u0a21 (adj 15): empty #17
02-10 21:41:58.905  4657  5975 W ActivityThread: ClassLoader.loadClass: The class loader returned by Thread.getContextClassLoader() may fail for processes that host multiple applications. You should explicitly specify a context class loader. For example: Thread.setContextClassLoader(getClass().getClassLoader());
02-10 21:41:59.052  1863  4480 I ActivityManager: Start proc 5979:com.google.android.setupwizard/u0a13 for broadcast com.google.android.setupwizard/.util.GservicesChangedReceiver
02-10 21:41:59.421  1863  1962 I ActivityManager: Killing 5540:com.android.carrierconfig/u0a5 (adj 15): empty #17
02-10 21:42:00.118  1863  3635 D WifiService: New client listening to asynchronous messages
02-10 21:42:00.172  4797  5996 E ActivityThread: Failed to find provider info for com.google.android.wearable.settings
02-10 21:42:00.209  1863  1976 I ActivityManager:   Force stopping service ServiceRecord{dd73512 u0 com.google.android.gms/.analytics.service.AnalyticsService}
02-10 21:42:00.246  1863  3636 D ConnectivityService: handlePromptUnvalidated 100
02-10 21:42:00.799  1863  1964 I UsageStatsService: User[0] Flushing usage stats to disk
02-10 21:42:00.944  1863  1964 I UsageStatsDatabase: Time changed by -2s115ms. files deleted: 0 files moved: 5
02-10 21:42:00.986  1863  1964 I UsageStatsService: User[0] Rollover scheduled @ 2016-02-11 00:00:00(1455148800000)
02-10 21:42:01.086  1863  4397 I ActivityManager: Start proc 6109:com.google.android.gms.ui/u0a12 for broadcast com.google.android.gms/.mdm.receivers.MdmDeviceAdminReceiver
02-10 21:42:01.514  1863  4459 I ActivityManager: Start proc 6073:com.google.android.gms.unstable/u0a12 for service com.google.android.gms/.droidguard.DroidGuardService
02-10 21:42:03.614  1863  4515 D ConnectivityService: reportNetworkConnectivity(100, false) by 10012
02-10 21:42:03.614  1863  3636 D ConnectivityService: setProvNotificationVisibleIntent null visible=false networkType=MOBILE extraInfo=null highPriority=false
02-10 21:42:03.615  1863  3636 D ConnectivityService: NetworkAgentInfo [MOBILE (HSPA+) - 100] validation  passed
02-10 21:42:04.595  1863  1965 I ActivityManager: Waited long enough for: ServiceRecord{483f080 u0 com.android.calendar/.alerts.InitAlarmsService}
02-10 21:42:06.019  1863  1965 I ActivityManager: Waited long enough for: ServiceRecord{f6f905e u0 com.android.email/.service.LegacyImapSyncAdapterService}
--------- beginning of main
02-10 21:42:07.874  4657  5338 W MediaProvider: Missing volume for /system/media/audio/ringtones/Growl.ogg; assuming invalid
02-10 21:42:07.877  4657  5338 W MediaProvider: Missing volume for /system/media/audio/ringtones/HalfwayHome.ogg; assuming invalid
02-10 21:42:07.880  4657  5338 W MediaProvider: Missing volume for /system/media/audio/ringtones/Highscore.ogg; assuming invalid
02-10 21:42:07.883  4657  5338 W MediaProvider: Missing volume for /system/media/audio/ringtones/Hydra.ogg; assuming invalid
02-10 21:42:07.889  4657  5338 W MediaProvider: Missing volume for /system/media/audio/ringtones/InsertCoin.ogg; assuming invalid
02-10 21:42:07.893  4657  5338 W MediaProvider: Missing volume for /system/media/audio/ringtones/Kuma.ogg; assuming invalid
02-10 21:42:07.895  4657  5338 W MediaProvider: Missing volume for /system/media/audio/ringtones/LoopyLounge.ogg; assuming invalid
02-10 21:42:07.897  4657  5338 W MediaProvider: Missing volume for /system/media/audio/ringtones/LoveFlute.ogg; assuming invalid
02-10 21:42:07.900  4657  5338 W MediaProvider: Missing volume for /system/media/audio/ringtones/Luna.ogg; assuming invalid
02-10 21:42:07.907  4657  5338 W MediaProvider: Missing volume for /system/media/audio/ringtones/Lyon.ogg; assuming invalid
02-10 21:42:07.912  4657  5338 W MediaProvider: Missing volume for /system/media/audio/ringtones/Lyra.ogg; assuming invalid
02-10 21:42:07.919  4657  5338 W MediaProvider: Missing volume for /system/media/audio/ringtones/Machina.ogg; assuming invalid
02-10 21:42:07.924  4657  5338 W MediaProvider: Missing volume for /system/media/audio/ringtones/MidEvilJaunt.ogg; assuming invalid
02-10 21:42:07.926  4657  5338 W MediaProvider: Missing volume for /system/media/audio/ringtones/Nairobi.ogg; assuming invalid
02-10 21:42:07.928  4657  5338 W MediaProvider: Missing volume for /system/media/audio/ringtones/Nassau.ogg; assuming invalid
02-10 21:42:07.931  4657  5338 W MediaProvider: Missing volume for /system/media/audio/ringtones/NewPlayer.ogg; assuming invalid
02-10 21:42:07.933  4657  5338 W MediaProvider: Missing volume for /system/media/audio/ringtones/No_Limits.ogg; assuming invalid
02-10 21:42:07.938  4657  5338 W MediaProvider: Missing volume for /system/media/audio/ringtones/Noises2.ogg; assuming invalid
02-10 21:42:07.941  4657  5338 W MediaProvider: Missing volume for /system/media/audio/ringtones/Noises3.ogg; assuming invalid
02-10 21:42:07.944  4657  5338 W MediaProvider: Missing volume for /system/media/audio/ringtones/Oberon.ogg; assuming invalid
02-10 21:42:07.946  4657  5338 W MediaProvider: Missing volume for /system/media/audio/ringtones/OrganDub.ogg; assuming invalid
02-10 21:42:07.980  4657  5338 W MediaProvider: Missing volume for /system/media/audio/ringtones/Orion.ogg; assuming invalid
02-10 21:42:08.519  4633  4655 E ELEVEN  : calling refresh!
02-10 21:42:09.821  3883  4012 W NFC-LLC : LLC length mis-match
02-10 21:42:09.889  1863  1962 I ActivityManager: Killing 5524:com.google.android.configupdater/u0a28 (adj 15): empty #17
02-10 21:42:10.617  4657  5338 W MediaScanner: Error opening directory '/oem/media/', skipping: No such file or directory.
02-10 21:42:10.622  4657  5338 W MediaProvider: Missing volume for /system/media/audio/ui; assuming invalid
02-10 21:42:10.660  4657  5338 W MediaProvider: Missing volume for /system/media/bootanimation.zip; assuming invalid
02-10 21:42:10.680  4657  5338 W MediaProvider: Missing volume for /system/media/audio/ringtones/Paradise_Island.ogg; assuming invalid
02-10 21:42:10.683  4657  5338 W MediaProvider: Missing volume for /system/media/audio/ringtones/Pegasus.ogg; assuming invalid
02-10 21:42:10.690  4657  5338 W MediaProvider: Missing volume for /system/media/audio/ringtones/Perseus.ogg; assuming invalid
02-10 21:42:10.697  4657  5338 W MediaProvider: Missing volume for /system/media/audio/ringtones/Phobos.ogg; assuming invalid
02-10 21:42:10.704  4657  5338 W MediaProvider: Missing volume for /system/media/audio/ringtones/Playa.ogg; assuming invalid
02-10 21:42:10.709  4657  5338 W MediaProvider: Missing volume for /system/media/audio/ringtones/Pyxis.ogg; assuming invalid
02-10 21:42:10.713  4657  5338 W MediaProvider: Missing volume for /system/media/audio/ringtones/Rasalas.ogg; assuming invalid
02-10 21:42:10.716  4657  5338 W MediaProvider: Missing volume for /system/media/audio/ringtones/Revelation.ogg; assuming invalid
02-10 21:42:10.722  4657  5338 W MediaProvider: Missing volume for /system/media/audio/ringtones/Rigel.ogg; assuming invalid
02-10 21:42:10.729  4657  5338 W MediaProvider: Missing volume for /system/media/audio/ringtones/Ring_Classic_02.ogg; assuming invalid
02-10 21:42:10.738  4657  5338 W MediaProvider: Missing volume for /system/media/audio/ringtones/Ring_Digital_02.ogg; assuming invalid
02-10 21:42:10.742  4657  5338 W MediaProvider: Missing volume for /system/media/audio/ringtones/Ring_Synth_02.ogg; assuming invalid
02-10 21:42:10.745  4657  5338 W MediaProvider: Missing volume for /system/media/audio/ringtones/Ring_Synth_04.ogg; assuming invalid
02-10 21:42:10.748  4657  5338 W MediaProvider: Missing volume for /system/media/audio/ringtones/Road_Trip.ogg; assuming invalid
02-10 21:42:10.752  4657  5338 W MediaProvider: Missing volume for /system/media/audio/ringtones/Rockin.ogg; assuming invalid
02-10 21:42:10.758  4657  5338 W MediaProvider: Missing volume for /system/media/audio/ringtones/RomancingTheTone.ogg; assuming invalid
02-10 21:42:10.761  4657  5338 W MediaProvider: Missing volume for /system/media/audio/ringtones/Safari.ogg; assuming invalid
02-10 21:42:10.764  4657  5338 W MediaProvider: Missing volume for /system/media/audio/ringtones/Savannah.ogg; assuming invalid
02-10 21:42:10.767  4657  5338 W MediaProvider: Missing volume for /system/media/audio/ringtones/Scarabaeus.ogg; assuming invalid
02-10 21:42:10.775  4657  5338 W MediaProvider: Missing volume for /system/media/audio/ringtones/Sceptrum.ogg; assuming invalid
